Microchip MPLAB XC8 Compiler V2.31

Linker command line:

-W-3 --edf=C:\Program Files\Microchip\xc8\v2.31\pic\dat\en_msgs.txt -cn \
  -h+dist/default/debug\Panneau.X.debug.sym \
  --cmf=dist/default/debug\Panneau.X.debug.cmf -z -Q18F25K80 \
  -oC:\Users\e2043477\AppData\Local\Temp\sdpg.2 --defsym=__MPLAB_BUILD=1 \
  -Mdist/default/debug/Panneau.X.debug.map -E1 -ver=XC8 Compiler \
  --acfsm=1493 -ASTACK=0102h-0E40h -pstack=STACK -ACODE=00h-07FFFh \
  -ACONST=00h-07FFFh -ASMALLCONST=0F00h-0FFFhx113 \
  -AMEDIUMCONST=0F00h-07FFFh -ACOMRAM=01h-05Fh -AABS1=00h-0E40h \
  -ABIGRAM=01h-0E40h -ARAM=060h-0FFh,0100h-01FFhx13,0E00h-0E40h \
  -ABANK0=060h-0FFh -ABANK1=0100h-01FFh -ABANK2=0200h-02FFh \
  -ABANK3=0300h-03FFh -ABANK4=0400h-04FFh -ABANK5=0500h-05FFh \
  -ABANK6=0600h-06FFh -ABANK7=0700h-07FFh -ABANK8=0800h-08FFh \
  -ABANK9=0900h-09FFh -ABANK10=0A00h-0AFFh -ABANK11=0B00h-0BFFh \
  -ABANK12=0C00h-0CFFh -ABANK13=0D00h-0DFFh -ABANK14=0E00h-0E40h \
  -ASFR=0E41h-0EFFh,0F00h-0F5Fh,0F60h-0FFFh -ACONFIG=0300000h-030000Dh \
  -AIDLOC=0200000h-0200007h -AEEDATA=0F00000h-0F003FFh -peeprom_data=EEDATA \
  -preset_vec=00h,intcode=08h,intcodelo,powerup,init -pramtop=0F00h \
  -psmallconst=SMALLCONST -pmediumconst=MEDIUMCONST -pconst=CONST \
  -AFARRAM=00h-00h \
  -prdata=COMRAM,nvrram=COMRAM,nvbit=COMRAM,rbss=COMRAM,rbit=COMRAM \
  -pfarbss=FARRAM,fardata=FARRAM,nvFARRAM=FARRAM \
  -pintsave_regs=BIGRAM,bigbss=BIGRAM,bigdata=BIGRAM -pbss=RAM \
  -pidata=CODE,irdata=CODE,ibigdata=CODE,ifardata=CODE -prparam=COMRAM \
  C:\Users\e2043477\AppData\Local\Temp\sdpg.o \
  dist/default/debug\Panneau.X.debug.o 

Object code version is 3.11

Machine type is 18F25K80



                Name                               Link     Load   Length Selector   Space Scale
C:\Users\e2043477\AppData\Local\Temp\sdpg.o
                idloc                            200000   200000        8        0       5
                config                           300000   300000        E        0       4
                init                                 DC       DC        4        4       0
                reset_vec                             0        0        4        0       0
dist/default/debug\Panneau.X.debug.o
                intcode                               8        8       D4        4       0
                idloc                            200000   200000        8        0       5
                config                           300000   300000        E        0       4
                temp                                 59       59        1        1       1
                smallconst                          F00      F00       4C      780       0
                text71                             2EB0     2EB0        2     1754       0
                text70                             2DB8     2DB8       1C      7A6       0
                text69                             2B68     2B68       30      7A6       0
                text68                             2A72     2A72       36      7A6       0
                text67                             2EAE     2EAE        2     1754       0
                text66                             15AC     15AC      23E      7A6       0
                text65                             2B38     2B38       30      7A6       0
                text64                             2CEA     2CEA       28      7A6       0
                text63                             2922     2922       3A      7A6       0
                text62                             2EAC     2EAC        2     1754       0
                text61                             2B08     2B08       30      7A6       0
                text60                             2BC6     2BC6       2E      7A6       0
                text59                             2EAA     2EAA        2     1754       0
                text58                             2DEE     2DEE       1A      7A6       0
                text57                             2AD8     2AD8       30      7A6       0
                text56                             2CC2     2CC2       28      7A6       0
                text55                             28E8     28E8       3A      7A6       0
                text54                             2C48     2C48       2A      7A6       0
                text53                             226A     226A      114      7A6       0
                text52                             19E2     19E2      1A8      7A6       0
                text51                             2EA8     2EA8        2     1754       0
                text50                             2AA8     2AA8       30      7A6       0
                text49                             2B98     2B98       2E      7A6       0
                text47                             2E90     2E90        A      7A6       0
                text46                             2E86     2E86        A      7A6       0
                text45                             2E7C     2E7C        A      7A6       0
                text44                             27F8     27F8       40      7A6       0
                text43                             2EA0     2EA0        4      7A6       0
                text42                             2E1E     2E1E       12      7A6       0
                text41                             2C1E     2C1E       2A      7A6       0
                text40                             2E72     2E72        A      7A6       0
                text39                             2A04     2A04       38      7A6       0
                text38                             2E68     2E68        A      7A6       0
                text37                             28AE     28AE       3A      7A6       0
                text36                             2E5E     2E5E        A      7A6       0
                text35                             2D9A     2D9A       1E      7A6       0
                text34                             2E54     2E54        A      7A6       0
                text33                             2874     2874       3A      7A6       0
                text32                             2E4A     2E4A        A      7A6       0
                text31                             2D7C     2D7C       1E      7A6       0
                text30                             2D38     2D38       26      7A6       0
                text29                             1E9A     1E9A      17E      7A6       0
                text28                             2E08     2E08       16      7A6       0
                text27                             2E30     2E30       10      7A6       0
                text26                             2018     2018      13E      7A6       0
                text25                             2BF4     2BF4       2A      7A6       0
                text24                             2156     2156      114      7A6       0
                text23                             2D12     2D12       26      7A6       0
                text22                             29CC     29CC       38      7A6       0
                text21                             2762     2762       52      7A6       0
                text20                             1B8A     1B8A      190      7A6       0
                text19                             2838     2838       3C      7A6       0
                text18                             2994     2994       38      7A6       0
                text17                             2E40     2E40        A      7A6       0
                text16                             25AC     25AC       96      7A6       0
                text15                             27B4     27B4       44      7A6       0
                text14                             2A3C     2A3C       36      7A6       0
                text13                             2448     2448       C6      7A6       0
                text12                             295C     295C       38      7A6       0
                text11                             2704     2704       5E      7A6       0
                text10                             12D4     12D4      2D8      7A6       0
                text9                               F4C      F4C      388      7A6       0
                text8                              2642     2642       62      7A6       0
                text7                              2C9A     2C9A       28      7A6       0
                text6                              237E     237E       CA      7A6       0
                text5                              2D5E     2D5E       1E      7A6       0
                text4                              1D1A     1D1A      180      7A6       0
                text3                              2C72     2C72       28      7A6       0
                text2                              2DD4     2DD4       1A      7A6       0
                text1                              17EA     17EA      1F8      7A6       0
                text0                              250E     250E       9E      7A6       0
                cstackCOMRAM                          1        1       51        1       1
                cstackBANK0                          BD       BD       25       60       1
                cstackBANK1                         100      100        2      100       1
                dataBANK0                            F9       F9        6       60       1
                bssBANK0                             60       60       5D       60       1
                dataCOMRAM                           56       56        3        1       1
                bssCOMRAM                            52       52        4        1       1
                cinit                              26A4     26A4       60      7A6       0
                nvBANK0                              E2       E2       17       60       1
                idataBANK0                         2E9A     2E9A        6      7A6       0
                idataCOMRAM                        2EA4     2EA4        3      7A6       0

TOTAL           Name                               Link     Load   Length     Space
        CLASS   STACK          

        CLASS   CODE           
                intcode                               8        8       D4         0
                init                                 DC       DC        4         0
                reset_vec                             0        0        4         0
                text71                             2EB0     2EB0        2         0
                text70                             2DB8     2DB8       1C         0
                text69                             2B68     2B68       30         0
                text68                             2A72     2A72       36         0
                text67                             2EAE     2EAE        2         0
                text66                             15AC     15AC      23E         0
                text65                             2B38     2B38       30         0
                text64                             2CEA     2CEA       28         0
                text63                             2922     2922       3A         0
                text62                             2EAC     2EAC        2         0
                text61                             2B08     2B08       30         0
                text60                             2BC6     2BC6       2E         0
                text59                             2EAA     2EAA        2         0
                text58                             2DEE     2DEE       1A         0
                text57                             2AD8     2AD8       30         0
                text56                             2CC2     2CC2       28         0
                text55                             28E8     28E8       3A         0
                text54                             2C48     2C48       2A         0
                text53                             226A     226A      114         0
                text52                             19E2     19E2      1A8         0
                text51                             2EA8     2EA8        2         0
                text50                             2AA8     2AA8       30         0
                text49                             2B98     2B98       2E         0
                text47                             2E90     2E90        A         0
                text46                             2E86     2E86        A         0
                text45                             2E7C     2E7C        A         0
                text44                             27F8     27F8       40         0
                text43                             2EA0     2EA0        4         0
                text42                             2E1E     2E1E       12         0
                text41                             2C1E     2C1E       2A         0
                text40                             2E72     2E72        A         0
                text39                             2A04     2A04       38         0
                text38                             2E68     2E68        A         0
                text37                             28AE     28AE       3A         0
                text36                             2E5E     2E5E        A         0
                text35                             2D9A     2D9A       1E         0
                text34                             2E54     2E54        A         0
                text33                             2874     2874       3A         0
                text32                             2E4A     2E4A        A         0
                text31                             2D7C     2D7C       1E         0
                text30                             2D38     2D38       26         0
                text29                             1E9A     1E9A      17E         0
                text28                             2E08     2E08       16         0
                text27                             2E30     2E30       10         0
                text26                             2018     2018      13E         0
                text25                             2BF4     2BF4       2A         0
                text24                             2156     2156      114         0
                text23                             2D12     2D12       26         0
                text22                             29CC     29CC       38         0
                text21                             2762     2762       52         0
                text20                             1B8A     1B8A      190         0
                text19                             2838     2838       3C         0
                text18                             2994     2994       38         0
                text17                             2E40     2E40        A         0
                text16                             25AC     25AC       96         0
                text15                             27B4     27B4       44         0
                text14                             2A3C     2A3C       36         0
                text13                             2448     2448       C6         0
                text12                             295C     295C       38         0
                text11                             2704     2704       5E         0
                text10                             12D4     12D4      2D8         0
                text9                               F4C      F4C      388         0
                text8                              2642     2642       62         0
                text7                              2C9A     2C9A       28         0
                text6                              237E     237E       CA         0
                text5                              2D5E     2D5E       1E         0
                text4                              1D1A     1D1A      180         0
                text3                              2C72     2C72       28         0
                text2                              2DD4     2DD4       1A         0
                text1                              17EA     17EA      1F8         0
                text0                              250E     250E       9E         0
                cinit                              26A4     26A4       60         0
                idataBANK0                         2E9A     2E9A        6         0
                idataCOMRAM                        2EA4     2EA4        3         0

        CLASS   CONST          

        CLASS   SMALLCONST     
                smallconst                          F00      F00       4C         0

        CLASS   MEDIUMCONST    

        CLASS   COMRAM         
                temp                                 59       59        1         1
                cstackCOMRAM                          1        1       51         1
                dataCOMRAM                           56       56        3         1
                bssCOMRAM                            52       52        4         1

        CLASS   ABS1           

        CLASS   BIGRAM         

        CLASS   RAM            

        CLASS   BANK0          
                cstackBANK0                          BD       BD       25         1
                dataBANK0                            F9       F9        6         1
                bssBANK0                             60       60       5D         1
                nvBANK0                              E2       E2       17         1

        CLASS   BANK1          
                cstackBANK1                         100      100        2         1

        CLASS   BANK2          

        CLASS   BANK3          

        CLASS   BANK4          

        CLASS   BANK5          

        CLASS   BANK6          

        CLASS   BANK7          

        CLASS   BANK8          

        CLASS   BANK9          

        CLASS   BANK10         

        CLASS   BANK11         

        CLASS   BANK12         

        CLASS   BANK13         

        CLASS   BANK14         

        CLASS   SFR            

        CLASS   CONFIG         
                config                           300000   300000        E         4

        CLASS   IDLOC          
                idloc                            200000   200000        8         5

        CLASS   EEDATA         

        CLASS   FARRAM         



SEGMENTS        Name                           Load    Length   Top    Selector   Space  Class

                reset_vec                      000000  000004  000004         0       0  CODE    
                cstackCOMRAM                   000001  000059  00005A         1       1  COMRAM  
                intcode                        000008  0000D8  0000E0         4       0  CODE    
                bssBANK0                       000060  00009F  0000FF        60       1  BANK0   
                cstackBANK1                    000100  000002  000102       100       1  BANK1   
                smallconst                     000F00  00004C  000F4C       780       0  SMALLCON
                text9                          000F4C  001F5B  002EA7       7A6       0  CODE    
                text51                         002EA8  00000A  002EB2      1754       0  CODE    


UNUSED ADDRESS RANGES

        Name                Unused          Largest block    Delta
        BANK0            0000FF-0000FF                1
        BANK1            000102-0001FF               FE
        BANK10           000A00-000AFF              100
        BANK11           000B00-000BFF              100
        BANK12           000C00-000CFF              100
        BANK13           000D00-000DFF              100
        BANK14           000E00-000E40               41
        BANK2            000200-0002FF              100
        BANK3            000300-0003FF              100
        BANK4            000400-0004FF              100
        BANK5            000500-0005FF              100
        BANK6            000600-0006FF              100
        BANK7            000700-0007FF              100
        BANK8            000800-0008FF              100
        BANK9            000900-0009FF              100
        BIGRAM           00005A-00005F                6
                         0000FF-0000FF                1
                         000102-000E40              D3F
        CODE             000004-000007                4
                         0000E0-000EFF              E20
                         002EA7-002EA7                1
                         002EB2-007FFF             514E
        COMRAM           00005A-00005F                6
        CONST            000004-000007                4
                         0000E0-000EFF              E20
                         002EA7-002EA7                1
                         002EB2-007FFF             514E
        EEDATA           F00000-F003FF              400
        MEDIUMCONST      002EA7-002EA7                1
                         002EB2-007FFF             514E
        RAM              0000FF-0000FF                1
                         000102-000E40              100
        SFR              000E41-000FFF               BF
        SMALLCONST       002EA7-002EA7                1
                         002EB2-007FFF              100
        STACK            000102-000E40              D3F

                                  Symbol Table

?___wmul                                        cstackCOMRAM 000007
?_atoi                                          cstackCOMRAM 00000E
?_isalpha                                       cstackCOMRAM 000007
?_isdigit                                       cstackCOMRAM 000007
?_islower                                       cstackCOMRAM 000007
?_isspace                                       cstackCOMRAM 000007
?_isupper                                       cstackCOMRAM 000007
?_pad                                           cstackCOMRAM 000019
?_printf                                        cstackBANK0  0000D6
?_strlen                                        cstackCOMRAM 000007
?_toupper                                       cstackCOMRAM 00000D
?_vfpfcnvrt                                     cstackCOMRAM 00004B
?_vfprintf                                      cstackBANK0  0000CE
?_xtoa                                          cstackCOMRAM 000024
EUSART1_SetErrorHandler@interruptHandler        cstackCOMRAM 000007
EUSART1_SetFramingErrorHandler@interruptHandler cstackCOMRAM 000007
EUSART1_SetOverrunErrorHandler@interruptHandler cstackCOMRAM 000007
EUSART1_Write@txData                            cstackCOMRAM 000007
EUSART_function@hex                             cstackCOMRAM 000008
LCD_Function@ordre                              cstackCOMRAM 00000D
LCD_Function@x                                  cstackCOMRAM 000009
LCD_Function@z                                  cstackCOMRAM 00000A
TMR0_ISR@CountCallBack                          bssBANK0     000097
TMR0_SetInterruptHandler@InterruptHandler       cstackCOMRAM 000007
TMR1_ISR@CountCallBack                          bssBANK0     000099
TMR1_SetInterruptHandler@InterruptHandler       cstackCOMRAM 000007
TMR1_WriteTimer@timerVal                        cstackCOMRAM 000001
TMR2_ISR@CountCallBack                          bssBANK0     000093
TMR2_SetInterruptHandler@InterruptHandler       cstackCOMRAM 000007
TMR3_ISR@CountCallBack                          bssBANK0     000095
TMR3_SetInterruptHandler@InterruptHandler       cstackCOMRAM 000007
TMR3_WriteTimer@timerVal                        cstackCOMRAM 000007
TMR4_ISR@CountCallBack                          bssBANK0     000091
TMR4_SetInterruptHandler@InterruptHandler       cstackCOMRAM 000007
_ANCON0                                         (abs)        000F5D
_ANCON1                                         (abs)        000F5C
_BAUDCON1                                       (abs)        000FA7
_Blink_                                         text66       0015AC
_EUSART1_DefaultErrorHandler                    (abs)        000000
_EUSART1_DefaultFramingErrorHandler             (abs)        000000
_EUSART1_DefaultOverrunErrorHandler             (abs)        000000
_EUSART1_ErrorHandler                           nvBANK0      0000F2
_EUSART1_FramingErrorHandler                    nvBANK0      0000F6
_EUSART1_Initialize                             text44       0027F8
_EUSART1_OverrunErrorHandler                    nvBANK0      0000F4
_EUSART1_Read                                   text25       002BF4
_EUSART1_SetErrorHandler                        text47       002E90
_EUSART1_SetFramingErrorHandler                 text46       002E86
_EUSART1_SetOverrunErrorHandler                 text45       002E7C
_EUSART1_Write                                  text28       002E08
_EUSART_function                                text27       002E30
_EtatE                                          dataCOMRAM   000057
_EtatN                                          dataCOMRAM   000058
_GoBack                                         dataBANK0    0000FE
_Hx                                             bssBANK0     00008F
_INTCON2bits                                    (abs)        000FF1
_INTCONbits                                     (abs)        000FF2
_INTERRUPT_Initialize                           text43       002EA0
_INTERRUPT_InterruptManager                     intcode      000008
_LATA                                           (abs)        000F89
_LATB                                           (abs)        000F8A
_LATBbits                                       (abs)        000F8A
_LATC                                           (abs)        000F8B
_LCD_Function                                   text26       002018
_LCD_Mode                                       nvBANK0      0000F8
_MINUTE                                         bssBANK0     00009B
_Minute                                         text70       002DB8
_OSCCON                                         (abs)        000FD3
_OSCCON2                                        (abs)        000FD2
_OSCILLATOR_Initialize                          text42       002E1E
_OSCTUNE                                        (abs)        000F9B
_PIE1bits                                       (abs)        000F9D
_PIE2bits                                       (abs)        000FA0
_PIE4bits                                       (abs)        000FB6
_PIN_MANAGER_Initialize                         text41       002C1E
_PIR1bits                                       (abs)        000F9E
_PIR2bits                                       (abs)        000FA1
_PIR4bits                                       (abs)        000FB7
_PORTBbits                                      (abs)        000F81
_PR2                                            (abs)        000FCB
_PR4                                            (abs)        000FA9
_PX                                             bssCOMRAM    000052
_PY                                             bssBANK0     000085
_PZ                                             bssBANK0     000083
_RCONbits                                       (abs)        000FD0
_RCREG1                                         (abs)        000FAE
_RCSTA1                                         (abs)        000FAB
_RCSTA1bits                                     (abs)        000FAB
_REFOCON                                        (abs)        000F9A
_SPBRG1                                         (abs)        000FAF
_SPBRGH1                                        (abs)        000F7D
_SPX                                            bssBANK0     000081
_SPY                                            bssBANK0     00007F
_SPZ                                            bssBANK0     00007D
_SYSTEM_Initialize                              text30       002D38
_Secondes_5                                     text58       002DEE
_T0CON                                          (abs)        000FD5
_T0CONbits                                      (abs)        000FD5
_T1CON                                          (abs)        000FCD
_T1CONbits                                      (abs)        000FCD
_T1GCON                                         (abs)        000FAA
_T1GCONbits                                     (abs)        000FAA
_T2CON                                          (abs)        000FCA
_T2CONbits                                      (abs)        000FCA
_T3CON                                          (abs)        000FB1
_T3CONbits                                      (abs)        000FB1
_T3GCON                                         (abs)        000FB0
_T3GCONbits                                     (abs)        000FB0
_T4CON                                          (abs)        000F88
_T4CONbits                                      (abs)        000F88
_TMR0H                                          (abs)        000FD7
_TMR0L                                          (abs)        000FD6
_TMR0_CallBack                                  text69       002B68
_TMR0_DefaultInterruptHandler                   text71       002EB0
_TMR0_ISR                                       text68       002A72
_TMR0_Initialize                                text39       002A04
_TMR0_InterruptHandler                          nvBANK0      0000EC
_TMR0_SetInterruptHandler                       text40       002E72
_TMR1H                                          (abs)        000FCF
_TMR1L                                          (abs)        000FCE
_TMR1_CallBack                                  text65       002B38
_TMR1_DefaultInterruptHandler                   text67       002EAE
_TMR1_ISR                                       text63       002922
_TMR1_Initialize                                text37       0028AE
_TMR1_InterruptHandler                          nvBANK0      0000EE
_TMR1_SetInterruptHandler                       text38       002E68
_TMR1_WriteTimer                                text64       002CEA
_TMR2                                           (abs)        000FCC
_TMR2_CallBack                                  text61       002B08
_TMR2_DefaultInterruptHandler                   text62       002EAC
_TMR2_ISR                                       text60       002BC6
_TMR2_Initialize                                text35       002D9A
_TMR2_InterruptHandler                          nvBANK0      0000E4
_TMR2_SetInterruptHandler                       text36       002E5E
_TMR3H                                          (abs)        000FB3
_TMR3L                                          (abs)        000FB2
_TMR3_CallBack                                  text57       002AD8
_TMR3_DefaultInterruptHandler                   text59       002EAA
_TMR3_ISR                                       text55       0028E8
_TMR3_Initialize                                text33       002874
_TMR3_InterruptHandler                          nvBANK0      0000E6
_TMR3_SetInterruptHandler                       text34       002E54
_TMR3_WriteTimer                                text3        002C72
_TMR4                                           (abs)        000F87
_TMR4_CallBack                                  text50       002AA8
_TMR4_DefaultInterruptHandler                   text51       002EA8
_TMR4_ISR                                       text49       002B98
_TMR4_Initialize                                text31       002D7C
_TMR4_InterruptHandler                          nvBANK0      0000E2
_TMR4_SetInterruptHandler                       text32       002E4A
_TRISA                                          (abs)        000F92
_TRISB                                          (abs)        000F93
_TRISC                                          (abs)        000F94
_TXREG1                                         (abs)        000FAD
_TXSTA1                                         (abs)        000FAC
_TXSTA1bits                                     (abs)        000FAC
_WPUB                                           (abs)        000F5B
__HRAM                                          (abs)        000000
__Habs1                                         abs1         000000
__Hbank0                                        bank0        000000
__Hbank1                                        bank1        000000
__Hbank10                                       bank10       000000
__Hbank11                                       bank11       000000
__Hbank12                                       bank12       000000
__Hbank13                                       bank13       000000
__Hbank14                                       bank14       000000
__Hbank2                                        bank2        000000
__Hbank3                                        bank3        000000
__Hbank4                                        bank4        000000
__Hbank5                                        bank5        000000
__Hbank6                                        bank6        000000
__Hbank7                                        bank7        000000
__Hbank8                                        bank8        000000
__Hbank9                                        bank9        000000
__Hbigbss                                       bigbss       000000
__Hbigdata                                      bigdata      000000
__Hbigram                                       bigram       000000
__Hbss                                          bss          000000
__HbssBANK0                                     bssBANK0     000000
__HbssCOMRAM                                    bssCOMRAM    000000
__Hcinit                                        cinit        000000
__Hclrtext                                      clrtext      000000
__Hcomram                                       comram       000000
__Hconfig                                       config       30000E
__Hconst                                        const        000000
__HcstackBANK0                                  cstackBANK0  000000
__HcstackBANK1                                  cstackBANK1  000000
__HcstackCOMRAM                                 cstackCOMRAM 000000
__Hdata                                         data         000000
__HdataBANK0                                    dataBANK0    000000
__HdataCOMRAM                                   dataCOMRAM   000000
__Heeprom_data                                  eeprom_data  000000
__Hfarbss                                       farbss       000000
__Hfardata                                      fardata      000000
__Hibigdata                                     ibigdata     000000
__Hidata                                        idata        000000
__HidataBANK0                                   idataBANK0   000000
__HidataCOMRAM                                  idataCOMRAM  000000
__Hidloc                                        idloc        200008
__Hifardata                                     ifardata     000000
__Hinit                                         init         0000E0
__Hintcode                                      intcode      0000DC
__Hintcode_body                                 intcode_body 000000
__Hintcodelo                                    intcodelo    0000DC
__Hintentry                                     intentry     000000
__Hintret                                       intret       000000
__Hintsave_regs                                 intsave_regs 000000
__Hirdata                                       irdata       000000
__Hmediumconst                                  mediumconst  000000
__HnvBANK0                                      nvBANK0      000000
__HnvFARRAM                                     nvFARRAM     000000
__Hnvbit                                        nvbit        000000
__Hnvrram                                       nvrram       000000
__Hparam                                        rparam       000000
__Hpowerup                                      powerup      0000DC
__Hram                                          ram          000000
__Hramtop                                       ramtop       000F00
__Hrbit                                         rbit         000000
__Hrbss                                         rbss         000000
__Hrdata                                        rdata        000000
__Hreset_vec                                    reset_vec    000004
__Hrparam                                       rparam       000000
__Hsfr                                          sfr          000000
__Hsmallconst                                   smallconst   000F4C
__Hspace_0                                      (abs)        002EB2
__Hspace_1                                      (abs)        000102
__Hspace_2                                      (abs)        000000
__Hspace_4                                      (abs)        60000E
__Hstack                                        stack        000000
__Hstruct                                       struct       000000
__Htemp                                         temp         00005A
__Htext                                         text         000000
__Htext0                                        text0        000000
__Htext1                                        text1        000000
__Htext10                                       text10       000000
__Htext11                                       text11       000000
__Htext12                                       text12       000000
__Htext13                                       text13       000000
__Htext14                                       text14       000000
__Htext15                                       text15       000000
__Htext16                                       text16       000000
__Htext17                                       text17       000000
__Htext18                                       text18       000000
__Htext19                                       text19       000000
__Htext2                                        text2        000000
__Htext20                                       text20       000000
__Htext21                                       text21       000000
__Htext22                                       text22       000000
__Htext23                                       text23       000000
__Htext24                                       text24       000000
__Htext25                                       text25       000000
__Htext26                                       text26       000000
__Htext27                                       text27       000000
__Htext28                                       text28       000000
__Htext29                                       text29       000000
__Htext3                                        text3        000000
__Htext30                                       text30       000000
__Htext31                                       text31       000000
__Htext32                                       text32       000000
__Htext33                                       text33       000000
__Htext34                                       text34       000000
__Htext35                                       text35       000000
__Htext36                                       text36       000000
__Htext37                                       text37       000000
__Htext38                                       text38       000000
__Htext39                                       text39       000000
__Htext4                                        text4        000000
__Htext40                                       text40       000000
__Htext41                                       text41       000000
__Htext42                                       text42       000000
__Htext43                                       text43       000000
__Htext44                                       text44       000000
__Htext45                                       text45       000000
__Htext46                                       text46       000000
__Htext47                                       text47       000000
__Htext49                                       text49       000000
__Htext5                                        text5        000000
__Htext50                                       text50       000000
__Htext51                                       text51       000000
__Htext52                                       text52       000000
__Htext53                                       text53       000000
__Htext54                                       text54       000000
__Htext55                                       text55       000000
__Htext56                                       text56       000000
__Htext57                                       text57       000000
__Htext58                                       text58       000000
__Htext59                                       text59       000000
__Htext6                                        text6        000000
__Htext60                                       text60       000000
__Htext61                                       text61       000000
__Htext62                                       text62       000000
__Htext63                                       text63       000000
__Htext64                                       text64       000000
__Htext65                                       text65       000000
__Htext66                                       text66       000000
__Htext67                                       text67       000000
__Htext68                                       text68       000000
__Htext69                                       text69       000000
__Htext7                                        text7        000000
__Htext70                                       text70       000000
__Htext71                                       text71       000000
__Htext72                                       text72       000000
__Htext8                                        text8        000000
__Htext9                                        text9        000000
__LRAM                                          (abs)        000001
__Labs1                                         abs1         000000
__Lbank0                                        bank0        000000
__Lbank1                                        bank1        000000
__Lbank10                                       bank10       000000
__Lbank11                                       bank11       000000
__Lbank12                                       bank12       000000
__Lbank13                                       bank13       000000
__Lbank14                                       bank14       000000
__Lbank2                                        bank2        000000
__Lbank3                                        bank3        000000
__Lbank4                                        bank4        000000
__Lbank5                                        bank5        000000
__Lbank6                                        bank6        000000
__Lbank7                                        bank7        000000
__Lbank8                                        bank8        000000
__Lbank9                                        bank9        000000
__Lbigbss                                       bigbss       000000
__Lbigdata                                      bigdata      000000
__Lbigram                                       bigram       000000
__Lbss                                          bss          000000
__LbssBANK0                                     bssBANK0     000000
__LbssCOMRAM                                    bssCOMRAM    000000
__Lcinit                                        cinit        000000
__Lclrtext                                      clrtext      000000
__Lcomram                                       comram       000000
__Lconfig                                       config       000000
__Lconst                                        const        000000
__LcstackBANK0                                  cstackBANK0  000000
__LcstackBANK1                                  cstackBANK1  000000
__LcstackCOMRAM                                 cstackCOMRAM 000000
__Ldata                                         data         000000
__LdataBANK0                                    dataBANK0    000000
__LdataCOMRAM                                   dataCOMRAM   000000
__Leeprom_data                                  eeprom_data  000000
__Lfarbss                                       farbss       000000
__Lfardata                                      fardata      000000
__Libigdata                                     ibigdata     000000
__Lidata                                        idata        000000
__LidataBANK0                                   idataBANK0   000000
__LidataCOMRAM                                  idataCOMRAM  000000
__Lidloc                                        idloc        000000
__Lifardata                                     ifardata     000000
__Linit                                         init         0000DC
__Lintcode                                      intcode      000008
__Lintcode_body                                 intcode_body 000000
__Lintcodelo                                    intcodelo    0000DC
__Lintentry                                     intentry     000000
__Lintret                                       intret       000000
__Lintsave_regs                                 intsave_regs 000000
__Lirdata                                       irdata       000000
__Lmediumconst                                  mediumconst  000000
__LnvBANK0                                      nvBANK0      000000
__LnvFARRAM                                     nvFARRAM     000000
__Lnvbit                                        nvbit        000000
__Lnvrram                                       nvrram       000000
__Lparam                                        rparam       000000
__Lpowerup                                      powerup      0000DC
__Lram                                          ram          000000
__Lramtop                                       ramtop       000F00
__Lrbit                                         rbit         000000
__Lrbss                                         rbss         000000
__Lrdata                                        rdata        000000
__Lreset_vec                                    reset_vec    000000
__Lrparam                                       rparam       000000
__Lsfr                                          sfr          000000
__Lsmallconst                                   smallconst   000F00
__Lspace_0                                      (abs)        000000
__Lspace_1                                      (abs)        000000
__Lspace_2                                      (abs)        000000
__Lspace_4                                      (abs)        000000
__Lstack                                        stack        000000
__Lstruct                                       struct       000000
__Ltemp                                         temp         000059
__Ltext                                         text         000000
__Ltext0                                        text0        000000
__Ltext1                                        text1        000000
__Ltext10                                       text10       000000
__Ltext11                                       text11       000000
__Ltext12                                       text12       000000
__Ltext13                                       text13       000000
__Ltext14                                       text14       000000
__Ltext15                                       text15       000000
__Ltext16                                       text16       000000
__Ltext17                                       text17       000000
__Ltext18                                       text18       000000
__Ltext19                                       text19       000000
__Ltext2                                        text2        000000
__Ltext20                                       text20       000000
__Ltext21                                       text21       000000
__Ltext22                                       text22       000000
__Ltext23                                       text23       000000
__Ltext24                                       text24       000000
__Ltext25                                       text25       000000
__Ltext26                                       text26       000000
__Ltext27                                       text27       000000
__Ltext28                                       text28       000000
__Ltext29                                       text29       000000
__Ltext3                                        text3        000000
__Ltext30                                       text30       000000
__Ltext31                                       text31       000000
__Ltext32                                       text32       000000
__Ltext33                                       text33       000000
__Ltext34                                       text34       000000
__Ltext35                                       text35       000000
__Ltext36                                       text36       000000
__Ltext37                                       text37       000000
__Ltext38                                       text38       000000
__Ltext39                                       text39       000000
__Ltext4                                        text4        000000
__Ltext40                                       text40       000000
__Ltext41                                       text41       000000
__Ltext42                                       text42       000000
__Ltext43                                       text43       000000
__Ltext44                                       text44       000000
__Ltext45                                       text45       000000
__Ltext46                                       text46       000000
__Ltext47                                       text47       000000
__Ltext49                                       text49       000000
__Ltext5                                        text5        000000
__Ltext50                                       text50       000000
__Ltext51                                       text51       000000
__Ltext52                                       text52       000000
__Ltext53                                       text53       000000
__Ltext54                                       text54       000000
__Ltext55                                       text55       000000
__Ltext56                                       text56       000000
__Ltext57                                       text57       000000
__Ltext58                                       text58       000000
__Ltext59                                       text59       000000
__Ltext6                                        text6        000000
__Ltext60                                       text60       000000
__Ltext61                                       text61       000000
__Ltext62                                       text62       000000
__Ltext63                                       text63       000000
__Ltext64                                       text64       000000
__Ltext65                                       text65       000000
__Ltext66                                       text66       000000
__Ltext67                                       text67       000000
__Ltext68                                       text68       000000
__Ltext69                                       text69       000000
__Ltext7                                        text7        000000
__Ltext70                                       text70       000000
__Ltext71                                       text71       000000
__Ltext72                                       text72       000000
__Ltext8                                        text8        000000
__Ltext9                                        text9        000000
__S0                                            (abs)        002EB2
__S1                                            (abs)        000102
__S2                                            (abs)        000000
__S4                                            (abs)        000000
__S5                                            (abs)        000000
___inthi_sp                                     stack        000000
___intlo_sp                                     stack        000000
___param_bank                                   (abs)        000000
___rparam_used                                  (abs)        000001
___sp                                           stack        000000
___wmul                                         text23       002D12
___wmul@multiplicand                            cstackCOMRAM 000009
___wmul@multiplier                              cstackCOMRAM 000007
___wmul@product                                 cstackCOMRAM 00000B
__accesstop                                     (abs)        000060
__activetblptr                                  (abs)        000002
__end_of_Blink_                                 text66       0017EA
__end_of_EUSART1_Initialize                     text44       002838
__end_of_EUSART1_Read                           text25       002C1E
__end_of_EUSART1_SetErrorHandler                text47       002E9A
__end_of_EUSART1_SetFramingErrorHandler         text46       002E90
__end_of_EUSART1_SetOverrunErrorHandler         text45       002E86
__end_of_EUSART1_Write                          text28       002E1E
__end_of_EUSART_function                        text27       002E40
__end_of_INTERRUPT_Initialize                   text43       002EA4
__end_of_INTERRUPT_InterruptManager             intcode      0000DC
__end_of_LCD_Function                           text26       002156
__end_of_Minute                                 text70       002DD4
__end_of_OSCILLATOR_Initialize                  text42       002E30
__end_of_PIN_MANAGER_Initialize                 text41       002C48
__end_of_SYSTEM_Initialize                      text30       002D5E
__end_of_Secondes_5                             text58       002E08
__end_of_TMR0_CallBack                          text69       002B98
__end_of_TMR0_DefaultInterruptHandler           text71       002EB2
__end_of_TMR0_ISR                               text68       002AA8
__end_of_TMR0_Initialize                        text39       002A3C
__end_of_TMR0_SetInterruptHandler               text40       002E7C
__end_of_TMR1_CallBack                          text65       002B68
__end_of_TMR1_DefaultInterruptHandler           text67       002EB0
__end_of_TMR1_ISR                               text63       00295C
__end_of_TMR1_Initialize                        text37       0028E8
__end_of_TMR1_SetInterruptHandler               text38       002E72
__end_of_TMR1_WriteTimer                        text64       002D12
__end_of_TMR2_CallBack                          text61       002B38
__end_of_TMR2_DefaultInterruptHandler           text62       002EAE
__end_of_TMR2_ISR                               text60       002BF4
__end_of_TMR2_Initialize                        text35       002DB8
__end_of_TMR2_SetInterruptHandler               text36       002E68
__end_of_TMR3_CallBack                          text57       002B08
__end_of_TMR3_DefaultInterruptHandler           text59       002EAC
__end_of_TMR3_ISR                               text55       002922
__end_of_TMR3_Initialize                        text33       0028AE
__end_of_TMR3_SetInterruptHandler               text34       002E5E
__end_of_TMR3_WriteTimer                        text3        002C9A
__end_of_TMR4_CallBack                          text50       002AD8
__end_of_TMR4_DefaultInterruptHandler           text51       002EAA
__end_of_TMR4_ISR                               text49       002BC6
__end_of_TMR4_Initialize                        text31       002D9A
__end_of_TMR4_SetInterruptHandler               text32       002E54
__end_of___wmul                                 text23       002D38
__end_of__initialization                        cinit        0026F6
__end_of_affiche                                text6        002448
__end_of_atoi                                   text20       001D1A
__end_of_connect                                text52       001B8A
__end_of_fputc                                  text16       002642
__end_of_fputs                                  text15       0027F8
__end_of_isalpha                                text19       002874
__end_of_isdigit                                text22       002A04
__end_of_islower                                text12       002994
__end_of_isspace                                text21       0027B4
__end_of_isupper                                text18       0029CC
__end_of_lamp_test                              text29       002018
__end_of_lecture                                text24       00226A
__end_of_main                                   text0        0025AC
__end_of_pad                                    text13       00250E
__end_of_printf                                 text7        002CC2
__end_of_putch                                  text17       002E4A
__end_of_reception_                             text2        002DEE
__end_of_reception_affichage                    text5        002D7C
__end_of_strlen                                 text14       002A72
__end_of_toupper                                text11       002762
__end_of_traitementEcran                        text4        001E9A
__end_of_traitementNormale                      text1        0019E2
__end_of_vfpfcnvrt                              text9        0012D4
__end_of_vfprintf                               text8        0026A4
__end_of_xtoa                                   text10       0015AC
__end_ofi2_EUSART1_Read                         text54       002C72
__end_ofi2_TMR3_WriteTimer                      text56       002CEA
__end_ofi2_lecture                              text53       00237E
__initialization                                cinit        0026A4
__mediumconst                                   mediumconst  000000
__pbssBANK0                                     bssBANK0     000060
__pbssCOMRAM                                    bssCOMRAM    000052
__pcinit                                        cinit        0026A4
__pcstackBANK0                                  cstackBANK0  0000BD
__pcstackBANK1                                  cstackBANK1  000100
__pcstackCOMRAM                                 cstackCOMRAM 000001
__pdataBANK0                                    dataBANK0    0000F9
__pdataCOMRAM                                   dataCOMRAM   000056
__pidataBANK0                                   idataBANK0   002E9A
__pidataCOMRAM                                  idataCOMRAM  002EA4
__pintcode                                      intcode      000008
__pnvBANK0                                      nvBANK0      0000E2
__psmallconst                                   smallconst   000F00
__ptext0                                        text0        00250E
__ptext1                                        text1        0017EA
__ptext10                                       text10       0012D4
__ptext11                                       text11       002704
__ptext12                                       text12       00295C
__ptext13                                       text13       002448
__ptext14                                       text14       002A3C
__ptext15                                       text15       0027B4
__ptext16                                       text16       0025AC
__ptext17                                       text17       002E40
__ptext18                                       text18       002994
__ptext19                                       text19       002838
__ptext2                                        text2        002DD4
__ptext20                                       text20       001B8A
__ptext21                                       text21       002762
__ptext22                                       text22       0029CC
__ptext23                                       text23       002D12
__ptext24                                       text24       002156
__ptext25                                       text25       002BF4
__ptext26                                       text26       002018
__ptext27                                       text27       002E30
__ptext28                                       text28       002E08
__ptext29                                       text29       001E9A
__ptext3                                        text3        002C72
__ptext30                                       text30       002D38
__ptext31                                       text31       002D7C
__ptext32                                       text32       002E4A
__ptext33                                       text33       002874
__ptext34                                       text34       002E54
__ptext35                                       text35       002D9A
__ptext36                                       text36       002E5E
__ptext37                                       text37       0028AE
__ptext38                                       text38       002E68
__ptext39                                       text39       002A04
__ptext4                                        text4        001D1A
__ptext40                                       text40       002E72
__ptext41                                       text41       002C1E
__ptext42                                       text42       002E1E
__ptext43                                       text43       002EA0
__ptext44                                       text44       0027F8
__ptext45                                       text45       002E7C
__ptext46                                       text46       002E86
__ptext47                                       text47       002E90
__ptext49                                       text49       002B98
__ptext5                                        text5        002D5E
__ptext50                                       text50       002AA8
__ptext51                                       text51       002EA8
__ptext52                                       text52       0019E2
__ptext53                                       text53       00226A
__ptext54                                       text54       002C48
__ptext55                                       text55       0028E8
__ptext56                                       text56       002CC2
__ptext57                                       text57       002AD8
__ptext58                                       text58       002DEE
__ptext59                                       text59       002EAA
__ptext6                                        text6        00237E
__ptext60                                       text60       002BC6
__ptext61                                       text61       002B08
__ptext62                                       text62       002EAC
__ptext63                                       text63       002922
__ptext64                                       text64       002CEA
__ptext65                                       text65       002B38
__ptext66                                       text66       0015AC
__ptext67                                       text67       002EAE
__ptext68                                       text68       002A72
__ptext69                                       text69       002B68
__ptext7                                        text7        002C9A
__ptext70                                       text70       002DB8
__ptext71                                       text71       002EB0
__ptext72                                       text72       000000
__ptext8                                        text8        002642
__ptext9                                        text9        000F4C
__ramtop                                        ramtop       000F00
__size_of_Blink_                                (abs)        000000
__size_of_EUSART1_Initialize                    (abs)        000000
__size_of_EUSART1_Read                          (abs)        000000
__size_of_EUSART1_SetErrorHandler               (abs)        000000
__size_of_EUSART1_SetFramingErrorHandler        (abs)        000000
__size_of_EUSART1_SetOverrunErrorHandler        (abs)        000000
__size_of_EUSART1_Write                         (abs)        000000
__size_of_EUSART_function                       (abs)        000000
__size_of_INTERRUPT_Initialize                  (abs)        000000
__size_of_INTERRUPT_InterruptManager            (abs)        000000
__size_of_LCD_Function                          (abs)        000000
__size_of_Minute                                (abs)        000000
__size_of_OSCILLATOR_Initialize                 (abs)        000000
__size_of_PIN_MANAGER_Initialize                (abs)        000000
__size_of_SYSTEM_Initialize                     (abs)        000000
__size_of_Secondes_5                            (abs)        000000
__size_of_TMR0_CallBack                         (abs)        000000
__size_of_TMR0_DefaultInterruptHandler          (abs)        000000
__size_of_TMR0_ISR                              (abs)        000000
__size_of_TMR0_Initialize                       (abs)        000000
__size_of_TMR0_SetInterruptHandler              (abs)        000000
__size_of_TMR1_CallBack                         (abs)        000000
__size_of_TMR1_DefaultInterruptHandler          (abs)        000000
__size_of_TMR1_ISR                              (abs)        000000
__size_of_TMR1_Initialize                       (abs)        000000
__size_of_TMR1_SetInterruptHandler              (abs)        000000
__size_of_TMR1_WriteTimer                       (abs)        000000
__size_of_TMR2_CallBack                         (abs)        000000
__size_of_TMR2_DefaultInterruptHandler          (abs)        000000
__size_of_TMR2_ISR                              (abs)        000000
__size_of_TMR2_Initialize                       (abs)        000000
__size_of_TMR2_SetInterruptHandler              (abs)        000000
__size_of_TMR3_CallBack                         (abs)        000000
__size_of_TMR3_DefaultInterruptHandler          (abs)        000000
__size_of_TMR3_ISR                              (abs)        000000
__size_of_TMR3_Initialize                       (abs)        000000
__size_of_TMR3_SetInterruptHandler              (abs)        000000
__size_of_TMR3_WriteTimer                       (abs)        000000
__size_of_TMR4_CallBack                         (abs)        000000
__size_of_TMR4_DefaultInterruptHandler          (abs)        000000
__size_of_TMR4_ISR                              (abs)        000000
__size_of_TMR4_Initialize                       (abs)        000000
__size_of_TMR4_SetInterruptHandler              (abs)        000000
__size_of___wmul                                (abs)        000000
__size_of_affiche                               (abs)        000000
__size_of_atoi                                  (abs)        000000
__size_of_connect                               (abs)        000000
__size_of_fputc                                 (abs)        000000
__size_of_fputs                                 (abs)        000000
__size_of_isalpha                               (abs)        000000
__size_of_isdigit                               (abs)        000000
__size_of_islower                               (abs)        000000
__size_of_isspace                               (abs)        000000
__size_of_isupper                               (abs)        000000
__size_of_lamp_test                             (abs)        000000
__size_of_lecture                               (abs)        000000
__size_of_main                                  (abs)        000000
__size_of_pad                                   (abs)        000000
__size_of_printf                                (abs)        000000
__size_of_putch                                 (abs)        000000
__size_of_reception_                            (abs)        000000
__size_of_reception_affichage                   (abs)        000000
__size_of_strlen                                (abs)        000000
__size_of_toupper                               (abs)        000000
__size_of_traitementEcran                       (abs)        000000
__size_of_traitementNormale                     (abs)        000000
__size_of_vfpfcnvrt                             (abs)        000000
__size_of_vfprintf                              (abs)        000000
__size_of_xtoa                                  (abs)        000000
__size_ofi2_EUSART1_Read                        (abs)        000000
__size_ofi2_TMR3_WriteTimer                     (abs)        000000
__size_ofi2_lecture                             (abs)        000000
__smallconst                                    smallconst   000F00
_affiche                                        text6        00237E
_atoi                                           text20       001B8A
_atoi$2343                                      cstackCOMRAM 000016
_atoi$2344                                      cstackCOMRAM 00001A
_atoi$2345                                      cstackCOMRAM 000018
_c                                              bssBANK0     00007B
_connect                                        text52       0019E2
_dbuf                                           bssBANK0     00009D
_eusart1RxLastError                             bssBANK0     00009C
_flags                                          bssBANK0     000079
_fputc                                          text16       0025AC
_fputs                                          text15       0027B4
_goback                                         dataBANK0    0000FD
_i                                              bssCOMRAM    000054
_isalpha                                        text19       002838
_isdigit                                        text22       0029CC
_islower                                        text12       00295C
_isspace                                        text21       002762
_isspace$2370                                   cstackCOMRAM 00000D
_isupper                                        text18       002994
_lamp_test                                      text29       001E9A
_lecture                                        text24       002156
_m                                              bssBANK0     00008D
_main                                           text0        00250E
_minute                                         dataBANK0    0000FB
_nout                                           bssBANK0     000073
_pad                                            text13       002448
_perte                                          dataBANK0    0000F9
_plat                                           dataBANK0    0000FA
_prec                                           bssBANK0     000077
_printf                                         text7        002C9A
_putch                                          text17       002E40
_reception_                                     text2        002DD4
_reception_affichage                            text5        002D5E
_saving                                         dataCOMRAM   000056
_sec5                                           dataBANK0    0000FC
_strlen                                         text14       002A3C
_t1                                             bssBANK0     00008B
_t2                                             bssBANK0     000089
_t3                                             bssBANK0     000087
_timer0ReloadVal                                nvBANK0      0000EA
_timer1ReloadVal                                nvBANK0      0000F0
_timer3ReloadVal                                nvBANK0      0000E8
_toupper                                        text11       002704
_toupper$2419                                   cstackCOMRAM 000013
_traitementEcran                                text4        001D1A
_traitementNormale                              text1        0017EA
_trame                                          bssBANK0     000060
_vfpfcnvrt                                      text9        000F4C
_vfpfcnvrt$2325                                 cstackBANK0  0000CC
_vfprintf                                       text8        002642
_width                                          bssBANK0     000075
_xtoa                                           text10       0012D4
_xtoa$2309                                      cstackCOMRAM 000037
_xtoa$2310                                      cstackCOMRAM 000039
atoi@n                                          cstackCOMRAM 00001B
atoi@neg                                        cstackCOMRAM 000014
atoi@s                                          cstackCOMRAM 00000E
btemp                                           temp         000059
end_of_initialization                           cinit        0026F6
fputc@c                                         cstackCOMRAM 000009
fputc@fp                                        cstackCOMRAM 00000B
fputs@c                                         cstackCOMRAM 000016
fputs@fp                                        cstackCOMRAM 000014
fputs@i                                         cstackCOMRAM 000017
fputs@s                                         cstackCOMRAM 000012
i2TMR3_WriteTimer@timerVal                      cstackCOMRAM 000001
i2_EUSART1_Read                                 text54       002C48
i2_TMR3_WriteTimer                              text56       002CC2
i2_lecture                                      text53       00226A
int$flags                                       temp         000059
intlevel0                                       text         000000
intlevel1                                       text         000000
intlevel2                                       text         000000
intlevel3                                       text         000000
isalpha@c                                       cstackCOMRAM 000007
isdigit@c                                       cstackCOMRAM 000007
islower@c                                       cstackCOMRAM 000007
isspace@c                                       cstackCOMRAM 000007
isupper@c                                       cstackCOMRAM 000007
lamp_test@j                                     cstackCOMRAM 00000D
lamp_test@j_1758                                cstackCOMRAM 00000F
lamp_test@j_1760                                cstackCOMRAM 00000B
lamp_test@k                                     cstackCOMRAM 000009
pad@buf                                         cstackCOMRAM 00001B
pad@fp                                          cstackCOMRAM 000019
pad@i                                           cstackCOMRAM 000020
pad@p                                           cstackCOMRAM 00001D
pad@w                                           cstackCOMRAM 000022
printf@ap                                       cstackBANK0  0000E0
printf@fmt                                      cstackBANK0  0000D6
putch@txData                                    cstackCOMRAM 000008
stackhi                                         (abs)        000E40
stacklo                                         (abs)        000102
start                                           init         0000DC
start_initialization                            cinit        0026A4
strlen@a                                        cstackCOMRAM 000009
strlen@s                                        cstackCOMRAM 000007
toupper@c                                       cstackCOMRAM 00000D
ttemp5                                          temp         00005A
ttemp6                                          temp         00005D
ttemp7                                          temp         000061
vfpfcnvrt@ap                                    cstackCOMRAM 00004F
vfpfcnvrt@c                                     cstackBANK0  0000C9
vfpfcnvrt@done                                  cstackBANK0  0000CA
vfpfcnvrt@fmt                                   cstackCOMRAM 00004D
vfpfcnvrt@fp                                    cstackCOMRAM 00004B
vfpfcnvrt@llu                                   cstackBANK0  0000C1
vfprintf@ap                                     cstackBANK0  0000D2
vfprintf@cfmt                                   cstackBANK0  0000D4
vfprintf@fmt                                    cstackBANK0  0000D0
vfprintf@fp                                     cstackBANK0  0000CE
wtemp8                                          temp         00005A
xtoa@c                                          cstackCOMRAM 000049
xtoa@d                                          cstackCOMRAM 000026
xtoa@fp                                         cstackCOMRAM 000024
xtoa@i                                          cstackCOMRAM 000047
xtoa@n                                          cstackCOMRAM 00003F
xtoa@p                                          cstackCOMRAM 00003B
xtoa@w                                          cstackCOMRAM 00003D
xtoa@x                                          cstackCOMRAM 00002E


FUNCTION INFORMATION:

 *************** function _main *****************
 Defined at:
		line 93 in file "main.c"
 Parameters:    Size  Location     Type
		None
 Auto vars:     Size  Location     Type
		None
 Return value:  Size  Location     Type
                  1    wreg      void 
 Registers used:
		wreg, fsr1l, fsr1h, fsr2l, fsr2h, status,2, status,0, tblptrl, tblptrh, tblptru, prodl, prodh, cstack
 Tracked objects:
		On entry : 
		On exit  : 
		Unchanged: 
 Data sizes:     COMRAM   BANK0   BANK1   BANK2   BANK3   BANK4   BANK5   BANK6   BANK7   BANK8   BANK9  BANK10  BANK11  BANK12  BANK13  BANK14
      Params:         0       0       0       0       0       0       0       0       0       0       0       0       0       0       0       0
      Locals:         0       0       0       0       0       0       0       0       0       0       0       0       0       0       0       0
      Temps:          0       0       0       0       0       0       0       0       0       0       0       0       0       0       0       0
      Totals:         0       0       0       0       0       0       0       0       0       0       0       0       0       0       0       0
Total ram usage:        0 bytes
 Hardware stack levels required when called:   18
 This function calls:
		_SYSTEM_Initialize
		_TMR0_SetInterruptHandler
		_TMR1_SetInterruptHandler
		_TMR3_Initialize
		_TMR3_SetInterruptHandler
		_TMR4_SetInterruptHandler
		_lamp_test
		_traitementEcran
		_traitementNormale
 This function is called by:
		Startup code after reset
 This function uses a non-reentrant model


 *************** function _traitementNormale *****************
 Defined at:
		line 279 in file "main.c"
 Parameters:    Size  Location     Type
		None
 Auto vars:     Size  Location     Type
		None
 Return value:  Size  Location     Type
                  1    wreg      void 
 Registers used:
		wreg, fsr2l, fsr2h, status,2, status,0, cstack
 Tracked objects:
		On entry : 
		On exit  : 
		Unchanged: 
 Data sizes:     COMRAM   BANK0   BANK1   BANK2   BANK3   BANK4   BANK5   BANK6   BANK7   BANK8   BANK9  BANK10  BANK11  BANK12  BANK13  BANK14
      Params:         0       0       0       0       0       0       0       0       0       0       0       0       0       0       0       0
[...]
		None
 Return value:  Size  Location     Type
                  1    wreg      void 
 Registers used:
		None
 Tracked objects:
		On entry : 
		On exit  : 
		Unchanged: 
 Data sizes:     COMRAM   BANK0   BANK1   BANK2   BANK3   BANK4   BANK5   BANK6   BANK7   BANK8   BANK9  BANK10  BANK11  BANK12  BANK13  BANK14
      Params:         0       0       0       0       0       0       0       0       0       0       0       0       0       0       0       0
      Locals:         0       0       0       0       0       0       0       0       0       0       0       0       0       0       0       0
      Temps:          0       0       0       0       0       0       0       0       0       0       0       0       0       0       0       0
      Totals:         0       0       0       0       0       0       0       0       0       0       0       0       0       0       0       0
Total ram usage:        0 bytes
 Hardware stack levels used:    1
 This function calls:
		Nothing
 This function is called by:
		_TMR2_Initialize
		_TMR2_CallBack
 This function uses a non-reentrant model


 *************** function _TMR1_ISR *****************
 Defined at:
		line 157 in file "mcc_generated_files/tmr1.c"
 Parameters:    Size  Location     Type
		None
 Auto vars:     Size  Location     Type
		None
 Return value:  Size  Location     Type
                  1    wreg      void 
 Registers used:
		wreg, status,2, status,0, pclath, tosl, cstack
 Tracked objects:
		On entry : 
		On exit  : 
		Unchanged: 
 Data sizes:     COMRAM   BANK0   BANK1   BANK2   BANK3   BANK4   BANK5   BANK6   BANK7   BANK8   BANK9  BANK10  BANK11  BANK12  BANK13  BANK14
      Params:         0       0       0       0       0       0       0       0       0       0       0       0       0       0       0       0
      Locals:         0       0       0       0       0       0       0       0       0       0       0       0       0       0       0       0
      Temps:          0       0       0       0       0       0       0       0       0       0       0       0       0       0       0       0
      Totals:         0       0       0       0       0       0       0       0       0       0       0       0       0       0       0       0
Total ram usage:        0 bytes
 Hardware stack levels used:    1
 Hardware stack levels required when called:    2
 This function calls:
		_TMR1_CallBack
		_TMR1_WriteTimer
 This function is called by:
		_INTERRUPT_InterruptManager
 This function uses a non-reentrant model


 *************** function _TMR1_WriteTimer *****************
 Defined at:
		line 120 in file "mcc_generated_files/tmr1.c"
 Parameters:    Size  Location     Type
  timerVal        2    0[COMRAM] unsigned short 
 Auto vars:     Size  Location     Type
		None
 Return value:  Size  Location     Type
                  1    wreg      void 
 Registers used:
		wreg, status,2
 Tracked objects:
		On entry : 
		On exit  : 
		Unchanged: 
 Data sizes:     COMRAM   BANK0   BANK1   BANK2   BANK3   BANK4   BANK5   BANK6   BANK7   BANK8   BANK9  BANK10  BANK11  BANK12  BANK13  BANK14
      Params:         2       0       0       0       0       0       0       0       0       0       0       0       0       0       0       0
      Locals:         0       0       0       0       0       0       0       0       0       0       0       0       0       0       0       0
      Temps:          0       0       0       0       0       0       0       0       0       0       0       0       0       0       0       0
      Totals:         2       0       0       0       0       0       0       0       0       0       0       0       0       0       0       0
Total ram usage:        2 bytes
 Hardware stack levels used:    1
 This function calls:
		Nothing
 This function is called by:
		_TMR1_ISR
		_connect
		_TMR1_Reload
 This function uses a non-reentrant model


 *************** function _TMR1_CallBack *****************
 Defined at:
		line 176 in file "mcc_generated_files/tmr1.c"
 Parameters:    Size  Location     Type
		None
 Auto vars:     Size  Location     Type
		None
 Return value:  Size  Location     Type
                  1    wreg      void 
 Registers used:
		wreg, status,2, status,0, pclath, tosl, cstack
 Tracked objects:
		On entry : 
		On exit  : 
		Unchanged: 
 Data sizes:     COMRAM   BANK0   BANK1   BANK2   BANK3   BANK4   BANK5   BANK6   BANK7   BANK8   BANK9  BANK10  BANK11  BANK12  BANK13  BANK14
      Params:         0       0       0       0       0       0       0       0       0       0       0       0       0       0       0       0
      Locals:         0       0       0       0       0       0       0       0       0       0       0       0       0       0       0       0
      Temps:          0       0       0       0       0       0       0       0       0       0       0       0       0       0       0       0
      Totals:         0       0       0       0       0       0       0       0       0       0       0       0       0       0       0       0
Total ram usage:        0 bytes
 Hardware stack levels used:    1
 Hardware stack levels required when called:    1
 This function calls:
		Absolute function
		_Blink_
		_TMR1_DefaultInterruptHandler
 This function is called by:
		_TMR1_ISR
 This function uses a non-reentrant model


 *************** function _Blink_ *****************
 Defined at:
		line 160 in file "main.c"
 Parameters:    Size  Location     Type
		None
 Auto vars:     Size  Location     Type
		None
 Return value:  Size  Location     Type
                  1    wreg      void 
 Registers used:
		wreg, status,2, status,0
 Tracked objects:
		On entry : 
		On exit  : 
		Unchanged: 
 Data sizes:     COMRAM   BANK0   BANK1   BANK2   BANK3   BANK4   BANK5   BANK6   BANK7   BANK8   BANK9  BANK10  BANK11  BANK12  BANK13  BANK14
      Params:         0       0       0       0       0       0       0       0       0       0       0       0       0       0       0       0
      Locals:         0       0       0       0       0       0       0       0       0       0       0       0       0       0       0       0
      Temps:          2       0       0       0       0       0       0       0       0       0       0       0       0       0       0       0
      Totals:         2       0       0       0       0       0       0       0       0       0       0       0       0       0       0       0
Total ram usage:        2 bytes
 Hardware stack levels used:    1
 This function calls:
		Nothing
 This function is called by:
		_main
		_TMR1_CallBack
 This function uses a non-reentrant model


 *************** function _TMR1_DefaultInterruptHandler *****************
 Defined at:
		line 189 in file "mcc_generated_files/tmr1.c"
 Parameters:    Size  Location     Type
		None
 Auto vars:     Size  Location     Type
		None
 Return value:  Size  Location     Type
                  1    wreg      void 
 Registers used:
		None
 Tracked objects:
		On entry : 
		On exit  : 
		Unchanged: 
 Data sizes:     COMRAM   BANK0   BANK1   BANK2   BANK3   BANK4   BANK5   BANK6   BANK7   BANK8   BANK9  BANK10  BANK11  BANK12  BANK13  BANK14
      Params:         0       0       0       0       0       0       0       0       0       0       0       0       0       0       0       0
      Locals:         0       0       0       0       0       0       0       0       0       0       0       0       0       0       0       0
      Temps:          0       0       0       0       0       0       0       0       0       0       0       0       0       0       0       0
      Totals:         0       0       0       0       0       0       0       0       0       0       0       0       0       0       0       0
Total ram usage:        0 bytes
 Hardware stack levels used:    1
 This function calls:
		Nothing
 This function is called by:
		_TMR1_Initialize
		_TMR1_CallBack
 This function uses a non-reentrant model


 *************** function _TMR0_ISR *****************
 Defined at:
		line 136 in file "mcc_generated_files/tmr0.c"
 Parameters:    Size  Location     Type
		None
 Auto vars:     Size  Location     Type
		None
 Return value:  Size  Location     Type
                  1    wreg      void 
 Registers used:
		wreg, status,2, status,0, pclath, tosl, cstack
 Tracked objects:
		On entry : 
		On exit  : 
		Unchanged: 
 Data sizes:     COMRAM   BANK0   BANK1   BANK2   BANK3   BANK4   BANK5   BANK6   BANK7   BANK8   BANK9  BANK10  BANK11  BANK12  BANK13  BANK14
      Params:         0       0       0       0       0       0       0       0       0       0       0       0       0       0       0       0
      Locals:         0       0       0       0       0       0       0       0       0       0       0       0       0       0       0       0
      Temps:          0       0       0       0       0       0       0       0       0       0       0       0       0       0       0       0
      Totals:         0       0       0       0       0       0       0       0       0       0       0       0       0       0       0       0
Total ram usage:        0 bytes
 Hardware stack levels used:    1
 Hardware stack levels required when called:    2
 This function calls:
		_TMR0_CallBack
 This function is called by:
		_INTERRUPT_InterruptManager
 This function uses a non-reentrant model


 *************** function _TMR0_CallBack *****************
 Defined at:
		line 161 in file "mcc_generated_files/tmr0.c"
 Parameters:    Size  Location     Type
		None
 Auto vars:     Size  Location     Type
		None
 Return value:  Size  Location     Type
                  1    wreg      void 
 Registers used:
		wreg, status,2, status,0, pclath, tosl, cstack
 Tracked objects:
		On entry : 
		On exit  : 
		Unchanged: 
 Data sizes:     COMRAM   BANK0   BANK1   BANK2   BANK3   BANK4   BANK5   BANK6   BANK7   BANK8   BANK9  BANK10  BANK11  BANK12  BANK13  BANK14
      Params:         0       0       0       0       0       0       0       0       0       0       0       0       0       0       0       0
      Locals:         0       0       0       0       0       0       0       0       0       0       0       0       0       0       0       0
      Temps:          0       0       0       0       0       0       0       0       0       0       0       0       0       0       0       0
      Totals:         0       0       0       0       0       0       0       0       0       0       0       0       0       0       0       0
Total ram usage:        0 bytes
 Hardware stack levels used:    1
 Hardware stack levels required when called:    1
 This function calls:
		Absolute function
		_Minute
		_TMR0_DefaultInterruptHandler
 This function is called by:
		_TMR0_ISR
 This function uses a non-reentrant model


 *************** function _Minute *****************
 Defined at:
		line 223 in file "main.c"
 Parameters:    Size  Location     Type
		None
 Auto vars:     Size  Location     Type
		None
 Return value:  Size  Location     Type
                  1    wreg      void 
 Registers used:
		wreg, status,2
 Tracked objects:
		On entry : 
		On exit  : 
		Unchanged: 
 Data sizes:     COMRAM   BANK0   BANK1   BANK2   BANK3   BANK4   BANK5   BANK6   BANK7   BANK8   BANK9  BANK10  BANK11  BANK12  BANK13  BANK14
      Params:         0       0       0       0       0       0       0       0       0       0       0       0       0       0       0       0
      Locals:         0       0       0       0       0       0       0       0       0       0       0       0       0       0       0       0
      Temps:          0       0       0       0       0       0       0       0       0       0       0       0       0       0       0       0
      Totals:         0       0       0       0       0       0       0       0       0       0       0       0       0       0       0       0
Total ram usage:        0 bytes
 Hardware stack levels used:    1
 This function calls:
		Nothing
 This function is called by:
		_main
		_TMR0_CallBack
 This function uses a non-reentrant model


 *************** function _TMR0_DefaultInterruptHandler *****************
 Defined at:
		line 175 in file "mcc_generated_files/tmr0.c"
 Parameters:    Size  Location     Type
		None
 Auto vars:     Size  Location     Type
		None
 Return value:  Size  Location     Type
                  1    wreg      void 
 Registers used:
		None
 Tracked objects:
		On entry : 
		On exit  : 
		Unchanged: 
 Data sizes:     COMRAM   BANK0   BANK1   BANK2   BANK3   BANK4   BANK5   BANK6   BANK7   BANK8   BANK9  BANK10  BANK11  BANK12  BANK13  BANK14
      Params:         0       0       0       0       0       0       0       0       0       0       0       0       0       0       0       0
      Locals:         0       0       0       0       0       0       0       0       0       0       0       0       0       0       0       0
      Temps:          0       0       0       0       0       0       0       0       0       0       0       0       0       0       0       0
      Totals:         0       0       0       0       0       0       0       0       0       0       0       0       0       0       0       0
Total ram usage:        0 bytes
 Hardware stack levels used:    1
 This function calls:
		Nothing
 This function is called by:
		_TMR0_Initialize
		_TMR0_CallBack
 This function uses a non-reentrant model



MODULE INFORMATION

Module		Function		Class		Link	Load	Size
C:\Program Files\Microchip\xc8\v2.31\pic\sources\c99\common\isdigit.c
		_isdigit       		CODE           	29CC	0000	56

C:\Program Files\Microchip\xc8\v2.31\pic\sources\c99\common\isdigit.c estimated size: 56

mcc_generated_files/tmr4.c
		_TMR4_ISR      		CODE           	2B98	0000	46
		_TMR4_Initialize		CODE           	2D7C	0000	30
		_TMR4_SetInterruptHandler		CODE           	2E4A	0000	10
		_TMR4_DefaultInterruptHandler		CODE           	2EA8	0000	2
		_TMR4_CallBack 		CODE           	2AA8	0000	48

mcc_generated_files/tmr4.c estimated size: 136

C:\Program Files\Microchip\xc8\v2.31\pic\sources\c99\common\nf_fputs.c
		_fputs         		CODE           	27B4	0000	68

C:\Program Files\Microchip\xc8\v2.31\pic\sources\c99\common\nf_fputs.c estimated size: 68

mcc_generated_files/tmr2.c
		_TMR2_ISR      		CODE           	2BC6	0000	46
		_TMR2_Initialize		CODE           	2D9A	0000	30
		_TMR2_SetInterruptHandler		CODE           	2E5E	0000	10
		_TMR2_DefaultInterruptHandler		CODE           	2EAC	0000	2
		_TMR2_CallBack 		CODE           	2B08	0000	48

mcc_generated_files/tmr2.c estimated size: 136

mcc_generated_files/interrupt_manager.c
		_INTERRUPT_Initialize		CODE           	2EA0	0000	4
		_INTERRUPT_InterruptManager		CODE           	0008	0000	212

mcc_generated_files/interrupt_manager.c estimated size: 216

C:\Program Files\Microchip\xc8\v2.31\pic\sources\c99\common\printf.c
		_printf        		CODE           	2C9A	0000	40

C:\Program Files\Microchip\xc8\v2.31\pic\sources\c99\common\printf.c estimated size: 40

mcc_generated_files/tmr0.c
		_TMR0_SetInterruptHandler		CODE           	2E72	0000	10
		_TMR0_DefaultInterruptHandler		CODE           	2EB0	0000	2
		_TMR0_CallBack 		CODE           	2B68	0000	48
		_TMR0_ISR      		CODE           	2A72	0000	54
		_TMR0_Initialize		CODE           	2A04	0000	56

mcc_generated_files/tmr0.c estimated size: 170

C:\Program Files\Microchip\xc8\v2.31\pic\sources\c99\common\atoi.c
		_atoi          		CODE           	1B8A	0000	400

C:\Program Files\Microchip\xc8\v2.31\pic\sources\c99\common\atoi.c estimated size: 400

C:\Program Files\Microchip\xc8\v2.31\pic\sources\c99\common\strlen.c
		_strlen        		CODE           	2A3C	0000	54

C:\Program Files\Microchip\xc8\v2.31\pic\sources\c99\common\strlen.c estimated size: 54

mcc_generated_files/pin_manager.c
		_PIN_MANAGER_Initialize		CODE           	2C1E	0000	42

mcc_generated_files/pin_manager.c estimated size: 42

C:\Program Files\Microchip\xc8\v2.31\pic\sources\c99\common\isupper.c
		_isupper       		CODE           	2994	0000	56

C:\Program Files\Microchip\xc8\v2.31\pic\sources\c99\common\isupper.c estimated size: 56

C:\Program Files\Microchip\xc8\v2.31\pic\sources\c99\common\nf_fputc.c
		_fputc         		CODE           	25AC	0000	150

C:\Program Files\Microchip\xc8\v2.31\pic\sources\c99\common\nf_fputc.c estimated size: 150

shared
		i2_TMR3_WriteTimer		CODE           	2CC2	0000	40
		i2_EUSART1_Read		CODE           	2C48	0000	42
		i2_lecture     		CODE           	226A	0000	276
		__initialization		CODE           	26A4	0000	82

shared estimated size: 440

mcc_generated_files/eusart1.c
		_EUSART1_Initialize		CODE           	27F8	0000	64
		_putch         		CODE           	2E40	0000	10
		_EUSART1_SetFramingErrorHandler		CODE           	2E86	0000	10
		_EUSART1_Read  		CODE           	2BF4	0000	42
		_EUSART1_SetOverrunErrorHandler		CODE           	2E7C	0000	10
		_EUSART1_SetErrorHandler		CODE           	2E90	0000	10
		_EUSART1_Write 		CODE           	2E08	0000	22

mcc_generated_files/eusart1.c estimated size: 168

C:\Program Files\Microchip\xc8\v2.31\pic\sources\c99\common\islower.c
		_islower       		CODE           	295C	0000	56

C:\Program Files\Microchip\xc8\v2.31\pic\sources\c99\common\islower.c estimated size: 56

mcc_generated_files/mcc.c
		_OSCILLATOR_Initialize		CODE           	2E1E	0000	18
		_SYSTEM_Initialize		CODE           	2D38	0000	38

mcc_generated_files/mcc.c estimated size: 56

mcc_generated_files/tmr3.c
		_TMR3_ISR      		CODE           	28E8	0000	58
		_TMR3_Initialize		CODE           	2874	0000	58
		_TMR3_SetInterruptHandler		CODE           	2E54	0000	10
		_TMR3_DefaultInterruptHandler		CODE           	2EAA	0000	2
		_TMR3_CallBack 		CODE           	2AD8	0000	48
		_TMR3_WriteTimer		CODE           	2C72	0000	40

mcc_generated_files/tmr3.c estimated size: 216

mcc_generated_files/tmr1.c
		_TMR1_Initialize		CODE           	28AE	0000	58
		_TMR1_SetInterruptHandler		CODE           	2E68	0000	10
		_TMR1_DefaultInterruptHandler		CODE           	2EAE	0000	2
		_TMR1_CallBack 		CODE           	2B38	0000	48
		_TMR1_WriteTimer		CODE           	2CEA	0000	40
		_TMR1_ISR      		CODE           	2922	0000	58

mcc_generated_files/tmr1.c estimated size: 216

C:\Program Files\Microchip\xc8\v2.31\pic\sources\c99\common\doprnt.c
		_vfpfcnvrt     		CODE           	0F4C	0000	904
		_pad           		CODE           	2448	0000	198
		_vfprintf      		CODE           	2642	0000	98
		_xtoa          		CODE           	12D4	0000	728

C:\Program Files\Microchip\xc8\v2.31\pic\sources\c99\common\doprnt.c estimated size: 1928

C:\Program Files\Microchip\xc8\v2.31\pic\sources\c99\common\toupper.c
		_toupper       		CODE           	2704	0000	94

C:\Program Files\Microchip\xc8\v2.31\pic\sources\c99\common\toupper.c estimated size: 94

C:\Program Files\Microchip\xc8\v2.31\pic\sources\c99\common\isalpha.c
		_isalpha       		CODE           	2838	0000	60

C:\Program Files\Microchip\xc8\v2.31\pic\sources\c99\common\isalpha.c estimated size: 60

C:\Program Files\Microchip\xc8\v2.31\pic\sources\c99\common\isspace.c
		_isspace       		CODE           	2762	0000	82

C:\Program Files\Microchip\xc8\v2.31\pic\sources\c99\common\isspace.c estimated size: 82

C:\Program Files\Microchip\xc8\v2.31\pic\sources\c99\common\Umul16.c
		___wmul        		CODE           	2D12	0000	38

C:\Program Files\Microchip\xc8\v2.31\pic\sources\c99\common\Umul16.c estimated size: 38

main.c
		_affiche       		CODE           	237E	0000	202
		_Blink_        		CODE           	15AC	0000	574
		_traitementEcran		CODE           	1D1A	0000	384
		_main          		CODE           	250E	0000	158
		_lamp_test     		CODE           	1E9A	0000	382
		_LCD_Function  		CODE           	2018	0000	318
		_lecture       		CODE           	2156	0000	276
		_reception_affichage		CODE           	2D5E	0000	30
		_Minute        		CODE           	2DB8	0000	28
		_EUSART_function		CODE           	2E30	0000	16
		_Secondes_5    		CODE           	2DEE	0000	26
		_reception_    		CODE           	2DD4	0000	26
		_traitementNormale		CODE           	17EA	0000	504
		_connect       		CODE           	19E2	0000	424

main.c estimated size: 3348

