Microchip MPLAB XC8 Compiler V2.40

Linker command line:

-W-3 \
  --edf=C:\Program Files\Microchip\xc8\v2.40\pic\dat\20220703182018_en.msgs \
  -cn \
  -h+dist/default/production\Projet_1_lecture_des_adresses.X.production.sym \
  --cmf=dist/default/production\Projet_1_lecture_des_adresses.X.production.cmf \
  -z -Q18F25K80 -oC:\Users\e2068916\AppData\Local\Temp\xcAsbc8.5 \
  --defsym=__MPLAB_BUILD=1 --fixupoverflow=error \
  -Mdist/default/production/Projet_1_lecture_des_adresses.X.production.map \
  --md=C:\Users\e2068916\AppData\Local\Temp\xcBsbc8.dat -E1 \
  -ver=XC8 Compiler --acfsm=1493 -ACODE=00h-07FFFh -ACONST=00h-07FFFh \
  -ASMALLCONST=01000h-010FFhx112 -AMEDIUMCONST=01000h-07FFFh \
  -ACOMRAM=01h-05Fh -AABS1=00h-0E40h -ABIGRAM=01h-0E40h \
  -ARAM=060h-0FFh,0100h-01FFhx13,0E00h-0E40h -ABANK0=060h-0FFh \
  -ABANK1=0100h-01FFh -ABANK2=0200h-02FFh -ABANK3=0300h-03FFh \
  -ABANK4=0400h-04FFh -ABANK5=0500h-05FFh -ABANK6=0600h-06FFh \
  -ABANK7=0700h-07FFh -ABANK8=0800h-08FFh -ABANK9=0900h-09FFh \
  -ABANK10=0A00h-0AFFh -ABANK11=0B00h-0BFFh -ABANK12=0C00h-0CFFh \
  -ABANK13=0D00h-0DFFh -ABANK14=0E00h-0E40h \
  -ASFR=0E41h-0EFFh,0F00h-0F5Fh,0F60h-0FFFh -ABIGSFR=0E41h-0FFFh \
  -ACONFIG=0300000h-030000Dh -AIDLOC=0200000h-0200007h \
  -AEEDATA=0F00000h-0F003FFh -peeprom_data=EEDATA \
  -preset_vec=00h,intcode=08h,intcodelo,powerup,init -pramtop=01000h \
  -psmallconst=SMALLCONST -pmediumconst=MEDIUMCONST -pconst=CONST \
  -AFARRAM=00h-00h \
  -prdata=COMRAM,nvrram=COMRAM,nvbit=COMRAM,rbss=COMRAM,rbit=COMRAM \
  -pfarbss=FARRAM,fardata=FARRAM,nvFARRAM=FARRAM \
  -pintsave_regs=BIGRAM,bigbss=BIGRAM,bigdata=BIGRAM -pbss=RAM \
  -pidata=CODE,irdata=CODE,ibigdata=CODE,ifardata=CODE -prparam=COMRAM \
  C:\Users\e2068916\AppData\Local\Temp\xcAsbc8.o \
  dist/default/production\Projet_1_lecture_des_adresses.X.production.o 

Object code version is 3.11

Machine type is 18F25K80



                Name                               Link     Load   Length Selector   Space Scale
C:\Users\e2068916\AppData\Local\Temp\xcAsbc8.o
                idloc                            200000   200000        8        0       5
                config                           300000   300000        E        0       4
                init                                 4C       4C        4        4       0
                reset_vec                             0        0        4        0       0
dist/default/production\Projet_1_lecture_des_adresses.X.production.o
                intcode                               8        8       44        4       0
                idloc                            200000   200000        8        0       5
                config                           300000   300000        E        0       4
                temp                                 5D       5D        1        1       1
                smallconst                         1000     1000        8      800       0
                text25                             1B9A     1B9A        2      804       0
                text24                             1AE8     1AE8       20      804       0
                text22                             1554     1554      13A      804       0
                text21                             194C     194C       78      804       0
                text20                             1008     1008      254      804       0
                text19                             1B8C     1B8C        A      804       0
                text18                             168E     168E       DA      804       0
                text17                             1B82     1B82        A      804       0
                text16                             1B78     1B78        A      804       0
                text15                             1B6E     1B6E        A      804       0
                text14                             1A58     1A58       3E      804       0
                text13                             1B96     1B96        4      804       0
                text12                             1B52     1B52       12      804       0
                text11                             1A96     1A96       2A      804       0
                text10                             1B3C     1B3C       16      804       0
                text9                              1B26     1B26       16      804       0
                text8                              1B64     1B64        A      804       0
                text7                              183C     183C       96      804       0
                text6                              1A14     1A14       44      804       0
                text5                              18D2     18D2       7A      804       0
                text4                              125C     125C      194      804       0
                text3                              13F0     13F0      164      804       0
                text2                              19C4     19C4       50      804       0
                text1                              1AC0     1AC0       28      804       0
                text0                              1768     1768       D4      804       0
                cstackCOMRAM                          1        1       5A        1       1
                cstackBANK0                          94       94        C       60       1
                bssBANK0                             60       60       34       60       1
                bssCOMRAM                            5B       5B        2        1       1
                cinit                              1B08     1B08       1E      804       0
                nvBANK0                              A0       A0        6       60       1

TOTAL           Name                               Link     Load   Length     Space
        CLASS   CODE           
                intcode                               8        8       44         0
                init                                 4C       4C        4         0
                reset_vec                             0        0        4         0
                text25                             1B9A     1B9A        2         0
                text24                             1AE8     1AE8       20         0
                text22                             1554     1554      13A         0
                text21                             194C     194C       78         0
                text20                             1008     1008      254         0
                text19                             1B8C     1B8C        A         0
                text18                             168E     168E       DA         0
                text17                             1B82     1B82        A         0
                text16                             1B78     1B78        A         0
                text15                             1B6E     1B6E        A         0
                text14                             1A58     1A58       3E         0
                text13                             1B96     1B96        4         0
                text12                             1B52     1B52       12         0
                text11                             1A96     1A96       2A         0
                text10                             1B3C     1B3C       16         0
                text9                              1B26     1B26       16         0
                text8                              1B64     1B64        A         0
                text7                              183C     183C       96         0
                text6                              1A14     1A14       44         0
                text5                              18D2     18D2       7A         0
                text4                              125C     125C      194         0
                text3                              13F0     13F0      164         0
                text2                              19C4     19C4       50         0
                text1                              1AC0     1AC0       28         0
                text0                              1768     1768       D4         0
                cinit                              1B08     1B08       1E         0

        CLASS   CONST          

        CLASS   SMALLCONST     
                smallconst                         1000     1000        8         0

        CLASS   MEDIUMCONST    

        CLASS   COMRAM         
                temp                                 5D       5D        1         1
                cstackCOMRAM                          1        1       5A         1
                bssCOMRAM                            5B       5B        2         1

        CLASS   ABS1           

        CLASS   BIGRAM         

        CLASS   RAM            

        CLASS   BANK0          
                cstackBANK0                          94       94        C         1
                bssBANK0                             60       60       34         1
                nvBANK0                              A0       A0        6         1

        CLASS   BANK1          

        CLASS   BANK2          

        CLASS   BANK3          

        CLASS   BANK4          

        CLASS   BANK5          

        CLASS   BANK6          

        CLASS   BANK7          

        CLASS   BANK8          

        CLASS   BANK9          

        CLASS   BANK10         

        CLASS   BANK11         

        CLASS   BANK12         

        CLASS   BANK13         

        CLASS   BANK14         

        CLASS   SFR            

        CLASS   BIGSFR         

        CLASS   CONFIG         
                config                           300000   300000        E         4

        CLASS   IDLOC          
                idloc                            200000   200000        8         5

        CLASS   EEDATA         

        CLASS   FARRAM         

        CLASS   HEAP           

        CLASS   STACK          



SEGMENTS        Name                           Load    Length   Top    Selector   Space  Class

                reset_vec                      000000  000004  000004         0       0  CODE    
                cstackCOMRAM                   000001  00005D  00005E         1       1  COMRAM  
                intcode                        000008  000048  000050         4       0  CODE    
                bssBANK0                       000060  000046  0000A6        60       1  BANK0   
                smallconst                     001000  000008  001008       800       0  SMALLCON
                text20                         001008  000B94  001B9C       804       0  CODE    


UNUSED ADDRESS RANGES

        Name                Unused          Largest block    Delta
        BANK0            0000A6-0000FF               5A
        BANK1            000100-0001FF              100
        BANK10           000A00-000AFF              100
        BANK11           000B00-000BFF              100
        BANK12           000C00-000CFF              100
        BANK13           000D00-000DFF              100
        BANK14           000E00-000E40               41
        BANK2            000200-0002FF              100
        BANK3            000300-0003FF              100
        BANK4            000400-0004FF              100
        BANK5            000500-0005FF              100
        BANK6            000600-0006FF              100
        BANK7            000700-0007FF              100
        BANK8            000800-0008FF              100
        BANK9            000900-0009FF              100
        BIGRAM           00005E-00005F                2
                         0000A6-000E40              D9B
        BIGSFR           000E41-000FFF              1BF
        CODE             000004-000007                4
                         000050-000FFF              FB0
                         001B9C-007FFF             6464
        COMRAM           00005E-00005F                2
        CONST            000004-000007                4
                         000050-000FFF              FB0
                         001B9C-007FFF             6464
        EEDATA           F00000-F003FF              400
        MEDIUMCONST      001B9C-007FFF             6464
        RAM              0000A6-000E40              100
        SFR              000E41-000FFF               BF
        SMALLCONST       001B9C-007FFF              100

                                  Symbol Table

?_convertReg2ExtendedCANid                         cstackCOMRAM 000003
?_convertReg2StandardCANid                         cstackCOMRAM 000003
?_printf                                           cstackBANK0  00009A
?_vfprintf                                         cstackBANK0  000094
CAN_receive@returnValue                            cstackCOMRAM 000018
CAN_receive@tempCanMsg                             cstackCOMRAM 000016
ECAN_SetWakeUpInterruptHandler@handler             cstackCOMRAM 000003
EUSART1_SetErrorHandler@interruptHandler           cstackCOMRAM 000003
EUSART1_SetFramingErrorHandler@interruptHandler    cstackCOMRAM 000003
EUSART1_SetOverrunErrorHandler@interruptHandler    cstackCOMRAM 000003
EUSART1_Write@txData                               cstackCOMRAM 000003
_ANCON0                                            (abs)        000F5D
_ANCON1                                            (abs)        000F5C
_BAUDCON1                                          (abs)        000FA7
_BRGCON1                                           (abs)        000E43
_BRGCON2                                           (abs)        000E44
_BRGCON3                                           (abs)        000E45
_CANCON                                            (abs)        000F6F
_CANSTAT                                           (abs)        000F6E
_CAN_receive                                       text20       001008
_CIOCON                                            (abs)        000F70
_COMSTATbits                                       (abs)        000F71
_ECANCON                                           (abs)        000F72
_ECAN_Initialize                                   text18       00168E
_ECAN_SetWakeUpInterruptHandler                    text19       001B8C
_ECAN_WAKI_ISR                                     text24       001AE8
_EUSART1_DefaultErrorHandler                       (abs)        000000
_EUSART1_DefaultFramingErrorHandler                (abs)        000000
_EUSART1_DefaultOverrunErrorHandler                (abs)        000000
_EUSART1_ErrorHandler                              nvBANK0      0000A0
_EUSART1_FramingErrorHandler                       nvBANK0      0000A4
_EUSART1_Initialize                                text14       001A58
_EUSART1_OverrunErrorHandler                       nvBANK0      0000A2
_EUSART1_SetErrorHandler                           text17       001B82
_EUSART1_SetFramingErrorHandler                    text16       001B78
_EUSART1_SetOverrunErrorHandler                    text15       001B6E
_EUSART1_Write                                     text9        001B26
_INTCON2bits                                       (abs)        000FF1
_INTCONbits                                        (abs)        000FF2
_INTERRUPT_Initialize                              text13       001B96
_INTERRUPT_InterruptManager                        intcode      000008
_LATA                                              (abs)        000F89
_LATAbits                                          (abs)        000F89
_LATB                                              (abs)        000F8A
_LATC                                              (abs)        000F8B
_Lux_INT_Rx                                        bssBANK0     000086
_OSCCON                                            (abs)        000FD3
_OSCCON2                                           (abs)        000FD2
_OSCILLATOR_Initialize                             text12       001B52
_OSCTUNE                                           (abs)        000F9B
_PIE5bits                                          (abs)        000F76
_PIN_MANAGER_Initialize                            text11       001A96
_PIR1bits                                          (abs)        000F9E
_PIR5bits                                          (abs)        000F77
_RCONbits                                          (abs)        000FD0
_RCREG1                                            (abs)        000FAE
_RCSTA1                                            (abs)        000FAB
_RCSTA1bits                                        (abs)        000FAB
_REFOCON                                           (abs)        000F9A
_RXB0CONbits                                       (abs)        000F60
_RXB0D0                                            (abs)        000F66
_RXB0D1                                            (abs)        000F67
_RXB0D2                                            (abs)        000F68
_RXB0D3                                            (abs)        000F69
_RXB0D4                                            (abs)        000F6A
_RXB0D5                                            (abs)        000F6B
_RXB0D6                                            (abs)        000F6C
_RXB0D7                                            (abs)        000F6D
_RXB0DLC                                           (abs)        000F65
_RXB0EIDH                                          (abs)        000F63
_RXB0EIDL                                          (abs)        000F64
_RXB0SIDH                                          (abs)        000F61
_RXB0SIDL                                          (abs)        000F62
_RXB1CONbits                                       (abs)        000F30
_RXB1D0                                            (abs)        000F36
_RXB1D1                                            (abs)        000F37
_RXB1D2                                            (abs)        000F38
_RXB1D3                                            (abs)        000F39
_RXB1D4                                            (abs)        000F3A
_RXB1D5                                            (abs)        000F3B
_RXB1D6                                            (abs)        000F3C
_RXB1D7                                            (abs)        000F3D
_RXB1DLC                                           (abs)        000F35
_RXB1EIDH                                          (abs)        000F33
_RXB1EIDL                                          (abs)        000F34
_RXB1SIDH                                          (abs)        000F31
_RXB1SIDL                                          (abs)        000F32
_RXF0EIDH                                          (abs)        000EE2
_RXF0EIDL                                          (abs)        000EE3
_RXF0SIDH                                          (abs)        000EE0
_RXF0SIDL                                          (abs)        000EE1
_RXF1EIDH                                          (abs)        000EE6
_RXF1EIDL                                          (abs)        000EE7
_RXF1SIDH                                          (abs)        000EE4
_RXF1SIDL                                          (abs)        000EE5
_RXF2EIDH                                          (abs)        000EEA
_RXF2EIDL                                          (abs)        000EEB
_RXF2SIDH                                          (abs)        000EE8
_RXF2SIDL                                          (abs)        000EE9
_RXF3EIDH                                          (abs)        000EEE
_RXF3EIDL                                          (abs)        000EEF
_RXF3SIDH                                          (abs)        000EEC
_RXF3SIDL                                          (abs)        000EED
_RXF4EIDH                                          (abs)        000EF2
_RXF4EIDL                                          (abs)        000EF3
_RXF4SIDH                                          (abs)        000EF0
_RXF4SIDL                                          (abs)        000EF1
_RXF5EIDH                                          (abs)        000EF6
_RXF5EIDL                                          (abs)        000EF7
_RXF5SIDH                                          (abs)        000EF4
_RXF5SIDL                                          (abs)        000EF5
_RXM0EIDH                                          (abs)        000EFA
_RXM0EIDL                                          (abs)        000EFB
_RXM0SIDH                                          (abs)        000EF8
_RXM0SIDL                                          (abs)        000EF9
_RXM1EIDH                                          (abs)        000EFE
_RXM1EIDL                                          (abs)        000EFF
_RXM1SIDH                                          (abs)        000EFC
_RXM1SIDL                                          (abs)        000EFD
_SPBRG1                                            (abs)        000FAF
_SPBRGH1                                           (abs)        000F7D
_SYSTEM_Initialize                                 text10       001B3C
_TRISA                                             (abs)        000F92
_TRISB                                             (abs)        000F93
_TRISC                                             (abs)        000F94
_TXB0CONbits                                       (abs)        000F20
_TXB0D0                                            (abs)        000F26
_TXB0D1                                            (abs)        000F27
_TXB0D2                                            (abs)        000F28
_TXB0D3                                            (abs)        000F29
_TXB0D4                                            (abs)        000F2A
_TXB0D5                                            (abs)        000F2B
_TXB0D6                                            (abs)        000F2C
_TXB0D7                                            (abs)        000F2D
_TXB0DLC                                           (abs)        000F25
_TXB0EIDH                                          (abs)        000F23
_TXB0EIDL                                          (abs)        000F24
_TXB0SIDH                                          (abs)        000F21
_TXB0SIDL                                          (abs)        000F22
_TXB1CONbits                                       (abs)        000F10
_TXB1D0                                            (abs)        000F16
_TXB1D1                                            (abs)        000F17
_TXB1D2                                            (abs)        000F18
_TXB1D3                                            (abs)        000F19
_TXB1D4                                            (abs)        000F1A
_TXB1D5                                            (abs)        000F1B
_TXB1D6                                            (abs)        000F1C
_TXB1D7                                            (abs)        000F1D
_TXB1DLC                                           (abs)        000F15
_TXB1EIDH                                          (abs)        000F13
_TXB1EIDL                                          (abs)        000F14
_TXB1SIDH                                          (abs)        000F11
_TXB1SIDL                                          (abs)        000F12
_TXB2CONbits                                       (abs)        000F00
_TXB2D0                                            (abs)        000F06
_TXB2D1                                            (abs)        000F07
_TXB2D2                                            (abs)        000F08
_TXB2D3                                            (abs)        000F09
_TXB2D4                                            (abs)        000F0A
_TXB2D5                                            (abs)        000F0B
_TXB2D6                                            (abs)        000F0C
_TXB2D7                                            (abs)        000F0D
_TXB2DLC                                           (abs)        000F05
_TXB2EIDH                                          (abs)        000F03
_TXB2EIDL                                          (abs)        000F04
_TXB2SIDH                                          (abs)        000F01
_TXB2SIDL                                          (abs)        000F02
_TXREG1                                            (abs)        000FAD
_TXSTA1                                            (abs)        000FAC
_TXSTA1bits                                        (abs)        000FAC
_WPUB                                              (abs)        000F5B
_WakeUpDefaultInterruptHandler                     text25       001B9A
_WakeUpInterruptHandler                            bssBANK0     000064
__HRAM                                             (abs)        000000
__Habs1                                            abs1         000000
__Hbank0                                           bank0        000000
__Hbank1                                           bank1        000000
__Hbank10                                          bank10       000000
__Hbank11                                          bank11       000000
__Hbank12                                          bank12       000000
__Hbank13                                          bank13       000000
__Hbank14                                          bank14       000000
__Hbank2                                           bank2        000000
__Hbank3                                           bank3        000000
__Hbank4                                           bank4        000000
__Hbank5                                           bank5        000000
__Hbank6                                           bank6        000000
__Hbank7                                           bank7        000000
__Hbank8                                           bank8        000000
__Hbank9                                           bank9        000000
__Hbigbss                                          bigbss       000000
__Hbigdata                                         bigdata      000000
__Hbigram                                          bigram       000000
__Hbigsfr                                          bigsfr       000000
__Hbss                                             bss          000000
__HbssBANK0                                        bssBANK0     000000
__HbssCOMRAM                                       bssCOMRAM    000000
__Hcinit                                           cinit        000000
__Hclrtext                                         clrtext      000000
__Hcomram                                          comram       000000
__Hconfig                                          config       30000E
__Hconst                                           const        000000
__HcstackBANK0                                     cstackBANK0  000000
__HcstackCOMRAM                                    cstackCOMRAM 000000
__Hdata                                            data         000000
__Heeprom_data                                     eeprom_data  000000
__Hfarbss                                          farbss       000000
__Hfardata                                         fardata      000000
__Hheap                                            heap         000000
__Hibigdata                                        ibigdata     000000
__Hidata                                           idata        000000
__Hidloc                                           idloc        200008
__Hifardata                                        ifardata     000000
__Hinit                                            init         000050
__Hintcode                                         intcode      00004C
__Hintcode_body                                    intcode_body 000000
__Hintcodelo                                       intcodelo    00004C
__Hintentry                                        intentry     000000
__Hintret                                          intret       000000
__Hintsave_regs                                    intsave_regs 000000
__Hirdata                                          irdata       000000
__Hmediumconst                                     mediumconst  000000
__HnvBANK0                                         nvBANK0      000000
__HnvFARRAM                                        nvFARRAM     000000
__Hnvbit                                           nvbit        000000
__Hnvrram                                          nvrram       000000
__Hparam                                           rparam       000000
__Hpowerup                                         powerup      00004C
__Hram                                             ram          000000
__Hramtop                                          ramtop       001000
__Hrbit                                            rbit         000000
__Hrbss                                            rbss         000000
__Hrdata                                           rdata        000000
__Hreset_vec                                       reset_vec    000004
__Hrparam                                          rparam       000000
__Hsfr                                             sfr          000000
__Hsmallconst                                      smallconst   001008
__Hspace_0                                         (abs)        001B9C
__Hspace_1                                         (abs)        0000A6
__Hspace_2                                         (abs)        000000
__Hspace_4                                         (abs)        60000E
__Hstack                                           stack        000000
__Hstruct                                          struct       000000
__Htemp                                            temp         00005E
__Htext                                            text         000000
__Htext0                                           text0        000000
__Htext1                                           text1        000000
__Htext10                                          text10       000000
__Htext11                                          text11       000000
__Htext12                                          text12       000000
__Htext13                                          text13       000000
__Htext14                                          text14       000000
__Htext15                                          text15       000000
__Htext16                                          text16       000000
__Htext17                                          text17       000000
__Htext18                                          text18       000000
__Htext19                                          text19       000000
__Htext2                                           text2        000000
__Htext20                                          text20       000000
__Htext21                                          text21       000000
__Htext22                                          text22       000000
__Htext24                                          text24       000000
__Htext25                                          text25       000000
__Htext26                                          text26       000000
__Htext3                                           text3        000000
__Htext4                                           text4        000000
__Htext5                                           text5        000000
__Htext6                                           text6        000000
__Htext7                                           text7        000000
__Htext8                                           text8        000000
__Htext9                                           text9        000000
__LRAM                                             (abs)        000001
__Labs1                                            abs1         000000
__Lbank0                                           bank0        000000
__Lbank1                                           bank1        000000
__Lbank10                                          bank10       000000
__Lbank11                                          bank11       000000
__Lbank12                                          bank12       000000
__Lbank13                                          bank13       000000
__Lbank14                                          bank14       000000
__Lbank2                                           bank2        000000
__Lbank3                                           bank3        000000
__Lbank4                                           bank4        000000
__Lbank5                                           bank5        000000
__Lbank6                                           bank6        000000
__Lbank7                                           bank7        000000
__Lbank8                                           bank8        000000
__Lbank9                                           bank9        000000
__Lbigbss                                          bigbss       000000
__Lbigdata                                         bigdata      000000
__Lbigram                                          bigram       000000
__Lbigsfr                                          bigsfr       000000
__Lbss                                             bss          000000
__LbssBANK0                                        bssBANK0     000000
__LbssCOMRAM                                       bssCOMRAM    000000
__Lcinit                                           cinit        000000
__Lclrtext                                         clrtext      000000
__Lcomram                                          comram       000000
__Lconfig                                          config       000000
__Lconst                                           const        000000
__LcstackBANK0                                     cstackBANK0  000000
__LcstackCOMRAM                                    cstackCOMRAM 000000
__Ldata                                            data         000000
__Leeprom_data                                     eeprom_data  000000
__Lfarbss                                          farbss       000000
__Lfardata                                         fardata      000000
__Lheap                                            heap         000000
__Libigdata                                        ibigdata     000000
__Lidata                                           idata        000000
__Lidloc                                           idloc        000000
__Lifardata                                        ifardata     000000
__Linit                                            init         00004C
__Lintcode                                         intcode      000008
__Lintcode_body                                    intcode_body 000000
__Lintcodelo                                       intcodelo    00004C
__Lintentry                                        intentry     000000
__Lintret                                          intret       000000
__Lintsave_regs                                    intsave_regs 000000
__Lirdata                                          irdata       000000
__Lmediumconst                                     mediumconst  000000
__LnvBANK0                                         nvBANK0      000000
__LnvFARRAM                                        nvFARRAM     000000
__Lnvbit                                           nvbit        000000
__Lnvrram                                          nvrram       000000
__Lparam                                           rparam       000000
__Lpowerup                                         powerup      00004C
__Lram                                             ram          000000
__Lramtop                                          ramtop       001000
__Lrbit                                            rbit         000000
__Lrbss                                            rbss         000000
__Lrdata                                           rdata        000000
__Lreset_vec                                       reset_vec    000000
__Lrparam                                          rparam       000000
__Lsfr                                             sfr          000000
__Lsmallconst                                      smallconst   001000
__Lspace_0                                         (abs)        000000
__Lspace_1                                         (abs)        000000
__Lspace_2                                         (abs)        000000
__Lspace_4                                         (abs)        000000
__Lstack                                           stack        000000
__Lstruct                                          struct       000000
__Ltemp                                            temp         00005D
__Ltext                                            text         000000
__Ltext0                                           text0        000000
__Ltext1                                           text1        000000
__Ltext10                                          text10       000000
__Ltext11                                          text11       000000
__Ltext12                                          text12       000000
__Ltext13                                          text13       000000
__Ltext14                                          text14       000000
__Ltext15                                          text15       000000
__Ltext16                                          text16       000000
__Ltext17                                          text17       000000
__Ltext18                                          text18       000000
__Ltext19                                          text19       000000
__Ltext2                                           text2        000000
__Ltext20                                          text20       000000
__Ltext21                                          text21       000000
__Ltext22                                          text22       000000
__Ltext24                                          text24       000000
__Ltext25                                          text25       000000
__Ltext26                                          text26       000000
__Ltext3                                           text3        000000
__Ltext4                                           text4        000000
__Ltext5                                           text5        000000
__Ltext6                                           text6        000000
__Ltext7                                           text7        000000
__Ltext8                                           text8        000000
__Ltext9                                           text9        000000
__S0                                               (abs)        001B9C
__S1                                               (abs)        0000A6
__S4                                               (abs)        000000
__S5                                               (abs)        000000
___heap_hi                                         (abs)        000000
___heap_lo                                         (abs)        000000
___inthi_sp                                        stack        000000
___intlo_sp                                        stack        000000
___param_bank                                      (abs)        000000
___rparam_used                                     (abs)        000001
___sp                                              stack        000000
__accesstop                                        (abs)        000060
__activetblptr                                     (abs)        000002
__end_of_CAN_receive                               text20       00125C
__end_of_ECAN_Initialize                           text18       001768
__end_of_ECAN_SetWakeUpInterruptHandler            text19       001B96
__end_of_ECAN_WAKI_ISR                             text24       001B08
__end_of_EUSART1_Initialize                        text14       001A96
__end_of_EUSART1_SetErrorHandler                   text17       001B8C
__end_of_EUSART1_SetFramingErrorHandler            text16       001B82
__end_of_EUSART1_SetOverrunErrorHandler            text15       001B78
__end_of_EUSART1_Write                             text9        001B3C
__end_of_INTERRUPT_Initialize                      text13       001B9A
__end_of_INTERRUPT_InterruptManager                intcode      00004C
__end_of_OSCILLATOR_Initialize                     text12       001B64
__end_of_PIN_MANAGER_Initialize                    text11       001AC0
__end_of_SYSTEM_Initialize                         text10       001B52
__end_of_WakeUpDefaultInterruptHandler             text25       001B9C
__end_of__initialization                           cinit        001B18
__end_of_convertReg2ExtendedCANid                  text22       00168E
__end_of_convertReg2StandardCANid                  text21       0019C4
__end_of_fputc                                     text7        0018D2
__end_of_fputs                                     text6        001A58
__end_of_main                                      text0        00183C
__end_of_pad                                       text5        00194C
__end_of_printf                                    text1        001AE8
__end_of_putch                                     text8        001B6E
__end_of_vfpfcnvrt                                 text3        001554
__end_of_vfprintf                                  text2        001A14
__end_of_xtoa                                      text4        0013F0
__initialization                                   cinit        001B08
__mediumconst                                      mediumconst  000000
__pbssBANK0                                        bssBANK0     000060
__pbssCOMRAM                                       bssCOMRAM    00005B
__pcinit                                           cinit        001B08
__pcstackBANK0                                     cstackBANK0  000094
__pcstackCOMRAM                                    cstackCOMRAM 000001
__pintcode                                         intcode      000008
__pnvBANK0                                         nvBANK0      0000A0
__psmallconst                                      smallconst   001000
__ptext0                                           text0        001768
__ptext1                                           text1        001AC0
__ptext10                                          text10       001B3C
__ptext11                                          text11       001A96
__ptext12                                          text12       001B52
__ptext13                                          text13       001B96
__ptext14                                          text14       001A58
__ptext15                                          text15       001B6E
__ptext16                                          text16       001B78
__ptext17                                          text17       001B82
__ptext18                                          text18       00168E
__ptext19                                          text19       001B8C
__ptext2                                           text2        0019C4
__ptext20                                          text20       001008
__ptext21                                          text21       00194C
__ptext22                                          text22       001554
__ptext24                                          text24       001AE8
__ptext25                                          text25       001B9A
__ptext26                                          text26       000000
__ptext3                                           text3        0013F0
__ptext4                                           text4        00125C
__ptext5                                           text5        0018D2
__ptext6                                           text6        001A14
__ptext7                                           text7        00183C
__ptext8                                           text8        001B64
__ptext9                                           text9        001B26
__ramtop                                           ramtop       001000
__smallconst                                       smallconst   001000
_convertReg2ExtendedCANid                          text22       001554
_convertReg2StandardCANid                          text21       00194C
_dbuf                                              bssBANK0     000066
_eusart1RxLastError                                bssCOMRAM    00005C
_flags                                             bssCOMRAM    00005B
_fputc                                             text7        00183C
_fputs                                             text6        001A14
_main                                              text0        001768
_pad                                               text5        0018D2
_prec                                              bssBANK0     000062
_printf                                            text1        001AC0
_putch                                             text8        001B64
_vfpfcnvrt                                         text3        0013F0
_vfprintf                                          text2        0019C4
_width                                             bssBANK0     000060
_xtoa                                              text4        00125C
_xtoa$1901                                         cstackCOMRAM 000034
btemp                                              temp         00005D
convertReg2ExtendedCANid@CAN_standardLo_ID_hi3bits cstackCOMRAM 000011
convertReg2ExtendedCANid@CAN_standardLo_ID_lo2bits cstackCOMRAM 000010
convertReg2ExtendedCANid@ConvertedID               cstackCOMRAM 000012
convertReg2ExtendedCANid@returnValue               cstackCOMRAM 00000C
convertReg2ExtendedCANid@tempRXBn_EIDH             cstackCOMRAM 00000B
convertReg2ExtendedCANid@tempRXBn_EIDL             cstackCOMRAM 000003
convertReg2ExtendedCANid@tempRXBn_SIDH             cstackCOMRAM 000004
convertReg2ExtendedCANid@tempRXBn_SIDL             cstackCOMRAM 000005
convertReg2StandardCANid@ConvertedID               cstackCOMRAM 00000E
convertReg2StandardCANid@returnValue               cstackCOMRAM 00000A
convertReg2StandardCANid@tempRXBn_SIDH             cstackCOMRAM 000009
convertReg2StandardCANid@tempRXBn_SIDL             cstackCOMRAM 000003
end_of_initialization                              cinit        001B18
fputc@c                                            cstackCOMRAM 000005
fputc@fp                                           cstackCOMRAM 000007
fputs@c                                            cstackCOMRAM 000012
fputs@fp                                           cstackCOMRAM 000010
fputs@i                                            cstackCOMRAM 000013
fputs@s                                            cstackCOMRAM 00000E
int$flags                                          temp         00005D
intlevel0                                          text         000000
intlevel1                                          text         000000
intlevel2                                          text         000000
intlevel3                                          text         000000
isa$std                                            (abs)        000001
isa$xinst                                          (abs)        000000
pad@buf                                            cstackCOMRAM 000017
pad@fp                                             cstackCOMRAM 000015
pad@i                                              cstackCOMRAM 00001C
pad@p                                              cstackCOMRAM 000019
pad@w                                              cstackCOMRAM 00001E
printf@ap                                          cstackCOMRAM 000059
printf@fmt                                         cstackBANK0  00009A
putch@txData                                       cstackCOMRAM 000004
stackhi                                            (abs)        000000
stacklo                                            (abs)        000000
start                                              init         00004C
start_initialization                               cinit        001B08
ttemp5                                             temp         00005E
ttemp6                                             temp         000061
ttemp7                                             temp         000065
vfpfcnvrt@ap                                       cstackCOMRAM 000047
vfpfcnvrt@convarg                                  cstackCOMRAM 00004D
vfpfcnvrt@cp                                       cstackCOMRAM 000055
vfpfcnvrt@fmt                                      cstackCOMRAM 000045
vfpfcnvrt@fp                                       cstackCOMRAM 000043
vfprintf@ap                                        cstackBANK0  000098
vfprintf@cfmt                                      cstackCOMRAM 000057
vfprintf@fmt                                       cstackBANK0  000096
vfprintf@fp                                        cstackBANK0  000094
wtemp8                                             temp         00005E
xtoa@c                                             cstackCOMRAM 000042
xtoa@d                                             cstackCOMRAM 000022
xtoa@fp                                            cstackCOMRAM 000020
xtoa@i                                             cstackCOMRAM 000040
xtoa@n                                             cstackCOMRAM 000038
xtoa@p                                             cstackCOMRAM 000036
xtoa@w                                             cstackCOMRAM 000032


MODULE INFORMATION

Module		Function		Class		Link	Load	Size
C:\Program Files\Microchip\xc8\v2.40\pic\sources\c99\common\nf_fputc.c
		_fputc         		CODE           	183C	0000	150

C:\Program Files\Microchip\xc8\v2.40\pic\sources\c99\common\nf_fputc.c estimated size: 150

mcc_generated_files/interrupt_manager.c
		_INTERRUPT_Initialize		CODE           	1B96	0000	4
		_INTERRUPT_InterruptManager		CODE           	0008	0000	68

mcc_generated_files/interrupt_manager.c estimated size: 72

C:\Program Files\Microchip\xc8\v2.40\pic\sources\c99\common\printf.c
		_printf        		CODE           	1AC0	0000	40

C:\Program Files\Microchip\xc8\v2.40\pic\sources\c99\common\printf.c estimated size: 40

mcc_generated_files/pin_manager.c
		_PIN_MANAGER_Initialize		CODE           	1A96	0000	42

mcc_generated_files/pin_manager.c estimated size: 42

mcc_generated_files/ecan.c
		_ECAN_SetWakeUpInterruptHandler		CODE           	1B8C	0000	10
		_CAN_receive   		CODE           	1008	0000	596
		_ECAN_Initialize		CODE           	168E	0000	218
		_convertReg2ExtendedCANid		CODE           	1554	0000	314
		_convertReg2StandardCANid		CODE           	194C	0000	120
		_WakeUpDefaultInterruptHandler		CODE           	1B9A	0000	2
		_ECAN_WAKI_ISR 		CODE           	1AE8	0000	32

mcc_generated_files/ecan.c estimated size: 1292

C:\Program Files\Microchip\xc8\v2.40\pic\sources\c99\common\nf_fputs.c
		_fputs         		CODE           	1A14	0000	68

C:\Program Files\Microchip\xc8\v2.40\pic\sources\c99\common\nf_fputs.c estimated size: 68

shared
		__initialization		CODE           	1B08	0000	16

shared estimated size: 16

mcc_generated_files/eusart1.c
		_EUSART1_Initialize		CODE           	1A58	0000	62
		_putch         		CODE           	1B64	0000	10
		_EUSART1_SetFramingErrorHandler		CODE           	1B78	0000	10
		_EUSART1_SetOverrunErrorHandler		CODE           	1B6E	0000	10
		_EUSART1_SetErrorHandler		CODE           	1B82	0000	10
		_EUSART1_Write 		CODE           	1B26	0000	22

mcc_generated_files/eusart1.c estimated size: 124

mcc_generated_files/mcc.c
		_OSCILLATOR_Initialize		CODE           	1B52	0000	18
		_SYSTEM_Initialize		CODE           	1B3C	0000	22

mcc_generated_files/mcc.c estimated size: 40

C:\Program Files\Microchip\xc8\v2.40\pic\sources\c99\common\doprnt.c
		_vfpfcnvrt     		CODE           	13F0	0000	356
		_pad           		CODE           	18D2	0000	122
		_vfprintf      		CODE           	19C4	0000	80
		_xtoa          		CODE           	125C	0000	404

C:\Program Files\Microchip\xc8\v2.40\pic\sources\c99\common\doprnt.c estimated size: 962

main.c
		_main          		CODE           	1768	0000	212

main.c estimated size: 212

