Microchip MPLAB XC8 Compiler V2.35

Linker command line:

-W-3 --edf=C:\Program Files\Microchip\xc8\v2.35\pic\dat\en_msgs.txt -cn \
  -h+dist/default/production\Avanc_.X.production.sym \
  --cmf=dist/default/production\Avanc_.X.production.cmf -z -Q18F25K80 \
  -oC:\Users\Colin\AppData\Local\Temp\xcAsf90.4 --defsym=__MPLAB_BUILD=1 \
  -Mdist/default/production/Avanc_.X.production.map \
  --md=C:\Users\Colin\AppData\Local\Temp\xcAsf90.dat -E1 -ver=XC8 Compiler \
  --acfsm=1493 -ACODE=00h-07FFFh -ACONST=00h-07FFFh \
  -ASMALLCONST=0F00h-0FFFhx113 -AMEDIUMCONST=0F00h-07FFFh -ACOMRAM=01h-05Fh \
  -AABS1=00h-0E40h -ABIGRAM=01h-0E40h \
  -ARAM=060h-0FFh,0100h-01FFhx13,0E00h-0E40h -ABANK0=060h-0FFh \
  -ABANK1=0100h-01FFh -ABANK2=0200h-02FFh -ABANK3=0300h-03FFh \
  -ABANK4=0400h-04FFh -ABANK5=0500h-05FFh -ABANK6=0600h-06FFh \
  -ABANK7=0700h-07FFh -ABANK8=0800h-08FFh -ABANK9=0900h-09FFh \
  -ABANK10=0A00h-0AFFh -ABANK11=0B00h-0BFFh -ABANK12=0C00h-0CFFh \
  -ABANK13=0D00h-0DFFh -ABANK14=0E00h-0E40h \
  -ASFR=0E41h-0EFFh,0F00h-0F5Fh,0F60h-0FFFh -ABIGSFR=0E41h-0FFFh \
  -ACONFIG=0300000h-030000Dh -AIDLOC=0200000h-0200007h \
  -AEEDATA=0F00000h-0F003FFh -peeprom_data=EEDATA \
  -preset_vec=00h,intcode=08h,intcodelo,powerup,init -pramtop=0F00h \
  -psmallconst=SMALLCONST -pmediumconst=MEDIUMCONST -pconst=CONST \
  -AFARRAM=00h-00h \
  -prdata=COMRAM,nvrram=COMRAM,nvbit=COMRAM,rbss=COMRAM,rbit=COMRAM \
  -pfarbss=FARRAM,fardata=FARRAM,nvFARRAM=FARRAM \
  -pintsave_regs=BIGRAM,bigbss=BIGRAM,bigdata=BIGRAM -pbss=RAM \
  -pidata=CODE,irdata=CODE,ibigdata=CODE,ifardata=CODE -prparam=COMRAM \
  C:\Users\Colin\AppData\Local\Temp\xcAsf90.o \
  dist/default/production\Avanc_.X.production.o 

Object code version is 3.11

Machine type is 18F25K80



                Name                               Link     Load   Length Selector   Space Scale
C:\Users\Colin\AppData\Local\Temp\xcAsf90.o
                idloc                            200000   200000        8        0       5
                config                           300000   300000        E        0       4
                init                                 BC       BC        4        4       0
                reset_vec                             0        0        4        0       0
dist/default/production\Avanc_.X.production.o
                intcode                               8        8       B4        4       0
                idloc                            200000   200000        8        0       5
                config                           300000   300000        E        0       4
                temp                                 5A       5A        1        1       1
                smallconst                          F00      F00       4E      780       0
                text63                             293A     293A        2      7A7       0
                text62                             2862     2862       1C      7A7       0
                text61                             268C     268C       30      7A7       0
                text60                             25C6     25C6       36      7A7       0
                text59                             2938     2938        2      7A7       0
                text58                             155C     155C      222      7A7       0
                text57                             265C     265C       30      7A7       0
                text56                             27B6     27B6       28      7A7       0
                text55                             2478     2478       3A      7A7       0
                text54                             2936     2936        2      7A7       0
                text53                             262C     262C       30      7A7       0
                text52                             26BC     26BC       2E      7A7       0
                text51                             2934     2934        2      7A7       0
                text50                             287E     287E       1A      7A7       0
                text49                             25FC     25FC       30      7A7       0
                text48                             278E     278E       28      7A7       0
                text47                             243E     243E       3A      7A7       0
                text45                             2916     2916        A      7A7       0
                text44                             290C     290C        A      7A7       0
                text43                             2902     2902        A      7A7       0
                text42                             234E     234E       40      7A7       0
                text41                             2930     2930        4      7A7       0
                text40                             28AE     28AE       12      7A7       0
                text39                             2714     2714       2A      7A7       0
                text38                             28F8     28F8        A      7A7       0
                text37                             2590     2590       36      7A7       0
                text36                             28EE     28EE        A      7A7       0
                text35                             2404     2404       3A      7A7       0
                text34                             28E4     28E4        A      7A7       0
                text33                             2844     2844       1E      7A7       0
                text32                             28DA     28DA        A      7A7       0
                text31                             23CA     23CA       3A      7A7       0
                text30                             2804     2804       22      7A7       0
                text29                             1C04     1C04      152      7A7       0
                text28                             2898     2898       16      7A7       0
                text27                             28C0     28C0       10      7A7       0
                text26                             1D56     1D56      13E      7A7       0
                text25                             27DE     27DE       26      7A7       0
                text24                             2522     2522       38      7A7       0
                text23                             2234     2234       52      7A7       0
                text22                             1AAE     1AAE      156      7A7       0
                text21                             238E     238E       3C      7A7       0
                text20                             24EA     24EA       38      7A7       0
                text19                             28D0     28D0        A      7A7       0
                text18                             20C0     20C0       96      7A7       0
                text17                             22CA     22CA       44      7A7       0
                text16                             255A     255A       36      7A7       0
                text15                             1F66     1F66       C2      7A7       0
                text14                             24B2     24B2       38      7A7       0
                text13                             2286     2286       44      7A7       0
                text12                             12BC     12BC      2A0      7A7       0
                text11                              F4E      F4E      36E      7A7       0
                text10                             21D2     21D2       62      7A7       0
                text9                              2766     2766       28      7A7       0
                text8                              1E94     1E94       D2      7A7       0
                text7                              26EA     26EA       2A      7A7       0
                text6                              2928     2928        8      7A7       0
                text5                              192C     192C      182      7A7       0
                text4                              2826     2826       1E      7A7       0
                text3                              177E     177E      1AE      7A7       0
                text2                              273E     273E       28      7A7       0
                text1                              2028     2028       98      7A7       0
                text0                              2156     2156       7C      7A7       0
                cstackCOMRAM                          1        1       54        1       1
                cstackBANK0                          E1       E1       11       60       1
                cstackBANK1                         100      100        A      100       1
                dataBANK0                            F2       F2        8       60       1
                bssBANK0                             60       60       6E       60       1
                bssCOMRAM                            55       55        3        1       1
                cinit                              230E     230E       40      7A7       0
                nvBANK0                              CE       CE       13       60       1
                nvCOMRAM                             58       58        2        1       1
                idataBANK0                         2920     2920        8      7A7       0

TOTAL           Name                               Link     Load   Length     Space
        CLASS   CODE           
                intcode                               8        8       B4         0
                init                                 BC       BC        4         0
                reset_vec                             0        0        4         0
                text63                             293A     293A        2         0
                text62                             2862     2862       1C         0
                text61                             268C     268C       30         0
                text60                             25C6     25C6       36         0
                text59                             2938     2938        2         0
                text58                             155C     155C      222         0
                text57                             265C     265C       30         0
                text56                             27B6     27B6       28         0
                text55                             2478     2478       3A         0
                text54                             2936     2936        2         0
                text53                             262C     262C       30         0
                text52                             26BC     26BC       2E         0
                text51                             2934     2934        2         0
                text50                             287E     287E       1A         0
                text49                             25FC     25FC       30         0
                text48                             278E     278E       28         0
                text47                             243E     243E       3A         0
                text45                             2916     2916        A         0
                text44                             290C     290C        A         0
                text43                             2902     2902        A         0
                text42                             234E     234E       40         0
                text41                             2930     2930        4         0
                text40                             28AE     28AE       12         0
                text39                             2714     2714       2A         0
                text38                             28F8     28F8        A         0
                text37                             2590     2590       36         0
                text36                             28EE     28EE        A         0
                text35                             2404     2404       3A         0
                text34                             28E4     28E4        A         0
                text33                             2844     2844       1E         0
                text32                             28DA     28DA        A         0
                text31                             23CA     23CA       3A         0
                text30                             2804     2804       22         0
                text29                             1C04     1C04      152         0
                text28                             2898     2898       16         0
                text27                             28C0     28C0       10         0
                text26                             1D56     1D56      13E         0
                text25                             27DE     27DE       26         0
                text24                             2522     2522       38         0
                text23                             2234     2234       52         0
                text22                             1AAE     1AAE      156         0
                text21                             238E     238E       3C         0
                text20                             24EA     24EA       38         0
                text19                             28D0     28D0        A         0
                text18                             20C0     20C0       96         0
                text17                             22CA     22CA       44         0
                text16                             255A     255A       36         0
                text15                             1F66     1F66       C2         0
                text14                             24B2     24B2       38         0
                text13                             2286     2286       44         0
                text12                             12BC     12BC      2A0         0
                text11                              F4E      F4E      36E         0
                text10                             21D2     21D2       62         0
                text9                              2766     2766       28         0
                text8                              1E94     1E94       D2         0
                text7                              26EA     26EA       2A         0
                text6                              2928     2928        8         0
                text5                              192C     192C      182         0
                text4                              2826     2826       1E         0
                text3                              177E     177E      1AE         0
                text2                              273E     273E       28         0
                text1                              2028     2028       98         0
                text0                              2156     2156       7C         0
                cinit                              230E     230E       40         0
                idataBANK0                         2920     2920        8         0

        CLASS   CONST          

        CLASS   SMALLCONST     
                smallconst                          F00      F00       4E         0

        CLASS   MEDIUMCONST    

        CLASS   COMRAM         
                temp                                 5A       5A        1         1
                cstackCOMRAM                          1        1       54         1
                bssCOMRAM                            55       55        3         1
                nvCOMRAM                             58       58        2         1

        CLASS   ABS1           

        CLASS   BIGRAM         

        CLASS   RAM            

        CLASS   BANK0          
                cstackBANK0                          E1       E1       11         1
                dataBANK0                            F2       F2        8         1
                bssBANK0                             60       60       6E         1
                nvBANK0                              CE       CE       13         1

        CLASS   BANK1          
                cstackBANK1                         100      100        A         1

        CLASS   BANK2          

        CLASS   BANK3          

        CLASS   BANK4          

        CLASS   BANK5          

        CLASS   BANK6          

        CLASS   BANK7          

        CLASS   BANK8          

        CLASS   BANK9          

        CLASS   BANK10         

        CLASS   BANK11         

        CLASS   BANK12         

        CLASS   BANK13         

        CLASS   BANK14         

        CLASS   SFR            

        CLASS   BIGSFR         

        CLASS   CONFIG         
                config                           300000   300000        E         4

        CLASS   IDLOC          
                idloc                            200000   200000        8         5

        CLASS   EEDATA         

        CLASS   FARRAM         

        CLASS   HEAP           

        CLASS   STACK          



SEGMENTS        Name                           Load    Length   Top    Selector   Space  Class

                reset_vec                      000000  000004  000004         0       0  CODE    
                cstackCOMRAM                   000001  00005A  00005B         1       1  COMRAM  
                intcode                        000008  0000B8  0000C0         4       0  CODE    
                bssBANK0                       000060  00009A  0000FA        60       1  BANK0   
                cstackBANK1                    000100  00000A  00010A       100       1  BANK1   
                smallconst                     000F00  00004E  000F4E       780       0  SMALLCON
                text11                         000F4E  0019EE  00293C       7A7       0  CODE    


UNUSED ADDRESS RANGES

        Name                Unused          Largest block    Delta
        BANK0            0000FA-0000FF                6
        BANK1            00010A-0001FF               F6
        BANK10           000A00-000AFF              100
        BANK11           000B00-000BFF              100
        BANK12           000C00-000CFF              100
        BANK13           000D00-000DFF              100
        BANK14           000E00-000E40               41
        BANK2            000200-0002FF              100
        BANK3            000300-0003FF              100
        BANK4            000400-0004FF              100
        BANK5            000500-0005FF              100
        BANK6            000600-0006FF              100
        BANK7            000700-0007FF              100
        BANK8            000800-0008FF              100
        BANK9            000900-0009FF              100
        BIGRAM           00005B-00005F                5
                         0000FA-0000FF                6
                         00010A-000E40              D37
        BIGSFR           000E41-000FFF              1BF
        CODE             000004-000007                4
                         0000C0-000EFF              E40
                         00293C-007FFF             56C4
        COMRAM           00005B-00005F                5
        CONST            000004-000007                4
                         0000C0-000EFF              E40
                         00293C-007FFF             56C4
        EEDATA           F00000-F003FF              400
        MEDIUMCONST      00293C-007FFF             56C4
        RAM              0000FA-0000FF                6
                         00010A-000E40              100
        SFR              000E41-000FFF               BF
        SMALLCONST       00293C-007FFF              100

                                  Symbol Table

?___wmul                                        cstackCOMRAM 000005
?_atoi                                          cstackCOMRAM 00000C
?_isalpha                                       cstackCOMRAM 000005
?_isdigit                                       cstackCOMRAM 000005
?_islower                                       cstackCOMRAM 000005
?_isspace                                       cstackCOMRAM 000005
?_isupper                                       cstackCOMRAM 000005
?_pad                                           cstackCOMRAM 000017
?_printf                                        cstackBANK1  000100
?_strlen                                        cstackCOMRAM 000005
?_toupper                                       cstackCOMRAM 00000B
?_vfpfcnvrt                                     cstackCOMRAM 000045
?_vfprintf                                      cstackBANK0  0000EC
?_xtoa                                          cstackCOMRAM 000022
EUSART1_SetErrorHandler@interruptHandler        cstackCOMRAM 000005
EUSART1_SetFramingErrorHandler@interruptHandler cstackCOMRAM 000005
EUSART1_SetOverrunErrorHandler@interruptHandler cstackCOMRAM 000005
EUSART1_Write@txData                            cstackCOMRAM 000005
EUSART_function@hex                             cstackCOMRAM 000006
LCD_Function@ordre                              cstackCOMRAM 00000B
LCD_Function@x                                  cstackCOMRAM 000007
LCD_Function@z                                  cstackCOMRAM 000008
TMR0_ISR@CountCallBack                          bssBANK0     0000A7
TMR0_SetInterruptHandler@InterruptHandler       cstackCOMRAM 000005
TMR1_ISR@CountCallBack                          bssBANK0     0000A9
TMR1_SetInterruptHandler@InterruptHandler       cstackCOMRAM 000005
TMR1_WriteTimer@timerVal                        cstackCOMRAM 000001
TMR2_ISR@CountCallBack                          bssBANK0     0000A3
TMR2_SetInterruptHandler@InterruptHandler       cstackCOMRAM 000005
TMR2_WriteTimer@timerVal                        cstackCOMRAM 000005
TMR3_ISR@CountCallBack                          bssBANK0     0000A5
TMR3_SetInterruptHandler@InterruptHandler       cstackCOMRAM 000005
TMR3_WriteTimer@timerVal                        cstackCOMRAM 000005
_ANCON0                                         (abs)        000F5D
_ANCON1                                         (abs)        000F5C
_BAUDCON1                                       (abs)        000FA7
_Blink_                                         text58       00155C
_EUSART1_DefaultErrorHandler                    (abs)        000000
_EUSART1_DefaultFramingErrorHandler             (abs)        000000
_EUSART1_DefaultOverrunErrorHandler             (abs)        000000
_EUSART1_ErrorHandler                           nvBANK0      0000DA
_EUSART1_FramingErrorHandler                    nvBANK0      0000DE
_EUSART1_Initialize                             text42       00234E
_EUSART1_OverrunErrorHandler                    nvBANK0      0000DC
_EUSART1_Read                                   text7        0026EA
_EUSART1_SetErrorHandler                        text45       002916
_EUSART1_SetFramingErrorHandler                 text44       00290C
_EUSART1_SetOverrunErrorHandler                 text43       002902
_EUSART1_Write                                  text28       002898
_EUSART_function                                text27       0028C0
_EtatE                                          dataBANK0    0000F8
_EtatN                                          dataBANK0    0000F9
_Hx                                             bssBANK0     00009F
_INTCON2bits                                    (abs)        000FF1
_INTCONbits                                     (abs)        000FF2
_INTERRUPT_Initialize                           text41       002930
_INTERRUPT_InterruptManager                     intcode      000008
_LATA                                           (abs)        000F89
_LATB                                           (abs)        000F8A
_LATBbits                                       (abs)        000F8A
_LATC                                           (abs)        000F8B
_LCD_Function                                   text26       001D56
_LCD_Mode                                       nvBANK0      0000E0
_MINUTE                                         bssCOMRAM    000057
_MinInt                                         bssBANK0     0000AB
_Minute                                         text62       002862
_OSCCON                                         (abs)        000FD3
_OSCCON2                                        (abs)        000FD2
_OSCILLATOR_Initialize                          text40       0028AE
_OSCTUNE                                        (abs)        000F9B
_PIE1bits                                       (abs)        000F9D
_PIE2bits                                       (abs)        000FA0
_PIN_MANAGER_Initialize                         text39       002714
_PIR1bits                                       (abs)        000F9E
_PIR2bits                                       (abs)        000FA1
_PORTBbits                                      (abs)        000F81
_PR2                                            (abs)        000FCB
_PX                                             bssBANK0     000087
_PY                                             bssBANK0     000083
_PZ                                             bssBANK0     00007F
_RCONbits                                       (abs)        000FD0
_RCREG1                                         (abs)        000FAE
_RCSTA1                                         (abs)        000FAB
_RCSTA1bits                                     (abs)        000FAB
_REFOCON                                        (abs)        000F9A
_SECONDES_5                                     bssBANK0     0000AC
_SPBRG1                                         (abs)        000FAF
_SPBRGH1                                        (abs)        000F7D
_SPX                                            bssBANK0     00007B
_SPY                                            bssBANK0     000077
_SPZ                                            bssBANK0     000073
_SYSTEM_Initialize                              text30       002804
_Secondes_5                                     text50       00287E
_T0CON                                          (abs)        000FD5
_T0CONbits                                      (abs)        000FD5
_T1CON                                          (abs)        000FCD
_T1CONbits                                      (abs)        000FCD
_T1GCON                                         (abs)        000FAA
_T1GCONbits                                     (abs)        000FAA
_T2CON                                          (abs)        000FCA
_T2CONbits                                      (abs)        000FCA
_T3CON                                          (abs)        000FB1
_T3CONbits                                      (abs)        000FB1
_T3GCON                                         (abs)        000FB0
_T3GCONbits                                     (abs)        000FB0
_TMR0H                                          (abs)        000FD7
_TMR0L                                          (abs)        000FD6
_TMR0_CallBack                                  text61       00268C
_TMR0_DefaultInterruptHandler                   text63       00293A
_TMR0_ISR                                       text60       0025C6
_TMR0_Initialize                                text37       002590
_TMR0_InterruptHandler                          nvBANK0      0000D4
_TMR0_SetInterruptHandler                       text38       0028F8
_TMR1H                                          (abs)        000FCF
_TMR1L                                          (abs)        000FCE
_TMR1_CallBack                                  text57       00265C
_TMR1_DefaultInterruptHandler                   text59       002938
_TMR1_ISR                                       text55       002478
_TMR1_Initialize                                text35       002404
_TMR1_InterruptHandler                          nvBANK0      0000D6
_TMR1_SetInterruptHandler                       text36       0028EE
_TMR1_WriteTimer                                text56       0027B6
_TMR2                                           (abs)        000FCC
_TMR2_CallBack                                  text53       00262C
_TMR2_DefaultInterruptHandler                   text54       002936
_TMR2_ISR                                       text52       0026BC
_TMR2_Initialize                                text33       002844
_TMR2_InterruptHandler                          nvBANK0      0000CE
_TMR2_SetInterruptHandler                       text34       0028E4
_TMR2_WriteTimer                                text6        002928
_TMR3H                                          (abs)        000FB3
_TMR3L                                          (abs)        000FB2
_TMR3_CallBack                                  text49       0025FC
_TMR3_DefaultInterruptHandler                   text51       002934
_TMR3_ISR                                       text47       00243E
_TMR3_Initialize                                text31       0023CA
_TMR3_InterruptHandler                          nvBANK0      0000D0
_TMR3_SetInterruptHandler                       text32       0028DA
_TMR3_WriteTimer                                text2        00273E
_TRISA                                          (abs)        000F92
_TRISB                                          (abs)        000F93
_TRISC                                          (abs)        000F94
_TXREG1                                         (abs)        000FAD
_TXSTA1                                         (abs)        000FAC
_TXSTA1bits                                     (abs)        000FAC
_WPUB                                           (abs)        000F5B
__HRAM                                          (abs)        000000
__Habs1                                         abs1         000000
__Hbank0                                        bank0        000000
__Hbank1                                        bank1        000000
__Hbank10                                       bank10       000000
__Hbank11                                       bank11       000000
__Hbank12                                       bank12       000000
__Hbank13                                       bank13       000000
__Hbank14                                       bank14       000000
__Hbank2                                        bank2        000000
__Hbank3                                        bank3        000000
__Hbank4                                        bank4        000000
__Hbank5                                        bank5        000000
__Hbank6                                        bank6        000000
__Hbank7                                        bank7        000000
__Hbank8                                        bank8        000000
__Hbank9                                        bank9        000000
__Hbigbss                                       bigbss       000000
__Hbigdata                                      bigdata      000000
__Hbigram                                       bigram       000000
__Hbigsfr                                       bigsfr       000000
__Hbss                                          bss          000000
__HbssBANK0                                     bssBANK0     000000
__HbssCOMRAM                                    bssCOMRAM    000000
__Hcinit                                        cinit        000000
__Hclrtext                                      clrtext      000000
__Hcomram                                       comram       000000
__Hconfig                                       config       30000E
__Hconst                                        const        000000
__HcstackBANK0                                  cstackBANK0  000000
__HcstackBANK1                                  cstackBANK1  000000
__HcstackCOMRAM                                 cstackCOMRAM 000000
__Hdata                                         data         000000
__HdataBANK0                                    dataBANK0    000000
__Heeprom_data                                  eeprom_data  000000
__Hfarbss                                       farbss       000000
__Hfardata                                      fardata      000000
__Hheap                                         heap         000000
__Hibigdata                                     ibigdata     000000
__Hidata                                        idata        000000
__HidataBANK0                                   idataBANK0   000000
__Hidloc                                        idloc        200008
__Hifardata                                     ifardata     000000
__Hinit                                         init         0000C0
__Hintcode                                      intcode      0000BC
__Hintcode_body                                 intcode_body 000000
__Hintcodelo                                    intcodelo    0000BC
__Hintentry                                     intentry     000000
__Hintret                                       intret       000000
__Hintsave_regs                                 intsave_regs 000000
__Hirdata                                       irdata       000000
__Hmediumconst                                  mediumconst  000000
__HnvBANK0                                      nvBANK0      000000
__HnvCOMRAM                                     nvCOMRAM     000000
__HnvFARRAM                                     nvFARRAM     000000
__Hnvbit                                        nvbit        000000
__Hnvrram                                       nvrram       000000
__Hparam                                        rparam       000000
__Hpowerup                                      powerup      0000BC
__Hram                                          ram          000000
__Hramtop                                       ramtop       000F00
__Hrbit                                         rbit         000000
__Hrbss                                         rbss         000000
__Hrdata                                        rdata        000000
__Hreset_vec                                    reset_vec    000004
__Hrparam                                       rparam       000000
__Hsfr                                          sfr          000000
__Hsmallconst                                   smallconst   000F4E
__Hspace_0                                      (abs)        00293C
__Hspace_1                                      (abs)        00010A
__Hspace_2                                      (abs)        000000
__Hspace_4                                      (abs)        60000E
__Hstack                                        stack        000000
__Hstruct                                       struct       000000
__Htemp                                         temp         00005B
__Htext                                         text         000000
__Htext0                                        text0        000000
__Htext1                                        text1        000000
__Htext10                                       text10       000000
__Htext11                                       text11       000000
__Htext12                                       text12       000000
__Htext13                                       text13       000000
__Htext14                                       text14       000000
__Htext15                                       text15       000000
__Htext16                                       text16       000000
__Htext17                                       text17       000000
__Htext18                                       text18       000000
__Htext19                                       text19       000000
__Htext2                                        text2        000000
__Htext20                                       text20       000000
__Htext21                                       text21       000000
__Htext22                                       text22       000000
__Htext23                                       text23       000000
__Htext24                                       text24       000000
__Htext25                                       text25       000000
__Htext26                                       text26       000000
__Htext27                                       text27       000000
__Htext28                                       text28       000000
__Htext29                                       text29       000000
__Htext3                                        text3        000000
__Htext30                                       text30       000000
__Htext31                                       text31       000000
__Htext32                                       text32       000000
__Htext33                                       text33       000000
__Htext34                                       text34       000000
__Htext35                                       text35       000000
__Htext36                                       text36       000000
__Htext37                                       text37       000000
__Htext38                                       text38       000000
__Htext39                                       text39       000000
__Htext4                                        text4        000000
__Htext40                                       text40       000000
__Htext41                                       text41       000000
__Htext42                                       text42       000000
__Htext43                                       text43       000000
__Htext44                                       text44       000000
__Htext45                                       text45       000000
__Htext47                                       text47       000000
__Htext48                                       text48       000000
__Htext49                                       text49       000000
__Htext5                                        text5        000000
__Htext50                                       text50       000000
__Htext51                                       text51       000000
__Htext52                                       text52       000000
__Htext53                                       text53       000000
__Htext54                                       text54       000000
__Htext55                                       text55       000000
__Htext56                                       text56       000000
__Htext57                                       text57       000000
__Htext58                                       text58       000000
__Htext59                                       text59       000000
__Htext6                                        text6        000000
__Htext60                                       text60       000000
__Htext61                                       text61       000000
__Htext62                                       text62       000000
__Htext63                                       text63       000000
__Htext64                                       text64       000000
__Htext7                                        text7        000000
__Htext8                                        text8        000000
__Htext9                                        text9        000000
__LRAM                                          (abs)        000001
__Labs1                                         abs1         000000
__Lbank0                                        bank0        000000
__Lbank1                                        bank1        000000
__Lbank10                                       bank10       000000
__Lbank11                                       bank11       000000
__Lbank12                                       bank12       000000
__Lbank13                                       bank13       000000
__Lbank14                                       bank14       000000
__Lbank2                                        bank2        000000
__Lbank3                                        bank3        000000
__Lbank4                                        bank4        000000
__Lbank5                                        bank5        000000
__Lbank6                                        bank6        000000
__Lbank7                                        bank7        000000
__Lbank8                                        bank8        000000
__Lbank9                                        bank9        000000
__Lbigbss                                       bigbss       000000
__Lbigdata                                      bigdata      000000
__Lbigram                                       bigram       000000
__Lbigsfr                                       bigsfr       000000
__Lbss                                          bss          000000
__LbssBANK0                                     bssBANK0     000000
__LbssCOMRAM                                    bssCOMRAM    000000
__Lcinit                                        cinit        000000
__Lclrtext                                      clrtext      000000
__Lcomram                                       comram       000000
__Lconfig                                       config       000000
__Lconst                                        const        000000
__LcstackBANK0                                  cstackBANK0  000000
__LcstackBANK1                                  cstackBANK1  000000
__LcstackCOMRAM                                 cstackCOMRAM 000000
__Ldata                                         data         000000
__LdataBANK0                                    dataBANK0    000000
__Leeprom_data                                  eeprom_data  000000
__Lfarbss                                       farbss       000000
__Lfardata                                      fardata      000000
__Lheap                                         heap         000000
__Libigdata                                     ibigdata     000000
__Lidata                                        idata        000000
__LidataBANK0                                   idataBANK0   000000
__Lidloc                                        idloc        000000
__Lifardata                                     ifardata     000000
__Linit                                         init         0000BC
__Lintcode                                      intcode      000008
__Lintcode_body                                 intcode_body 000000
__Lintcodelo                                    intcodelo    0000BC
__Lintentry                                     intentry     000000
__Lintret                                       intret       000000
__Lintsave_regs                                 intsave_regs 000000
__Lirdata                                       irdata       000000
__Lmediumconst                                  mediumconst  000000
__LnvBANK0                                      nvBANK0      000000
__LnvCOMRAM                                     nvCOMRAM     000000
__LnvFARRAM                                     nvFARRAM     000000
__Lnvbit                                        nvbit        000000
__Lnvrram                                       nvrram       000000
__Lparam                                        rparam       000000
__Lpowerup                                      powerup      0000BC
__Lram                                          ram          000000
__Lramtop                                       ramtop       000F00
__Lrbit                                         rbit         000000
__Lrbss                                         rbss         000000
__Lrdata                                        rdata        000000
__Lreset_vec                                    reset_vec    000000
__Lrparam                                       rparam       000000
__Lsfr                                          sfr          000000
__Lsmallconst                                   smallconst   000F00
__Lspace_0                                      (abs)        000000
__Lspace_1                                      (abs)        000000
__Lspace_2                                      (abs)        000000
__Lspace_4                                      (abs)        000000
__Lstack                                        stack        000000
__Lstruct                                       struct       000000
__Ltemp                                         temp         00005A
__Ltext                                         text         000000
__Ltext0                                        text0        000000
__Ltext1                                        text1        000000
__Ltext10                                       text10       000000
__Ltext11                                       text11       000000
__Ltext12                                       text12       000000
__Ltext13                                       text13       000000
__Ltext14                                       text14       000000
__Ltext15                                       text15       000000
__Ltext16                                       text16       000000
__Ltext17                                       text17       000000
__Ltext18                                       text18       000000
__Ltext19                                       text19       000000
__Ltext2                                        text2        000000
__Ltext20                                       text20       000000
__Ltext21                                       text21       000000
__Ltext22                                       text22       000000
__Ltext23                                       text23       000000
__Ltext24                                       text24       000000
__Ltext25                                       text25       000000
__Ltext26                                       text26       000000
__Ltext27                                       text27       000000
__Ltext28                                       text28       000000
__Ltext29                                       text29       000000
__Ltext3                                        text3        000000
__Ltext30                                       text30       000000
__Ltext31                                       text31       000000
__Ltext32                                       text32       000000
__Ltext33                                       text33       000000
__Ltext34                                       text34       000000
__Ltext35                                       text35       000000
__Ltext36                                       text36       000000
__Ltext37                                       text37       000000
__Ltext38                                       text38       000000
__Ltext39                                       text39       000000
__Ltext4                                        text4        000000
__Ltext40                                       text40       000000
__Ltext41                                       text41       000000
__Ltext42                                       text42       000000
__Ltext43                                       text43       000000
__Ltext44                                       text44       000000
__Ltext45                                       text45       000000
__Ltext47                                       text47       000000
__Ltext48                                       text48       000000
__Ltext49                                       text49       000000
__Ltext5                                        text5        000000
__Ltext50                                       text50       000000
__Ltext51                                       text51       000000
__Ltext52                                       text52       000000
__Ltext53                                       text53       000000
__Ltext54                                       text54       000000
__Ltext55                                       text55       000000
__Ltext56                                       text56       000000
__Ltext57                                       text57       000000
__Ltext58                                       text58       000000
__Ltext59                                       text59       000000
__Ltext6                                        text6        000000
__Ltext60                                       text60       000000
__Ltext61                                       text61       000000
__Ltext62                                       text62       000000
__Ltext63                                       text63       000000
__Ltext64                                       text64       000000
__Ltext7                                        text7        000000
__Ltext8                                        text8        000000
__Ltext9                                        text9        000000
__S0                                            (abs)        00293C
__S1                                            (abs)        00010A
__S4                                            (abs)        000000
__S5                                            (abs)        000000
___heap_hi                                      (abs)        000000
___heap_lo                                      (abs)        000000
___inthi_sp                                     stack        000000
___intlo_sp                                     stack        000000
___param_bank                                   (abs)        000000
___rparam_used                                  (abs)        000001
___sp                                           stack        000000
___wmul                                         text25       0027DE
___wmul@multiplicand                            cstackCOMRAM 000007
___wmul@multiplier                              cstackCOMRAM 000005
___wmul@product                                 cstackCOMRAM 000009
__accesstop                                     (abs)        000060
__activetblptr                                  (abs)        000002
__end_of_Blink_                                 text58       00177E
__end_of_EUSART1_Initialize                     text42       00238E
__end_of_EUSART1_Read                           text7        002714
__end_of_EUSART1_SetErrorHandler                text45       002920
__end_of_EUSART1_SetFramingErrorHandler         text44       002916
__end_of_EUSART1_SetOverrunErrorHandler         text43       00290C
__end_of_EUSART1_Write                          text28       0028AE
__end_of_EUSART_function                        text27       0028D0
__end_of_INTERRUPT_Initialize                   text41       002934
__end_of_INTERRUPT_InterruptManager             intcode      0000BC
__end_of_LCD_Function                           text26       001E94
__end_of_Minute                                 text62       00287E
__end_of_OSCILLATOR_Initialize                  text40       0028C0
__end_of_PIN_MANAGER_Initialize                 text39       00273E
__end_of_SYSTEM_Initialize                      text30       002826
__end_of_Secondes_5                             text50       002898
__end_of_TMR0_CallBack                          text61       0026BC
__end_of_TMR0_DefaultInterruptHandler           text63       00293C
__end_of_TMR0_ISR                               text60       0025FC
__end_of_TMR0_Initialize                        text37       0025C6
__end_of_TMR0_SetInterruptHandler               text38       002902
__end_of_TMR1_CallBack                          text57       00268C
__end_of_TMR1_DefaultInterruptHandler           text59       00293A
__end_of_TMR1_ISR                               text55       0024B2
__end_of_TMR1_Initialize                        text35       00243E
__end_of_TMR1_SetInterruptHandler               text36       0028F8
__end_of_TMR1_WriteTimer                        text56       0027DE
__end_of_TMR2_CallBack                          text53       00265C
__end_of_TMR2_DefaultInterruptHandler           text54       002938
__end_of_TMR2_ISR                               text52       0026EA
__end_of_TMR2_Initialize                        text33       002862
__end_of_TMR2_SetInterruptHandler               text34       0028EE
__end_of_TMR2_WriteTimer                        text6        002930
__end_of_TMR3_CallBack                          text49       00262C
__end_of_TMR3_DefaultInterruptHandler           text51       002936
__end_of_TMR3_ISR                               text47       002478
__end_of_TMR3_Initialize                        text31       002404
__end_of_TMR3_SetInterruptHandler               text32       0028E4
__end_of_TMR3_WriteTimer                        text2        002766
__end_of___wmul                                 text25       002804
__end_of__initialization                        cinit        002340
__end_of_affiche                                text8        001F66
__end_of_atoi                                   text22       001C04
__end_of_fputc                                  text18       002156
__end_of_fputs                                  text17       00230E
__end_of_isalpha                                text21       0023CA
__end_of_isdigit                                text24       00255A
__end_of_islower                                text14       0024EA
__end_of_isspace                                text23       002286
__end_of_isupper                                text20       002522
__end_of_lamp_test                              text29       001D56
__end_of_lecture                                text5        001AAE
__end_of_main                                   text0        0021D2
__end_of_pad                                    text15       002028
__end_of_printf                                 text9        00278E
__end_of_putch                                  text19       0028DA
__end_of_reception_affichage                    text4        002844
__end_of_strlen                                 text16       002590
__end_of_toupper                                text13       0022CA
__end_of_traitementEcran                        text3        00192C
__end_of_traitementNormale                      text1        0020C0
__end_of_vfpfcnvrt                              text11       0012BC
__end_of_vfprintf                               text10       002234
__end_of_xtoa                                   text12       00155C
__end_ofi2_TMR3_WriteTimer                      text48       0027B6
__initialization                                cinit        00230E
__mediumconst                                   mediumconst  000000
__pbssBANK0                                     bssBANK0     000060
__pbssCOMRAM                                    bssCOMRAM    000055
__pcinit                                        cinit        00230E
__pcstackBANK0                                  cstackBANK0  0000E1
__pcstackBANK1                                  cstackBANK1  000100
__pcstackCOMRAM                                 cstackCOMRAM 000001
__pdataBANK0                                    dataBANK0    0000F2
__pidataBANK0                                   idataBANK0   002920
__pintcode                                      intcode      000008
__pnvBANK0                                      nvBANK0      0000CE
__pnvCOMRAM                                     nvCOMRAM     000058
__psmallconst                                   smallconst   000F00
__ptext0                                        text0        002156
__ptext1                                        text1        002028
__ptext10                                       text10       0021D2
__ptext11                                       text11       000F4E
__ptext12                                       text12       0012BC
__ptext13                                       text13       002286
__ptext14                                       text14       0024B2
__ptext15                                       text15       001F66
__ptext16                                       text16       00255A
__ptext17                                       text17       0022CA
__ptext18                                       text18       0020C0
__ptext19                                       text19       0028D0
__ptext2                                        text2        00273E
__ptext20                                       text20       0024EA
__ptext21                                       text21       00238E
__ptext22                                       text22       001AAE
__ptext23                                       text23       002234
__ptext24                                       text24       002522
__ptext25                                       text25       0027DE
__ptext26                                       text26       001D56
__ptext27                                       text27       0028C0
__ptext28                                       text28       002898
__ptext29                                       text29       001C04
__ptext3                                        text3        00177E
__ptext30                                       text30       002804
__ptext31                                       text31       0023CA
__ptext32                                       text32       0028DA
__ptext33                                       text33       002844
__ptext34                                       text34       0028E4
__ptext35                                       text35       002404
__ptext36                                       text36       0028EE
__ptext37                                       text37       002590
__ptext38                                       text38       0028F8
__ptext39                                       text39       002714
__ptext4                                        text4        002826
__ptext40                                       text40       0028AE
__ptext41                                       text41       002930
__ptext42                                       text42       00234E
__ptext43                                       text43       002902
__ptext44                                       text44       00290C
__ptext45                                       text45       002916
__ptext47                                       text47       00243E
__ptext48                                       text48       00278E
__ptext49                                       text49       0025FC
__ptext5                                        text5        00192C
__ptext50                                       text50       00287E
__ptext51                                       text51       002934
__ptext52                                       text52       0026BC
__ptext53                                       text53       00262C
__ptext54                                       text54       002936
__ptext55                                       text55       002478
__ptext56                                       text56       0027B6
__ptext57                                       text57       00265C
__ptext58                                       text58       00155C
__ptext59                                       text59       002938
__ptext6                                        text6        002928
__ptext60                                       text60       0025C6
__ptext61                                       text61       00268C
__ptext62                                       text62       002862
__ptext63                                       text63       00293A
__ptext64                                       text64       000000
__ptext7                                        text7        0026EA
__ptext8                                        text8        001E94
__ptext9                                        text9        002766
__ramtop                                        ramtop       000F00
__smallconst                                    smallconst   000F00
_activation                                     dataBANK0    0000F2
_affiche                                        text8        001E94
_atoi                                           text22       001AAE
_dbuf                                           bssBANK0     0000AE
_eusart1RxLastError                             bssBANK0     0000AD
_first                                          dataBANK0    0000F4
_flags                                          bssCOMRAM    000055
_fputc                                          text18       0020C0
_fputs                                          text17       0022CA
_i                                              bssBANK0     0000A1
_isalpha                                        text21       00238E
_isdigit                                        text24       002522
_islower                                        text14       0024B2
_isspace                                        text23       002234
_isspace$2197                                   cstackCOMRAM 00000B
_isupper                                        text20       0024EA
_lamp_test                                      text29       001C04
_lecture                                        text5        00192C
_m                                              bssBANK0     00009D
_main                                           text0        002156
_minute                                         dataBANK0    0000F6
_nout                                           bssBANK0     000097
_pad                                            text15       001F66
_plat                                           dataBANK0    0000F5
_prec                                           bssBANK0     00009B
_printf                                         text9        002766
_putch                                          text19       0028D0
_reception_affichage                            text4        002826
_sec5                                           dataBANK0    0000F7
_start                                          dataBANK0    0000F3
_strlen                                         text16       00255A
_t1                                             bssBANK0     000093
_t2                                             bssBANK0     00008F
_t3                                             bssBANK0     00008B
_timer0ReloadVal                                nvCOMRAM     000058
_timer1ReloadVal                                nvBANK0      0000D8
_timer3ReloadVal                                nvBANK0      0000D2
_toupper                                        text13       002286
_traitementEcran                                text3        00177E
_traitementNormale                              text1        002028
_trame                                          bssBANK0     000060
_vfpfcnvrt                                      text11       000F4E
_vfprintf                                       text10       0021D2
_width                                          bssBANK0     000099
_xtoa                                           text12       0012BC
atoi@n                                          cstackCOMRAM 000014
atoi@neg                                        cstackCOMRAM 000012
atoi@s                                          cstackCOMRAM 00000C
btemp                                           temp         00005A
end_of_initialization                           cinit        002340
fputc@c                                         cstackCOMRAM 000007
fputc@fp                                        cstackCOMRAM 000009
fputs@c                                         cstackCOMRAM 000014
fputs@fp                                        cstackCOMRAM 000012
fputs@i                                         cstackCOMRAM 000015
fputs@s                                         cstackCOMRAM 000010
i2TMR3_WriteTimer@timerVal                      cstackCOMRAM 000001
i2_TMR3_WriteTimer                              text48       00278E
int$flags                                       temp         00005A
intlevel0                                       text         000000
intlevel1                                       text         000000
intlevel2                                       text         000000
intlevel3                                       text         000000
isa$std                                         (abs)        000001
isa$xinst                                       (abs)        000000
isalpha@c                                       cstackCOMRAM 000005
isdigit@c                                       cstackCOMRAM 000005
islower@c                                       cstackCOMRAM 000005
isspace@c                                       cstackCOMRAM 000005
isupper@c                                       cstackCOMRAM 000005
lamp_test@j                                     cstackCOMRAM 00000B
lamp_test@j_1588                                cstackCOMRAM 00000D
lamp_test@j_1590                                cstackCOMRAM 000009
lamp_test@k                                     cstackCOMRAM 000007
pad@buf                                         cstackCOMRAM 000019
pad@fp                                          cstackCOMRAM 000017
pad@i                                           cstackCOMRAM 00001E
pad@p                                           cstackCOMRAM 00001B
pad@w                                           cstackCOMRAM 000020
printf@ap                                       cstackCOMRAM 000051
printf@fmt                                      cstackBANK1  000100
putch@txData                                    cstackCOMRAM 000006
stackhi                                         (abs)        000000
stacklo                                         (abs)        000000
start                                           init         0000BC
start_initialization                            cinit        00230E
strlen@a                                        cstackCOMRAM 000007
strlen@s                                        cstackCOMRAM 000005
toupper@c                                       cstackCOMRAM 00000B
ttemp5                                          temp         00005B
ttemp6                                          temp         00005E
ttemp7                                          temp         000062
vfpfcnvrt@ap                                    cstackCOMRAM 000049
vfpfcnvrt@c                                     cstackBANK0  0000E9
vfpfcnvrt@done                                  cstackBANK0  0000EA
vfpfcnvrt@fmt                                   cstackCOMRAM 000047
vfpfcnvrt@fp                                    cstackCOMRAM 000045
vfpfcnvrt@llu                                   cstackBANK0  0000E1
vfprintf@ap                                     cstackBANK0  0000F0
vfprintf@cfmt                                   cstackCOMRAM 00004F
vfprintf@fmt                                    cstackBANK0  0000EE
vfprintf@fp                                     cstackBANK0  0000EC
wtemp8                                          temp         00005B
xtoa@c                                          cstackCOMRAM 000043
xtoa@d                                          cstackCOMRAM 000024
xtoa@fp                                         cstackCOMRAM 000022
xtoa@i                                          cstackCOMRAM 000041
xtoa@n                                          cstackCOMRAM 000039
xtoa@p                                          cstackCOMRAM 000035
xtoa@w                                          cstackCOMRAM 000037
xtoa@x                                          cstackCOMRAM 00002C


MODULE INFORMATION

Module		Function		Class		Link	Load	Size
C:\Program Files\Microchip\xc8\v2.35\pic\sources\c99\common\isupper.c
		_isupper       		CODE           	24EA	0000	56

C:\Program Files\Microchip\xc8\v2.35\pic\sources\c99\common\isupper.c estimated size: 56

C:\Program Files\Microchip\xc8\v2.35\pic\sources\c99\common\atoi.c
		_atoi          		CODE           	1AAE	0000	342

C:\Program Files\Microchip\xc8\v2.35\pic\sources\c99\common\atoi.c estimated size: 342

C:\Program Files\Microchip\xc8\v2.35\pic\sources\c99\common\islower.c
		_islower       		CODE           	24B2	0000	56

C:\Program Files\Microchip\xc8\v2.35\pic\sources\c99\common\islower.c estimated size: 56

mcc_generated_files/tmr2.c
		_TMR2_ISR      		CODE           	26BC	0000	46
		_TMR2_Initialize		CODE           	2844	0000	30
		_TMR2_SetInterruptHandler		CODE           	28E4	0000	10
		_TMR2_DefaultInterruptHandler		CODE           	2936	0000	2
		_TMR2_CallBack 		CODE           	262C	0000	48
		_TMR2_WriteTimer		CODE           	2928	0000	8

mcc_generated_files/tmr2.c estimated size: 144

mcc_generated_files/interrupt_manager.c
		_INTERRUPT_Initialize		CODE           	2930	0000	4
		_INTERRUPT_InterruptManager		CODE           	0008	0000	180

mcc_generated_files/interrupt_manager.c estimated size: 184

mcc_generated_files/tmr0.c
		_TMR0_SetInterruptHandler		CODE           	28F8	0000	10
		_TMR0_DefaultInterruptHandler		CODE           	293A	0000	2
		_TMR0_CallBack 		CODE           	268C	0000	48
		_TMR0_ISR      		CODE           	25C6	0000	54
		_TMR0_Initialize		CODE           	2590	0000	54

mcc_generated_files/tmr0.c estimated size: 168

C:\Program Files\Microchip\xc8\v2.35\pic\sources\c99\common\toupper.c
		_toupper       		CODE           	2286	0000	68

C:\Program Files\Microchip\xc8\v2.35\pic\sources\c99\common\toupper.c estimated size: 68

C:\Program Files\Microchip\xc8\v2.35\pic\sources\c99\common\nf_fputc.c
		_fputc         		CODE           	20C0	0000	150

C:\Program Files\Microchip\xc8\v2.35\pic\sources\c99\common\nf_fputc.c estimated size: 150

C:\Program Files\Microchip\xc8\v2.35\pic\sources\c99\common\isalpha.c
		_isalpha       		CODE           	238E	0000	60

C:\Program Files\Microchip\xc8\v2.35\pic\sources\c99\common\isalpha.c estimated size: 60

C:\Program Files\Microchip\xc8\v2.35\pic\sources\c99\common\Umul16.c
		___wmul        		CODE           	27DE	0000	38

C:\Program Files\Microchip\xc8\v2.35\pic\sources\c99\common\Umul16.c estimated size: 38

mcc_generated_files/pin_manager.c
		_PIN_MANAGER_Initialize		CODE           	2714	0000	42

mcc_generated_files/pin_manager.c estimated size: 42

C:\Program Files\Microchip\xc8\v2.35\pic\sources\c99\common\isspace.c
		_isspace       		CODE           	2234	0000	82

C:\Program Files\Microchip\xc8\v2.35\pic\sources\c99\common\isspace.c estimated size: 82

C:\Program Files\Microchip\xc8\v2.35\pic\sources\c99\common\printf.c
		_printf        		CODE           	2766	0000	40

C:\Program Files\Microchip\xc8\v2.35\pic\sources\c99\common\printf.c estimated size: 40

C:\Program Files\Microchip\xc8\v2.35\pic\sources\c99\common\isdigit.c
		_isdigit       		CODE           	2522	0000	56

C:\Program Files\Microchip\xc8\v2.35\pic\sources\c99\common\isdigit.c estimated size: 56

shared
		i2_TMR3_WriteTimer		CODE           	278E	0000	40
		__initialization		CODE           	230E	0000	50

shared estimated size: 90

mcc_generated_files/eusart1.c
		_EUSART1_Initialize		CODE           	234E	0000	64
		_putch         		CODE           	28D0	0000	10
		_EUSART1_SetFramingErrorHandler		CODE           	290C	0000	10
		_EUSART1_Read  		CODE           	26EA	0000	42
		_EUSART1_SetOverrunErrorHandler		CODE           	2902	0000	10
		_EUSART1_SetErrorHandler		CODE           	2916	0000	10
		_EUSART1_Write 		CODE           	2898	0000	22

mcc_generated_files/eusart1.c estimated size: 168

mcc_generated_files/mcc.c
		_OSCILLATOR_Initialize		CODE           	28AE	0000	18
		_SYSTEM_Initialize		CODE           	2804	0000	34

mcc_generated_files/mcc.c estimated size: 52

mcc_generated_files/tmr3.c
		_TMR3_ISR      		CODE           	243E	0000	58
		_TMR3_Initialize		CODE           	23CA	0000	58
		_TMR3_SetInterruptHandler		CODE           	28DA	0000	10
		_TMR3_DefaultInterruptHandler		CODE           	2934	0000	2
		_TMR3_CallBack 		CODE           	25FC	0000	48
		_TMR3_WriteTimer		CODE           	273E	0000	40

mcc_generated_files/tmr3.c estimated size: 216

mcc_generated_files/tmr1.c
		_TMR1_Initialize		CODE           	2404	0000	58
		_TMR1_SetInterruptHandler		CODE           	28EE	0000	10
		_TMR1_DefaultInterruptHandler		CODE           	2938	0000	2
		_TMR1_CallBack 		CODE           	265C	0000	48
		_TMR1_WriteTimer		CODE           	27B6	0000	40
		_TMR1_ISR      		CODE           	2478	0000	58

mcc_generated_files/tmr1.c estimated size: 216

C:\Program Files\Microchip\xc8\v2.35\pic\sources\c99\common\strlen.c
		_strlen        		CODE           	255A	0000	54

C:\Program Files\Microchip\xc8\v2.35\pic\sources\c99\common\strlen.c estimated size: 54

C:\Program Files\Microchip\xc8\v2.35\pic\sources\c99\common\nf_fputs.c
		_fputs         		CODE           	22CA	0000	68

C:\Program Files\Microchip\xc8\v2.35\pic\sources\c99\common\nf_fputs.c estimated size: 68

main.c
		_affiche       		CODE           	1E94	0000	210
		_Blink_        		CODE           	155C	0000	546
		_traitementEcran		CODE           	177E	0000	430
		_main          		CODE           	2156	0000	124
		_lamp_test     		CODE           	1C04	0000	338
		_LCD_Function  		CODE           	1D56	0000	318
		_lecture       		CODE           	192C	0000	386
		_reception_affichage		CODE           	2826	0000	30
		_Minute        		CODE           	2862	0000	28
		_EUSART_function		CODE           	28C0	0000	16
		_Secondes_5    		CODE           	287E	0000	26
		_traitementNormale		CODE           	2028	0000	152

main.c estimated size: 2604

C:\Program Files\Microchip\xc8\v2.35\pic\sources\c99\common\doprnt.c
		_vfpfcnvrt     		CODE           	0F4E	0000	878
		_pad           		CODE           	1F66	0000	194
		_vfprintf      		CODE           	21D2	0000	98
		_xtoa          		CODE           	12BC	0000	672

C:\Program Files\Microchip\xc8\v2.35\pic\sources\c99\common\doprnt.c estimated size: 1842

