Microchip MPLAB XC8 Compiler V2.31

Linker command line:

-W-3 --edf=C:\Program Files\Microchip\xc8\v2.31\pic\dat\en_msgs.txt -cn \
  -h+dist/default/production\Panneau.X.production.sym \
  --cmf=dist/default/production\Panneau.X.production.cmf -z -Q18F25K80 \
  -oC:\Users\e2043477\AppData\Local\Temp\skf4.2 --defsym=__MPLAB_BUILD=1 \
  -Mdist/default/production/Panneau.X.production.map -E1 -ver=XC8 Compiler \
  --acfsm=1493 -ASTACK=0FFh-0E40h -pstack=STACK -ACODE=00h-07FFFh \
  -ACONST=00h-07FFFh -ASMALLCONST=0F00h-0FFFhx113 \
  -AMEDIUMCONST=0F00h-07FFFh -ACOMRAM=01h-05Fh -AABS1=00h-0E40h \
  -ABIGRAM=01h-0E40h -ARAM=060h-0FFh,0100h-01FFhx13,0E00h-0E40h \
  -ABANK0=060h-0FFh -ABANK1=0100h-01FFh -ABANK2=0200h-02FFh \
  -ABANK3=0300h-03FFh -ABANK4=0400h-04FFh -ABANK5=0500h-05FFh \
  -ABANK6=0600h-06FFh -ABANK7=0700h-07FFh -ABANK8=0800h-08FFh \
  -ABANK9=0900h-09FFh -ABANK10=0A00h-0AFFh -ABANK11=0B00h-0BFFh \
  -ABANK12=0C00h-0CFFh -ABANK13=0D00h-0DFFh -ABANK14=0E00h-0E40h \
  -ASFR=0E41h-0EFFh,0F00h-0F5Fh,0F60h-0FFFh -ACONFIG=0300000h-030000Dh \
  -AIDLOC=0200000h-0200007h -AEEDATA=0F00000h-0F003FFh -peeprom_data=EEDATA \
  -preset_vec=00h,intcode=08h,intcodelo,powerup,init -pramtop=0F00h \
  -psmallconst=SMALLCONST -pmediumconst=MEDIUMCONST -pconst=CONST \
  -AFARRAM=00h-00h \
  -prdata=COMRAM,nvrram=COMRAM,nvbit=COMRAM,rbss=COMRAM,rbit=COMRAM \
  -pfarbss=FARRAM,fardata=FARRAM,nvFARRAM=FARRAM \
  -pintsave_regs=BIGRAM,bigbss=BIGRAM,bigdata=BIGRAM -pbss=RAM \
  -pidata=CODE,irdata=CODE,ibigdata=CODE,ifardata=CODE -prparam=COMRAM \
  C:\Users\e2043477\AppData\Local\Temp\skf4.o \
  dist/default/production\Panneau.X.production.o 

Object code version is 3.11

Machine type is 18F25K80



                Name                               Link     Load   Length Selector   Space Scale
C:\Users\e2043477\AppData\Local\Temp\skf4.o
                idloc                            200000   200000        8        0       5
                config                           300000   300000        E        0       4
                init                                 CC       CC        4        4       0
                reset_vec                             0        0        4        0       0
dist/default/production\Panneau.X.production.o
                intcode                               8        8       C4        4       0
                idloc                            200000   200000        8        0       5
                config                           300000   300000        E        0       4
                temp                                 5B       5B        1        1       1
                smallconst                          F00      F00       4C      780       0
                text69                             2DAE     2DAE        2      7A6       0
                text68                             2CB6     2CB6       1C      7A6       0
                text67                             2A90     2A90       30      7A6       0
                text66                             299A     299A       36      7A6       0
                text65                             2DAC     2DAC        2      7A6       0
                text64                             15AC     15AC      23C      7A6       0
                text63                             2A60     2A60       30      7A6       0
                text62                             2BE8     2BE8       28      7A6       0
                text61                             284A     284A       3A      7A6       0
                text60                             2DAA     2DAA        2      7A6       0
                text59                             2A30     2A30       30      7A6       0
                text58                             2AEE     2AEE       2E      7A6       0
                text57                             2DA8     2DA8        2      7A6       0
                text56                             2CEC     2CEC       1A      7A6       0
                text55                             2A00     2A00       30      7A6       0
                text54                             2BC0     2BC0       28      7A6       0
                text53                             2810     2810       3A      7A6       0
                text52                             1A18     1A18      1B0      7A6       0
                text51                             2DA6     2DA6        2      7A6       0
                text50                             29D0     29D0       30      7A6       0
                text49                             2AC0     2AC0       2E      7A6       0
                text47                             2D8E     2D8E        A      7A6       0
                text46                             2D84     2D84        A      7A6       0
                text45                             2D7A     2D7A        A      7A6       0
                text44                             2720     2720       40      7A6       0
                text43                             2DA2     2DA2        4      7A6       0
                text42                             2D1C     2D1C       12      7A6       0
                text41                             2B46     2B46       2A      7A6       0
                text40                             2D70     2D70        A      7A6       0
                text39                             292C     292C       38      7A6       0
                text38                             2D66     2D66        A      7A6       0
                text37                             27D6     27D6       3A      7A6       0
                text36                             2D5C     2D5C        A      7A6       0
                text35                             2C98     2C98       1E      7A6       0
                text34                             2D52     2D52        A      7A6       0
                text33                             279C     279C       3A      7A6       0
                text32                             2D48     2D48        A      7A6       0
                text31                             2C7A     2C7A       1E      7A6       0
                text30                             2C36     2C36       26      7A6       0
                text29                             1EFA     1EFA      17E      7A6       0
                text28                             2D06     2D06       16      7A6       0
                text27                             2D2E     2D2E       10      7A6       0
                text26                             2078     2078      13E      7A6       0
                text25                             2C10     2C10       26      7A6       0
                text24                             28F4     28F4       38      7A6       0
                text23                             268A     268A       52      7A6       0
                text22                             1D6A     1D6A      190      7A6       0
                text21                             2760     2760       3C      7A6       0
                text20                             28BC     28BC       38      7A6       0
                text19                             2D3E     2D3E        A      7A6       0
                text18                             24DA     24DA       96      7A6       0
                text17                             26DC     26DC       44      7A6       0
                text16                             2964     2964       36      7A6       0
                text15                             22C0     22C0       C6      7A6       0
                text14                             2884     2884       38      7A6       0
                text13                             25D2     25D2       5E      7A6       0
                text12                             12D4     12D4      2D8      7A6       0
                text11                              F4C      F4C      388      7A6       0
                text10                             2570     2570       62      7A6       0
                text9                              2B98     2B98       28      7A6       0
                text8                              2386     2386       B6      7A6       0
                text7                              2B1C     2B1C       2A      7A6       0
                text6                              21B6     21B6      10A      7A6       0
                text5                              2C5C     2C5C       1E      7A6       0
                text4                              1BC8     1BC8      1A2      7A6       0
                text3                              2B70     2B70       28      7A6       0
                text2                              2CD2     2CD2       1A      7A6       0
                text1                              17E8     17E8      230      7A6       0
                text0                              243C     243C       9E      7A6       0
                cstackCOMRAM                          1        1       56        1       1
                cstackBANK0                          C1       C1       21       60       1
                dataBANK0                            F9       F9        6       60       1
                bssBANK0                             60       60       61       60       1
                dataCOMRAM                           57       57        4        1       1
                cinit                              2630     2630       5A      7A6       0
                nvBANK0                              E2       E2       17       60       1
                idataBANK0                         2D98     2D98        6      7A6       0
                idataCOMRAM                        2D9E     2D9E        4      7A6       0

TOTAL           Name                               Link     Load   Length     Space
        CLASS   STACK          

        CLASS   CODE           
                intcode                               8        8       C4         0
                init                                 CC       CC        4         0
                reset_vec                             0        0        4         0
                text69                             2DAE     2DAE        2         0
                text68                             2CB6     2CB6       1C         0
                text67                             2A90     2A90       30         0
                text66                             299A     299A       36         0
                text65                             2DAC     2DAC        2         0
                text64                             15AC     15AC      23C         0
                text63                             2A60     2A60       30         0
                text62                             2BE8     2BE8       28         0
                text61                             284A     284A       3A         0
                text60                             2DAA     2DAA        2         0
                text59                             2A30     2A30       30         0
                text58                             2AEE     2AEE       2E         0
                text57                             2DA8     2DA8        2         0
                text56                             2CEC     2CEC       1A         0
                text55                             2A00     2A00       30         0
                text54                             2BC0     2BC0       28         0
                text53                             2810     2810       3A         0
                text52                             1A18     1A18      1B0         0
                text51                             2DA6     2DA6        2         0
                text50                             29D0     29D0       30         0
                text49                             2AC0     2AC0       2E         0
                text47                             2D8E     2D8E        A         0
                text46                             2D84     2D84        A         0
                text45                             2D7A     2D7A        A         0
                text44                             2720     2720       40         0
                text43                             2DA2     2DA2        4         0
                text42                             2D1C     2D1C       12         0
                text41                             2B46     2B46       2A         0
                text40                             2D70     2D70        A         0
                text39                             292C     292C       38         0
                text38                             2D66     2D66        A         0
                text37                             27D6     27D6       3A         0
                text36                             2D5C     2D5C        A         0
                text35                             2C98     2C98       1E         0
                text34                             2D52     2D52        A         0
                text33                             279C     279C       3A         0
                text32                             2D48     2D48        A         0
                text31                             2C7A     2C7A       1E         0
                text30                             2C36     2C36       26         0
                text29                             1EFA     1EFA      17E         0
                text28                             2D06     2D06       16         0
                text27                             2D2E     2D2E       10         0
                text26                             2078     2078      13E         0
                text25                             2C10     2C10       26         0
                text24                             28F4     28F4       38         0
                text23                             268A     268A       52         0
                text22                             1D6A     1D6A      190         0
                text21                             2760     2760       3C         0
                text20                             28BC     28BC       38         0
                text19                             2D3E     2D3E        A         0
                text18                             24DA     24DA       96         0
                text17                             26DC     26DC       44         0
                text16                             2964     2964       36         0
                text15                             22C0     22C0       C6         0
                text14                             2884     2884       38         0
                text13                             25D2     25D2       5E         0
                text12                             12D4     12D4      2D8         0
                text11                              F4C      F4C      388         0
                text10                             2570     2570       62         0
                text9                              2B98     2B98       28         0
                text8                              2386     2386       B6         0
                text7                              2B1C     2B1C       2A         0
                text6                              21B6     21B6      10A         0
                text5                              2C5C     2C5C       1E         0
                text4                              1BC8     1BC8      1A2         0
                text3                              2B70     2B70       28         0
                text2                              2CD2     2CD2       1A         0
                text1                              17E8     17E8      230         0
                text0                              243C     243C       9E         0
                cinit                              2630     2630       5A         0
                idataBANK0                         2D98     2D98        6         0
                idataCOMRAM                        2D9E     2D9E        4         0

        CLASS   CONST          

        CLASS   SMALLCONST     
                smallconst                          F00      F00       4C         0

        CLASS   MEDIUMCONST    

        CLASS   COMRAM         
                temp                                 5B       5B        1         1
                cstackCOMRAM                          1        1       56         1
                dataCOMRAM                           57       57        4         1

        CLASS   ABS1           

        CLASS   BIGRAM         

        CLASS   RAM            

        CLASS   BANK0          
                cstackBANK0                          C1       C1       21         1
                dataBANK0                            F9       F9        6         1
                bssBANK0                             60       60       61         1
                nvBANK0                              E2       E2       17         1

        CLASS   BANK1          

        CLASS   BANK2          

        CLASS   BANK3          

        CLASS   BANK4          

        CLASS   BANK5          

        CLASS   BANK6          

        CLASS   BANK7          

        CLASS   BANK8          

        CLASS   BANK9          

        CLASS   BANK10         

        CLASS   BANK11         

        CLASS   BANK12         

        CLASS   BANK13         

        CLASS   BANK14         

        CLASS   SFR            

        CLASS   CONFIG         
                config                           300000   300000        E         4

        CLASS   IDLOC          
                idloc                            200000   200000        8         5

        CLASS   EEDATA         

        CLASS   FARRAM         



SEGMENTS        Name                           Load    Length   Top    Selector   Space  Class

                reset_vec                      000000  000004  000004         0       0  CODE    
                cstackCOMRAM                   000001  00005B  00005C         1       1  COMRAM  
                intcode                        000008  0000C8  0000D0         4       0  CODE    
                bssBANK0                       000060  00009F  0000FF        60       1  BANK0   
                smallconst                     000F00  00004C  000F4C       780       0  SMALLCON
                text11                         000F4C  001E64  002DB0       7A6       0  CODE    


UNUSED ADDRESS RANGES

        Name                Unused          Largest block    Delta
        BANK0            0000FF-0000FF                1
        BANK1            000100-0001FF              100
        BANK10           000A00-000AFF              100
        BANK11           000B00-000BFF              100
        BANK12           000C00-000CFF              100
        BANK13           000D00-000DFF              100
        BANK14           000E00-000E40               41
        BANK2            000200-0002FF              100
        BANK3            000300-0003FF              100
        BANK4            000400-0004FF              100
        BANK5            000500-0005FF              100
        BANK6            000600-0006FF              100
        BANK7            000700-0007FF              100
        BANK8            000800-0008FF              100
        BANK9            000900-0009FF              100
        BIGRAM           00005C-00005F                4
                         0000FF-000E40              D42
        CODE             000004-000007                4
                         0000D0-000EFF              E30
                         002DB0-007FFF             5250
        COMRAM           00005C-00005F                4
        CONST            000004-000007                4
                         0000D0-000EFF              E30
                         002DB0-007FFF             5250
        EEDATA           F00000-F003FF              400
        MEDIUMCONST      002DB0-007FFF             5250
        RAM              0000FF-000E40              100
        SFR              000E41-000FFF               BF
        SMALLCONST       002DB0-007FFF              100
        STACK            0000FF-000E40              D42

                                  Symbol Table

?___wmul                                        cstackCOMRAM 000005
?_atoi                                          cstackCOMRAM 00000C
?_isalpha                                       cstackCOMRAM 000005
?_isdigit                                       cstackCOMRAM 000005
?_islower                                       cstackCOMRAM 000005
?_isspace                                       cstackCOMRAM 000005
?_isupper                                       cstackCOMRAM 000005
?_pad                                           cstackCOMRAM 000017
?_printf                                        cstackBANK0  0000D4
?_strlen                                        cstackCOMRAM 000005
?_toupper                                       cstackCOMRAM 00000B
?_vfpfcnvrt                                     cstackCOMRAM 000049
?_vfprintf                                      cstackBANK0  0000CE
?_xtoa                                          cstackCOMRAM 000022
EUSART1_SetErrorHandler@interruptHandler        cstackCOMRAM 000005
EUSART1_SetFramingErrorHandler@interruptHandler cstackCOMRAM 000005
EUSART1_SetOverrunErrorHandler@interruptHandler cstackCOMRAM 000005
EUSART1_Write@txData                            cstackCOMRAM 000005
EUSART_function@hex                             cstackCOMRAM 000006
LCD_Function@ordre                              cstackCOMRAM 00000B
LCD_Function@x                                  cstackCOMRAM 000007
LCD_Function@z                                  cstackCOMRAM 000008
TMR0_ISR@CountCallBack                          bssBANK0     00009B
TMR0_SetInterruptHandler@InterruptHandler       cstackCOMRAM 000005
TMR1_ISR@CountCallBack                          bssBANK0     00009D
TMR1_SetInterruptHandler@InterruptHandler       cstackCOMRAM 000005
TMR1_WriteTimer@timerVal                        cstackCOMRAM 000001
TMR2_ISR@CountCallBack                          bssBANK0     000097
TMR2_SetInterruptHandler@InterruptHandler       cstackCOMRAM 000005
TMR3_ISR@CountCallBack                          bssBANK0     000099
TMR3_SetInterruptHandler@InterruptHandler       cstackCOMRAM 000005
TMR3_WriteTimer@timerVal                        cstackCOMRAM 000005
TMR4_ISR@CountCallBack                          bssBANK0     000095
TMR4_SetInterruptHandler@InterruptHandler       cstackCOMRAM 000005
_ANCON0                                         (abs)        000F5D
_ANCON1                                         (abs)        000F5C
_BAUDCON1                                       (abs)        000FA7
_Blink_                                         text64       0015AC
_EUSART1_DefaultErrorHandler                    (abs)        000000
_EUSART1_DefaultFramingErrorHandler             (abs)        000000
_EUSART1_DefaultOverrunErrorHandler             (abs)        000000
_EUSART1_ErrorHandler                           nvBANK0      0000F2
_EUSART1_FramingErrorHandler                    nvBANK0      0000F6
_EUSART1_Initialize                             text44       002720
_EUSART1_OverrunErrorHandler                    nvBANK0      0000F4
_EUSART1_Read                                   text7        002B1C
_EUSART1_SetErrorHandler                        text47       002D8E
_EUSART1_SetFramingErrorHandler                 text46       002D84
_EUSART1_SetOverrunErrorHandler                 text45       002D7A
_EUSART1_Write                                  text28       002D06
_EUSART_function                                text27       002D2E
_EtatE                                          dataCOMRAM   000059
_EtatN                                          dataCOMRAM   00005A
_GoBack                                         dataBANK0    0000FE
_Hx                                             bssBANK0     000091
_INTCON2bits                                    (abs)        000FF1
_INTCONbits                                     (abs)        000FF2
_INTERRUPT_Initialize                           text43       002DA2
_INTERRUPT_InterruptManager                     intcode      000008
_LATA                                           (abs)        000F89
_LATB                                           (abs)        000F8A
_LATBbits                                       (abs)        000F8A
_LATC                                           (abs)        000F8B
_LCD_Function                                   text26       002078
_LCD_Mode                                       nvBANK0      0000F8
_MINUTE                                         bssBANK0     00009F
_Minute                                         text68       002CB6
_OSCCON                                         (abs)        000FD3
_OSCCON2                                        (abs)        000FD2
_OSCILLATOR_Initialize                          text42       002D1C
_OSCTUNE                                        (abs)        000F9B
_PIE1bits                                       (abs)        000F9D
_PIE2bits                                       (abs)        000FA0
_PIE4bits                                       (abs)        000FB6
_PIN_MANAGER_Initialize                         text41       002B46
_PIR1bits                                       (abs)        000F9E
_PIR2bits                                       (abs)        000FA1
_PIR4bits                                       (abs)        000FB7
_PORTBbits                                      (abs)        000F81
_PR2                                            (abs)        000FCB
_PR4                                            (abs)        000FA9
_PX                                             bssBANK0     000087
_PY                                             bssBANK0     000085
_PZ                                             bssBANK0     000083
_RCONbits                                       (abs)        000FD0
_RCREG1                                         (abs)        000FAE
_RCSTA1                                         (abs)        000FAB
_RCSTA1bits                                     (abs)        000FAB
_REFOCON                                        (abs)        000F9A
_SPBRG1                                         (abs)        000FAF
_SPBRGH1                                        (abs)        000F7D
_SPX                                            bssBANK0     000081
_SPY                                            bssBANK0     00007F
_SPZ                                            bssBANK0     00007D
_SYSTEM_Initialize                              text30       002C36
_Secondes_5                                     text56       002CEC
_T0CON                                          (abs)        000FD5
_T0CONbits                                      (abs)        000FD5
_T1CON                                          (abs)        000FCD
_T1CONbits                                      (abs)        000FCD
_T1GCON                                         (abs)        000FAA
_T1GCONbits                                     (abs)        000FAA
_T2CON                                          (abs)        000FCA
_T2CONbits                                      (abs)        000FCA
_T3CON                                          (abs)        000FB1
_T3CONbits                                      (abs)        000FB1
_T3GCON                                         (abs)        000FB0
_T3GCONbits                                     (abs)        000FB0
_T4CON                                          (abs)        000F88
_T4CONbits                                      (abs)        000F88
_TMR0H                                          (abs)        000FD7
_TMR0L                                          (abs)        000FD6
_TMR0_CallBack                                  text67       002A90
_TMR0_DefaultInterruptHandler                   text69       002DAE
_TMR0_ISR                                       text66       00299A
_TMR0_Initialize                                text39       00292C
_TMR0_InterruptHandler                          nvBANK0      0000EC
_TMR0_SetInterruptHandler                       text40       002D70
_TMR1H                                          (abs)        000FCF
_TMR1L                                          (abs)        000FCE
_TMR1_CallBack                                  text63       002A60
_TMR1_DefaultInterruptHandler                   text65       002DAC
_TMR1_ISR                                       text61       00284A
_TMR1_Initialize                                text37       0027D6
_TMR1_InterruptHandler                          nvBANK0      0000EE
_TMR1_SetInterruptHandler                       text38       002D66
_TMR1_WriteTimer                                text62       002BE8
_TMR2                                           (abs)        000FCC
_TMR2_CallBack                                  text59       002A30
_TMR2_DefaultInterruptHandler                   text60       002DAA
_TMR2_ISR                                       text58       002AEE
_TMR2_Initialize                                text35       002C98
_TMR2_InterruptHandler                          nvBANK0      0000E4
_TMR2_SetInterruptHandler                       text36       002D5C
_TMR3H                                          (abs)        000FB3
_TMR3L                                          (abs)        000FB2
_TMR3_CallBack                                  text55       002A00
_TMR3_DefaultInterruptHandler                   text57       002DA8
_TMR3_ISR                                       text53       002810
_TMR3_Initialize                                text33       00279C
_TMR3_InterruptHandler                          nvBANK0      0000E6
_TMR3_SetInterruptHandler                       text34       002D52
_TMR3_WriteTimer                                text3        002B70
_TMR4                                           (abs)        000F87
_TMR4_CallBack                                  text50       0029D0
_TMR4_DefaultInterruptHandler                   text51       002DA6
_TMR4_ISR                                       text49       002AC0
_TMR4_Initialize                                text31       002C7A
_TMR4_InterruptHandler                          nvBANK0      0000E2
_TMR4_SetInterruptHandler                       text32       002D48
_TRISA                                          (abs)        000F92
_TRISB                                          (abs)        000F93
_TRISC                                          (abs)        000F94
_TXREG1                                         (abs)        000FAD
_TXSTA1                                         (abs)        000FAC
_TXSTA1bits                                     (abs)        000FAC
_WPUB                                           (abs)        000F5B
__HRAM                                          (abs)        000000
__Habs1                                         abs1         000000
__Hbank0                                        bank0        000000
__Hbank1                                        bank1        000000
__Hbank10                                       bank10       000000
__Hbank11                                       bank11       000000
__Hbank12                                       bank12       000000
__Hbank13                                       bank13       000000
__Hbank14                                       bank14       000000
__Hbank2                                        bank2        000000
__Hbank3                                        bank3        000000
__Hbank4                                        bank4        000000
__Hbank5                                        bank5        000000
__Hbank6                                        bank6        000000
__Hbank7                                        bank7        000000
__Hbank8                                        bank8        000000
__Hbank9                                        bank9        000000
__Hbigbss                                       bigbss       000000
__Hbigdata                                      bigdata      000000
__Hbigram                                       bigram       000000
__Hbss                                          bss          000000
__HbssBANK0                                     bssBANK0     000000
__Hcinit                                        cinit        000000
__Hclrtext                                      clrtext      000000
__Hcomram                                       comram       000000
__Hconfig                                       config       30000E
__Hconst                                        const        000000
__HcstackBANK0                                  cstackBANK0  000000
__HcstackCOMRAM                                 cstackCOMRAM 000000
__Hdata                                         data         000000
__HdataBANK0                                    dataBANK0    000000
__HdataCOMRAM                                   dataCOMRAM   000000
__Heeprom_data                                  eeprom_data  000000
__Hfarbss                                       farbss       000000
__Hfardata                                      fardata      000000
__Hibigdata                                     ibigdata     000000
__Hidata                                        idata        000000
__HidataBANK0                                   idataBANK0   000000
__HidataCOMRAM                                  idataCOMRAM  000000
__Hidloc                                        idloc        200008
__Hifardata                                     ifardata     000000
__Hinit                                         init         0000D0
__Hintcode                                      intcode      0000CC
__Hintcode_body                                 intcode_body 000000
__Hintcodelo                                    intcodelo    0000CC
__Hintentry                                     intentry     000000
__Hintret                                       intret       000000
__Hintsave_regs                                 intsave_regs 000000
__Hirdata                                       irdata       000000
__Hmediumconst                                  mediumconst  000000
__HnvBANK0                                      nvBANK0      000000
__HnvFARRAM                                     nvFARRAM     000000
__Hnvbit                                        nvbit        000000
__Hnvrram                                       nvrram       000000
__Hparam                                        rparam       000000
__Hpowerup                                      powerup      0000CC
__Hram                                          ram          000000
__Hramtop                                       ramtop       000F00
__Hrbit                                         rbit         000000
__Hrbss                                         rbss         000000
__Hrdata                                        rdata        000000
__Hreset_vec                                    reset_vec    000004
__Hrparam                                       rparam       000000
__Hsfr                                          sfr          000000
__Hsmallconst                                   smallconst   000F4C
__Hspace_0                                      (abs)        002DB0
__Hspace_1                                      (abs)        0000FF
__Hspace_2                                      (abs)        000000
__Hspace_4                                      (abs)        60000E
__Hstack                                        stack        000000
__Hstruct                                       struct       000000
__Htemp                                         temp         00005C
__Htext                                         text         000000
__Htext0                                        text0        000000
__Htext1                                        text1        000000
__Htext10                                       text10       000000
__Htext11                                       text11       000000
__Htext12                                       text12       000000
__Htext13                                       text13       000000
__Htext14                                       text14       000000
__Htext15                                       text15       000000
__Htext16                                       text16       000000
__Htext17                                       text17       000000
__Htext18                                       text18       000000
__Htext19                                       text19       000000
__Htext2                                        text2        000000
__Htext20                                       text20       000000
__Htext21                                       text21       000000
__Htext22                                       text22       000000
__Htext23                                       text23       000000
__Htext24                                       text24       000000
__Htext25                                       text25       000000
__Htext26                                       text26       000000
__Htext27                                       text27       000000
__Htext28                                       text28       000000
__Htext29                                       text29       000000
__Htext3                                        text3        000000
__Htext30                                       text30       000000
__Htext31                                       text31       000000
__Htext32                                       text32       000000
__Htext33                                       text33       000000
__Htext34                                       text34       000000
__Htext35                                       text35       000000
__Htext36                                       text36       000000
__Htext37                                       text37       000000
__Htext38                                       text38       000000
__Htext39                                       text39       000000
__Htext4                                        text4        000000
__Htext40                                       text40       000000
__Htext41                                       text41       000000
__Htext42                                       text42       000000
__Htext43                                       text43       000000
__Htext44                                       text44       000000
__Htext45                                       text45       000000
__Htext46                                       text46       000000
__Htext47                                       text47       000000
__Htext49                                       text49       000000
__Htext5                                        text5        000000
__Htext50                                       text50       000000
__Htext51                                       text51       000000
__Htext52                                       text52       000000
__Htext53                                       text53       000000
__Htext54                                       text54       000000
__Htext55                                       text55       000000
__Htext56                                       text56       000000
__Htext57                                       text57       000000
__Htext58                                       text58       000000
__Htext59                                       text59       000000
__Htext6                                        text6        000000
__Htext60                                       text60       000000
__Htext61                                       text61       000000
__Htext62                                       text62       000000
__Htext63                                       text63       000000
__Htext64                                       text64       000000
__Htext65                                       text65       000000
__Htext66                                       text66       000000
__Htext67                                       text67       000000
__Htext68                                       text68       000000
__Htext69                                       text69       000000
__Htext7                                        text7        000000
__Htext70                                       text70       000000
__Htext8                                        text8        000000
__Htext9                                        text9        000000
__LRAM                                          (abs)        000001
__Labs1                                         abs1         000000
__Lbank0                                        bank0        000000
__Lbank1                                        bank1        000000
__Lbank10                                       bank10       000000
__Lbank11                                       bank11       000000
__Lbank12                                       bank12       000000
__Lbank13                                       bank13       000000
__Lbank14                                       bank14       000000
__Lbank2                                        bank2        000000
__Lbank3                                        bank3        000000
__Lbank4                                        bank4        000000
__Lbank5                                        bank5        000000
__Lbank6                                        bank6        000000
__Lbank7                                        bank7        000000
__Lbank8                                        bank8        000000
__Lbank9                                        bank9        000000
__Lbigbss                                       bigbss       000000
__Lbigdata                                      bigdata      000000
__Lbigram                                       bigram       000000
__Lbss                                          bss          000000
__LbssBANK0                                     bssBANK0     000000
__Lcinit                                        cinit        000000
__Lclrtext                                      clrtext      000000
__Lcomram                                       comram       000000
__Lconfig                                       config       000000
__Lconst                                        const        000000
__LcstackBANK0                                  cstackBANK0  000000
__LcstackCOMRAM                                 cstackCOMRAM 000000
__Ldata                                         data         000000
__LdataBANK0                                    dataBANK0    000000
__LdataCOMRAM                                   dataCOMRAM   000000
__Leeprom_data                                  eeprom_data  000000
__Lfarbss                                       farbss       000000
__Lfardata                                      fardata      000000
__Libigdata                                     ibigdata     000000
__Lidata                                        idata        000000
__LidataBANK0                                   idataBANK0   000000
__LidataCOMRAM                                  idataCOMRAM  000000
__Lidloc                                        idloc        000000
__Lifardata                                     ifardata     000000
__Linit                                         init         0000CC
__Lintcode                                      intcode      000008
__Lintcode_body                                 intcode_body 000000
__Lintcodelo                                    intcodelo    0000CC
__Lintentry                                     intentry     000000
__Lintret                                       intret       000000
__Lintsave_regs                                 intsave_regs 000000
__Lirdata                                       irdata       000000
__Lmediumconst                                  mediumconst  000000
__LnvBANK0                                      nvBANK0      000000
__LnvFARRAM                                     nvFARRAM     000000
__Lnvbit                                        nvbit        000000
__Lnvrram                                       nvrram       000000
__Lparam                                        rparam       000000
__Lpowerup                                      powerup      0000CC
__Lram                                          ram          000000
__Lramtop                                       ramtop       000F00
__Lrbit                                         rbit         000000
__Lrbss                                         rbss         000000
__Lrdata                                        rdata        000000
__Lreset_vec                                    reset_vec    000000
__Lrparam                                       rparam       000000
__Lsfr                                          sfr          000000
__Lsmallconst                                   smallconst   000F00
__Lspace_0                                      (abs)        000000
__Lspace_1                                      (abs)        000000
__Lspace_2                                      (abs)        000000
__Lspace_4                                      (abs)        000000
__Lstack                                        stack        000000
__Lstruct                                       struct       000000
__Ltemp                                         temp         00005B
__Ltext                                         text         000000
__Ltext0                                        text0        000000
__Ltext1                                        text1        000000
__Ltext10                                       text10       000000
__Ltext11                                       text11       000000
__Ltext12                                       text12       000000
__Ltext13                                       text13       000000
__Ltext14                                       text14       000000
__Ltext15                                       text15       000000
__Ltext16                                       text16       000000
__Ltext17                                       text17       000000
__Ltext18                                       text18       000000
__Ltext19                                       text19       000000
__Ltext2                                        text2        000000
__Ltext20                                       text20       000000
__Ltext21                                       text21       000000
__Ltext22                                       text22       000000
__Ltext23                                       text23       000000
__Ltext24                                       text24       000000
__Ltext25                                       text25       000000
__Ltext26                                       text26       000000
__Ltext27                                       text27       000000
__Ltext28                                       text28       000000
__Ltext29                                       text29       000000
__Ltext3                                        text3        000000
__Ltext30                                       text30       000000
__Ltext31                                       text31       000000
__Ltext32                                       text32       000000
__Ltext33                                       text33       000000
__Ltext34                                       text34       000000
__Ltext35                                       text35       000000
__Ltext36                                       text36       000000
__Ltext37                                       text37       000000
__Ltext38                                       text38       000000
__Ltext39                                       text39       000000
__Ltext4                                        text4        000000
__Ltext40                                       text40       000000
__Ltext41                                       text41       000000
__Ltext42                                       text42       000000
__Ltext43                                       text43       000000
__Ltext44                                       text44       000000
__Ltext45                                       text45       000000
__Ltext46                                       text46       000000
__Ltext47                                       text47       000000
__Ltext49                                       text49       000000
__Ltext5                                        text5        000000
__Ltext50                                       text50       000000
__Ltext51                                       text51       000000
__Ltext52                                       text52       000000
__Ltext53                                       text53       000000
__Ltext54                                       text54       000000
__Ltext55                                       text55       000000
__Ltext56                                       text56       000000
__Ltext57                                       text57       000000
__Ltext58                                       text58       000000
__Ltext59                                       text59       000000
__Ltext6                                        text6        000000
__Ltext60                                       text60       000000
__Ltext61                                       text61       000000
__Ltext62                                       text62       000000
__Ltext63                                       text63       000000
__Ltext64                                       text64       000000
__Ltext65                                       text65       000000
__Ltext66                                       text66       000000
__Ltext67                                       text67       000000
__Ltext68                                       text68       000000
__Ltext69                                       text69       000000
__Ltext7                                        text7        000000
__Ltext70                                       text70       000000
__Ltext8                                        text8        000000
__Ltext9                                        text9        000000
__S0                                            (abs)        002DB0
__S1                                            (abs)        0000FF
__S2                                            (abs)        000000
__S4                                            (abs)        000000
__S5                                            (abs)        000000
___inthi_sp                                     stack        000000
___intlo_sp                                     stack        000000
___param_bank                                   (abs)        000000
___rparam_used                                  (abs)        000001
___sp                                           stack        000000
___wmul                                         text25       002C10
___wmul@multiplicand                            cstackCOMRAM 000007
___wmul@multiplier                              cstackCOMRAM 000005
___wmul@product                                 cstackCOMRAM 000009
__accesstop                                     (abs)        000060
__activetblptr                                  (abs)        000002
__end_of_Blink_                                 text64       0017E8
__end_of_EUSART1_Initialize                     text44       002760
__end_of_EUSART1_Read                           text7        002B46
__end_of_EUSART1_SetErrorHandler                text47       002D98
__end_of_EUSART1_SetFramingErrorHandler         text46       002D8E
__end_of_EUSART1_SetOverrunErrorHandler         text45       002D84
__end_of_EUSART1_Write                          text28       002D1C
__end_of_EUSART_function                        text27       002D3E
__end_of_INTERRUPT_Initialize                   text43       002DA6
__end_of_INTERRUPT_InterruptManager             intcode      0000CC
__end_of_LCD_Function                           text26       0021B6
__end_of_Minute                                 text68       002CD2
__end_of_OSCILLATOR_Initialize                  text42       002D2E
__end_of_PIN_MANAGER_Initialize                 text41       002B70
__end_of_SYSTEM_Initialize                      text30       002C5C
__end_of_Secondes_5                             text56       002D06
__end_of_TMR0_CallBack                          text67       002AC0
__end_of_TMR0_DefaultInterruptHandler           text69       002DB0
__end_of_TMR0_ISR                               text66       0029D0
__end_of_TMR0_Initialize                        text39       002964
__end_of_TMR0_SetInterruptHandler               text40       002D7A
__end_of_TMR1_CallBack                          text63       002A90
__end_of_TMR1_DefaultInterruptHandler           text65       002DAE
__end_of_TMR1_ISR                               text61       002884
__end_of_TMR1_Initialize                        text37       002810
__end_of_TMR1_SetInterruptHandler               text38       002D70
__end_of_TMR1_WriteTimer                        text62       002C10
__end_of_TMR2_CallBack                          text59       002A60
__end_of_TMR2_DefaultInterruptHandler           text60       002DAC
__end_of_TMR2_ISR                               text58       002B1C
__end_of_TMR2_Initialize                        text35       002CB6
__end_of_TMR2_SetInterruptHandler               text36       002D66
__end_of_TMR3_CallBack                          text55       002A30
__end_of_TMR3_DefaultInterruptHandler           text57       002DAA
__end_of_TMR3_ISR                               text53       00284A
__end_of_TMR3_Initialize                        text33       0027D6
__end_of_TMR3_SetInterruptHandler               text34       002D5C
__end_of_TMR3_WriteTimer                        text3        002B98
__end_of_TMR4_CallBack                          text50       002A00
__end_of_TMR4_DefaultInterruptHandler           text51       002DA8
__end_of_TMR4_ISR                               text49       002AEE
__end_of_TMR4_Initialize                        text31       002C98
__end_of_TMR4_SetInterruptHandler               text32       002D52
__end_of___wmul                                 text25       002C36
__end_of__initialization                        cinit        00267C
__end_of_affiche                                text8        00243C
__end_of_atoi                                   text22       001EFA
__end_of_connect                                text52       001BC8
__end_of_fputc                                  text18       002570
__end_of_fputs                                  text17       002720
__end_of_isalpha                                text21       00279C
__end_of_isdigit                                text24       00292C
__end_of_islower                                text14       0028BC
__end_of_isspace                                text23       0026DC
__end_of_isupper                                text20       0028F4
__end_of_lamp_test                              text29       002078
__end_of_lecture                                text6        0022C0
__end_of_main                                   text0        0024DA
__end_of_pad                                    text15       002386
__end_of_printf                                 text9        002BC0
__end_of_putch                                  text19       002D48
__end_of_reception_                             text2        002CEC
__end_of_reception_affichage                    text5        002C7A
__end_of_strlen                                 text16       00299A
__end_of_toupper                                text13       002630
__end_of_traitementEcran                        text4        001D6A
__end_of_traitementNormale                      text1        001A18
__end_of_vfpfcnvrt                              text11       0012D4
__end_of_vfprintf                               text10       0025D2
__end_of_xtoa                                   text12       0015AC
__end_ofi2_TMR3_WriteTimer                      text54       002BE8
__initialization                                cinit        002630
__mediumconst                                   mediumconst  000000
__pbssBANK0                                     bssBANK0     000060
__pcinit                                        cinit        002630
__pcstackBANK0                                  cstackBANK0  0000C1
__pcstackCOMRAM                                 cstackCOMRAM 000001
__pdataBANK0                                    dataBANK0    0000F9
__pdataCOMRAM                                   dataCOMRAM   000057
__pidataBANK0                                   idataBANK0   002D98
__pidataCOMRAM                                  idataCOMRAM  002D9E
__pintcode                                      intcode      000008
__pnvBANK0                                      nvBANK0      0000E2
__psmallconst                                   smallconst   000F00
__ptext0                                        text0        00243C
__ptext1                                        text1        0017E8
__ptext10                                       text10       002570
__ptext11                                       text11       000F4C
__ptext12                                       text12       0012D4
__ptext13                                       text13       0025D2
__ptext14                                       text14       002884
__ptext15                                       text15       0022C0
__ptext16                                       text16       002964
__ptext17                                       text17       0026DC
__ptext18                                       text18       0024DA
__ptext19                                       text19       002D3E
__ptext2                                        text2        002CD2
__ptext20                                       text20       0028BC
__ptext21                                       text21       002760
__ptext22                                       text22       001D6A
__ptext23                                       text23       00268A
__ptext24                                       text24       0028F4
__ptext25                                       text25       002C10
__ptext26                                       text26       002078
__ptext27                                       text27       002D2E
__ptext28                                       text28       002D06
__ptext29                                       text29       001EFA
__ptext3                                        text3        002B70
__ptext30                                       text30       002C36
__ptext31                                       text31       002C7A
__ptext32                                       text32       002D48
__ptext33                                       text33       00279C
__ptext34                                       text34       002D52
__ptext35                                       text35       002C98
__ptext36                                       text36       002D5C
__ptext37                                       text37       0027D6
__ptext38                                       text38       002D66
__ptext39                                       text39       00292C
__ptext4                                        text4        001BC8
__ptext40                                       text40       002D70
__ptext41                                       text41       002B46
__ptext42                                       text42       002D1C
__ptext43                                       text43       002DA2
__ptext44                                       text44       002720
__ptext45                                       text45       002D7A
__ptext46                                       text46       002D84
__ptext47                                       text47       002D8E
__ptext49                                       text49       002AC0
__ptext5                                        text5        002C5C
__ptext50                                       text50       0029D0
__ptext51                                       text51       002DA6
__ptext52                                       text52       001A18
__ptext53                                       text53       002810
__ptext54                                       text54       002BC0
__ptext55                                       text55       002A00
__ptext56                                       text56       002CEC
__ptext57                                       text57       002DA8
__ptext58                                       text58       002AEE
__ptext59                                       text59       002A30
__ptext6                                        text6        0021B6
__ptext60                                       text60       002DAA
__ptext61                                       text61       00284A
__ptext62                                       text62       002BE8
__ptext63                                       text63       002A60
__ptext64                                       text64       0015AC
__ptext65                                       text65       002DAC
__ptext66                                       text66       00299A
__ptext67                                       text67       002A90
__ptext68                                       text68       002CB6
__ptext69                                       text69       002DAE
__ptext7                                        text7        002B1C
__ptext70                                       text70       000000
__ptext8                                        text8        002386
__ptext9                                        text9        002B98
__ramtop                                        ramtop       000F00
__size_of_Blink_                                (abs)        000000
__size_of_EUSART1_Initialize                    (abs)        000000
__size_of_EUSART1_Read                          (abs)        000000
__size_of_EUSART1_SetErrorHandler               (abs)        000000
__size_of_EUSART1_SetFramingErrorHandler        (abs)        000000
__size_of_EUSART1_SetOverrunErrorHandler        (abs)        000000
__size_of_EUSART1_Write                         (abs)        000000
__size_of_EUSART_function                       (abs)        000000
__size_of_INTERRUPT_Initialize                  (abs)        000000
__size_of_INTERRUPT_InterruptManager            (abs)        000000
__size_of_LCD_Function                          (abs)        000000
__size_of_Minute                                (abs)        000000
__size_of_OSCILLATOR_Initialize                 (abs)        000000
__size_of_PIN_MANAGER_Initialize                (abs)        000000
__size_of_SYSTEM_Initialize                     (abs)        000000
__size_of_Secondes_5                            (abs)        000000
__size_of_TMR0_CallBack                         (abs)        000000
__size_of_TMR0_DefaultInterruptHandler          (abs)        000000
__size_of_TMR0_ISR                              (abs)        000000
__size_of_TMR0_Initialize                       (abs)        000000
__size_of_TMR0_SetInterruptHandler              (abs)        000000
__size_of_TMR1_CallBack                         (abs)        000000
__size_of_TMR1_DefaultInterruptHandler          (abs)        000000
__size_of_TMR1_ISR                              (abs)        000000
__size_of_TMR1_Initialize                       (abs)        000000
__size_of_TMR1_SetInterruptHandler              (abs)        000000
__size_of_TMR1_WriteTimer                       (abs)        000000
__size_of_TMR2_CallBack                         (abs)        000000
__size_of_TMR2_DefaultInterruptHandler          (abs)        000000
__size_of_TMR2_ISR                              (abs)        000000
__size_of_TMR2_Initialize                       (abs)        000000
__size_of_TMR2_SetInterruptHandler              (abs)        000000
__size_of_TMR3_CallBack                         (abs)        000000
__size_of_TMR3_DefaultInterruptHandler          (abs)        000000
__size_of_TMR3_ISR                              (abs)        000000
__size_of_TMR3_Initialize                       (abs)        000000
__size_of_TMR3_SetInterruptHandler              (abs)        000000
__size_of_TMR3_WriteTimer                       (abs)        000000
__size_of_TMR4_CallBack                         (abs)        000000
__size_of_TMR4_DefaultInterruptHandler          (abs)        000000
__size_of_TMR4_ISR                              (abs)        000000
__size_of_TMR4_Initialize                       (abs)        000000
__size_of_TMR4_SetInterruptHandler              (abs)        000000
__size_of___wmul                                (abs)        000000
__size_of_affiche                               (abs)        000000
__size_of_atoi                                  (abs)        000000
__size_of_connect                               (abs)        000000
__size_of_fputc                                 (abs)        000000
__size_of_fputs                                 (abs)        000000
__size_of_isalpha                               (abs)        000000
__size_of_isdigit                               (abs)        000000
__size_of_islower                               (abs)        000000
__size_of_isspace                               (abs)        000000
__size_of_isupper                               (abs)        000000
__size_of_lamp_test                             (abs)        000000
__size_of_lecture                               (abs)        000000
__size_of_main                                  (abs)        000000
__size_of_pad                                   (abs)        000000
__size_of_printf                                (abs)        000000
__size_of_putch                                 (abs)        000000
__size_of_reception_                            (abs)        000000
__size_of_reception_affichage                   (abs)        000000
__size_of_strlen                                (abs)        000000
__size_of_toupper                               (abs)        000000
__size_of_traitementEcran                       (abs)        000000
__size_of_traitementNormale                     (abs)        000000
__size_of_vfpfcnvrt                             (abs)        000000
__size_of_vfprintf                              (abs)        000000
__size_of_xtoa                                  (abs)        000000
__size_ofi2_TMR3_WriteTimer                     (abs)        000000
__smallconst                                    smallconst   000F00
_affiche                                        text8        002386
_atoi                                           text22       001D6A
_atoi$2344                                      cstackCOMRAM 000014
_atoi$2345                                      cstackCOMRAM 000018
_atoi$2346                                      cstackCOMRAM 000016
_c                                              bssBANK0     00007B
_connect                                        text52       001A18
_connexion                                      dataCOMRAM   000057
_dbuf                                           bssBANK0     0000A1
_eusart1RxLastError                             bssBANK0     0000A0
_flags                                          bssBANK0     000079
_fputc                                          text18       0024DA
_fputs                                          text17       0026DC
_goback                                         dataBANK0    0000FD
_i                                              bssBANK0     000093
_isalpha                                        text21       002760
_isdigit                                        text24       0028F4
_islower                                        text14       002884
_isspace                                        text23       00268A
_isspace$2371                                   cstackCOMRAM 00000B
_isupper                                        text20       0028BC
_lamp_test                                      text29       001EFA
_lecture                                        text6        0021B6
_m                                              bssBANK0     00008F
_main                                           text0        00243C
_minute                                         dataBANK0    0000FB
_nout                                           bssBANK0     000073
_pad                                            text15       0022C0
_perte                                          dataCOMRAM   000058
_plat                                           dataBANK0    0000FA
_prec                                           bssBANK0     000077
_printf                                         text9        002B98
_putch                                          text19       002D3E
_reception_                                     text2        002CD2
_reception_affichage                            text5        002C5C
_saving                                         dataBANK0    0000F9
_sec5                                           dataBANK0    0000FC
_strlen                                         text16       002964
_t1                                             bssBANK0     00008D
_t2                                             bssBANK0     00008B
_t3                                             bssBANK0     000089
_timer0ReloadVal                                nvBANK0      0000EA
_timer1ReloadVal                                nvBANK0      0000F0
_timer3ReloadVal                                nvBANK0      0000E8
_toupper                                        text13       0025D2
_toupper$2420                                   cstackCOMRAM 000011
_traitementEcran                                text4        001BC8
_traitementNormale                              text1        0017E8
_trame                                          bssBANK0     000060
_vfpfcnvrt                                      text11       000F4C
_vfpfcnvrt$2326                                 cstackBANK0  0000CB
_vfprintf                                       text10       002570
_width                                          bssBANK0     000075
_xtoa                                           text12       0012D4
_xtoa$2310                                      cstackCOMRAM 000035
_xtoa$2311                                      cstackCOMRAM 000037
atoi@n                                          cstackCOMRAM 000019
atoi@neg                                        cstackCOMRAM 000012
atoi@s                                          cstackCOMRAM 00000C
btemp                                           temp         00005B
end_of_initialization                           cinit        00267C
fputc@c                                         cstackCOMRAM 000007
fputc@fp                                        cstackCOMRAM 000009
fputs@c                                         cstackCOMRAM 000014
fputs@fp                                        cstackCOMRAM 000012
fputs@i                                         cstackCOMRAM 000015
fputs@s                                         cstackCOMRAM 000010
i2TMR3_WriteTimer@timerVal                      cstackCOMRAM 000001
i2_TMR3_WriteTimer                              text54       002BC0
int$flags                                       temp         00005B
intlevel0                                       text         000000
intlevel1                                       text         000000
intlevel2                                       text         000000
intlevel3                                       text         000000
isalpha@c                                       cstackCOMRAM 000005
isdigit@c                                       cstackCOMRAM 000005
islower@c                                       cstackCOMRAM 000005
isspace@c                                       cstackCOMRAM 000005
isupper@c                                       cstackCOMRAM 000005
lamp_test@j                                     cstackCOMRAM 00000B
lamp_test@j_1759                                cstackCOMRAM 00000D
lamp_test@j_1761                                cstackCOMRAM 000009
lamp_test@k                                     cstackCOMRAM 000007
pad@buf                                         cstackCOMRAM 000019
pad@fp                                          cstackCOMRAM 000017
pad@i                                           cstackCOMRAM 00001E
pad@p                                           cstackCOMRAM 00001B
pad@w                                           cstackCOMRAM 000020
printf@ap                                       cstackBANK0  0000DC
printf@fmt                                      cstackBANK0  0000D4
putch@txData                                    cstackCOMRAM 000006
stackhi                                         (abs)        000E40
stacklo                                         (abs)        0000FF
start                                           init         0000CC
start_initialization                            cinit        002630
strlen@a                                        cstackCOMRAM 000007
strlen@s                                        cstackCOMRAM 000005
toupper@c                                       cstackCOMRAM 00000B
ttemp5                                          temp         00005C
ttemp6                                          temp         00005F
ttemp7                                          temp         000063
vfpfcnvrt@ap                                    cstackCOMRAM 00004D
vfpfcnvrt@c                                     cstackBANK0  0000CD
vfpfcnvrt@done                                  cstackBANK0  0000C9
vfpfcnvrt@fmt                                   cstackCOMRAM 00004B
vfpfcnvrt@fp                                    cstackCOMRAM 000049
vfpfcnvrt@llu                                   cstackBANK0  0000C1
vfprintf@ap                                     cstackBANK0  0000D2
vfprintf@cfmt                                   cstackCOMRAM 000053
vfprintf@fmt                                    cstackBANK0  0000D0
vfprintf@fp                                     cstackBANK0  0000CE
wtemp8                                          temp         00005C
xtoa@c                                          cstackCOMRAM 000047
xtoa@d                                          cstackCOMRAM 000024
xtoa@fp                                         cstackCOMRAM 000022
xtoa@i                                          cstackCOMRAM 000045
xtoa@n                                          cstackCOMRAM 00003D
xtoa@p                                          cstackCOMRAM 000039
xtoa@w                                          cstackCOMRAM 00003B
xtoa@x                                          cstackCOMRAM 00002C


FUNCTION INFORMATION:

 *************** function _main *****************
 Defined at:
		line 94 in file "main.c"
 Parameters:    Size  Location     Type
		None
 Auto vars:     Size  Location     Type
		None
 Return value:  Size  Location     Type
                  1    wreg      void 
 Registers used:
		wreg, fsr1l, fsr1h, fsr2l, fsr2h, status,2, status,0, tblptrl, tblptrh, tblptru, prodl, prodh, cstack
 Tracked objects:
		On entry : 
		On exit  : 
		Unchanged: 
 Data sizes:     COMRAM   BANK0   BANK1   BANK2   BANK3   BANK4   BANK5   BANK6   BANK7   BANK8   BANK9  BANK10  BANK11  BANK12  BANK13  BANK14
      Params:         0       0       0       0       0       0       0       0       0       0       0       0       0       0       0       0
      Locals:         0       0       0       0       0       0       0       0       0       0       0       0       0       0       0       0
      Temps:          0       0       0       0       0       0       0       0       0       0       0       0       0       0       0       0
      Totals:         0       0       0       0       0       0       0       0       0       0       0       0       0       0       0       0
Total ram usage:        0 bytes
 Hardware stack levels required when called:   17
 This function calls:
		_SYSTEM_Initialize
		_TMR0_SetInterruptHandler
		_TMR1_SetInterruptHandler
		_TMR3_Initialize
		_TMR3_SetInterruptHandler
		_TMR4_SetInterruptHandler
		_lamp_test
		_traitementEcran
		_traitementNormale
 This function is called by:
		Startup code after reset
 This function uses a non-reentrant model


 *************** function _traitementNormale *****************
 Defined at:
		line 304 in file "main.c"
 Parameters:    Size  Location     Type
		None
 Auto vars:     Size  Location     Type
		None
 Return value:  Size  Location     Type
                  1    wreg      void 
 Registers used:
		wreg, fsr1l, fsr1h, fsr2l, fsr2h, status,2, status,0, tblptrl, tblptrh, tblptru, prodl, prodh, cstack
 Tracked objects:
		On entry : 
		On exit  : 
		Unchanged: 
 Data sizes:     COMRAM   BANK0   BANK1   BANK2   BANK3   BANK4   BANK5   BANK6   BANK7   BANK8   BANK9  BANK10  BANK11  BANK12  BANK13  BANK14
      Params:         0       0       0       0       0       0       0       0       0       0       0       0       0       0       0       0
      Locals:         0       0       0       0       0       0       0       0       0       0       0       0       0       0       0       0
      Temps:          0       4       0       0       0       0       0       0       0       0       0       0       0       0       0       0
      Totals:         0       4       0       0       0       0       0       0       0       0       0       0       0       0       0       0
Total ram usage:        4 bytes
 Hardware stack levels used:    1
 Hardware stack levels required when called:   16
 This function calls:
		_TMR3_WriteTimer
		_lecture
		_reception_
		_reception_affichage
 This function is called by:
		_main
 This function uses a non-reentrant model


 *************** function _reception_ *****************
 Defined at:
		line 418 in file "main.c"
 Parameters:    Size  Location     Type
		None
 Auto vars:     Size  Location     Type
		None
 Return value:  Size  Location     Type
                  1    wreg      void 
 Registers used:
		wreg, fsr2l, fsr2h, status,2, status,0, cstack
 Tracked objects:
		On entry : 
		On exit  : 
		Unchanged: 
 Data sizes:     COMRAM   BANK0   BANK1   BANK2   BANK3   BANK4   BANK5   BANK6   BANK7   BANK8   BANK9  BANK10  BANK11  BANK12  BANK13  BANK14
      Params:         0       0       0       0       0       0       0       0       0       0       0       0       0       0       0       0
      Locals:         0       0       0       0       0       0       0       0       0       0       0       0       0       0       0       0
      Temps:          0       0       0       0       0       0       0       0       0       0       0       0       0       0       0       0
      Totals:         0       0       0       0       0       0       0       0       0       0       0       0       0       0       0       0
Total ram usage:        0 bytes
 Hardware stack levels used:    1
 Hardware stack levels required when called:    7
 This function calls:
		_lecture
 This function is called by:
		_traitementNormale
 This function uses a non-reentrant model


 *************** function _TMR3_WriteTimer *****************
 Defined at:
		line 120 in file "mcc_generated_files/tmr3.c"
 Parameters:    Size  Location     Type
  timerVal        2    4[COMRAM] unsigned short 
 Auto vars:     Size  Location     Type
		None
 Return value:  Size  Location     Type
[...]
 Parameters:    Size  Location     Type
		None
 Auto vars:     Size  Location     Type
		None
 Return value:  Size  Location     Type
                  1    wreg      void 
 Registers used:
		None
 Tracked objects:
		On entry : 
		On exit  : 
		Unchanged: 
 Data sizes:     COMRAM   BANK0   BANK1   BANK2   BANK3   BANK4   BANK5   BANK6   BANK7   BANK8   BANK9  BANK10  BANK11  BANK12  BANK13  BANK14
      Params:         0       0       0       0       0       0       0       0       0       0       0       0       0       0       0       0
      Locals:         0       0       0       0       0       0       0       0       0       0       0       0       0       0       0       0
      Temps:          0       0       0       0       0       0       0       0       0       0       0       0       0       0       0       0
      Totals:         0       0       0       0       0       0       0       0       0       0       0       0       0       0       0       0
Total ram usage:        0 bytes
 Hardware stack levels used:    1
 This function calls:
		Nothing
 This function is called by:
		_TMR2_Initialize
		_TMR2_CallBack
 This function uses a non-reentrant model


 *************** function _TMR1_ISR *****************
 Defined at:
		line 157 in file "mcc_generated_files/tmr1.c"
 Parameters:    Size  Location     Type
		None
 Auto vars:     Size  Location     Type
		None
 Return value:  Size  Location     Type
                  1    wreg      void 
 Registers used:
		wreg, status,2, status,0, pclath, tosl, cstack
 Tracked objects:
		On entry : 
		On exit  : 
		Unchanged: 
 Data sizes:     COMRAM   BANK0   BANK1   BANK2   BANK3   BANK4   BANK5   BANK6   BANK7   BANK8   BANK9  BANK10  BANK11  BANK12  BANK13  BANK14
      Params:         0       0       0       0       0       0       0       0       0       0       0       0       0       0       0       0
      Locals:         0       0       0       0       0       0       0       0       0       0       0       0       0       0       0       0
      Temps:          0       0       0       0       0       0       0       0       0       0       0       0       0       0       0       0
      Totals:         0       0       0       0       0       0       0       0       0       0       0       0       0       0       0       0
Total ram usage:        0 bytes
 Hardware stack levels used:    1
 Hardware stack levels required when called:    2
 This function calls:
		_TMR1_CallBack
		_TMR1_WriteTimer
 This function is called by:
		_INTERRUPT_InterruptManager
 This function uses a non-reentrant model


 *************** function _TMR1_WriteTimer *****************
 Defined at:
		line 120 in file "mcc_generated_files/tmr1.c"
 Parameters:    Size  Location     Type
  timerVal        2    0[COMRAM] unsigned short 
 Auto vars:     Size  Location     Type
		None
 Return value:  Size  Location     Type
                  1    wreg      void 
 Registers used:
		wreg, status,2
 Tracked objects:
		On entry : 
		On exit  : 
		Unchanged: 
 Data sizes:     COMRAM   BANK0   BANK1   BANK2   BANK3   BANK4   BANK5   BANK6   BANK7   BANK8   BANK9  BANK10  BANK11  BANK12  BANK13  BANK14
      Params:         2       0       0       0       0       0       0       0       0       0       0       0       0       0       0       0
      Locals:         0       0       0       0       0       0       0       0       0       0       0       0       0       0       0       0
      Temps:          0       0       0       0       0       0       0       0       0       0       0       0       0       0       0       0
      Totals:         2       0       0       0       0       0       0       0       0       0       0       0       0       0       0       0
Total ram usage:        2 bytes
 Hardware stack levels used:    1
 This function calls:
		Nothing
 This function is called by:
		_TMR1_ISR
		_connect
		_TMR1_Reload
 This function uses a non-reentrant model


 *************** function _TMR1_CallBack *****************
 Defined at:
		line 176 in file "mcc_generated_files/tmr1.c"
 Parameters:    Size  Location     Type
		None
 Auto vars:     Size  Location     Type
		None
 Return value:  Size  Location     Type
                  1    wreg      void 
 Registers used:
		wreg, status,2, status,0, pclath, tosl, cstack
 Tracked objects:
		On entry : 
		On exit  : 
		Unchanged: 
 Data sizes:     COMRAM   BANK0   BANK1   BANK2   BANK3   BANK4   BANK5   BANK6   BANK7   BANK8   BANK9  BANK10  BANK11  BANK12  BANK13  BANK14
      Params:         0       0       0       0       0       0       0       0       0       0       0       0       0       0       0       0
      Locals:         0       0       0       0       0       0       0       0       0       0       0       0       0       0       0       0
      Temps:          0       0       0       0       0       0       0       0       0       0       0       0       0       0       0       0
      Totals:         0       0       0       0       0       0       0       0       0       0       0       0       0       0       0       0
Total ram usage:        0 bytes
 Hardware stack levels used:    1
 Hardware stack levels required when called:    1
 This function calls:
		Absolute function
		_Blink_
		_TMR1_DefaultInterruptHandler
 This function is called by:
		_TMR1_ISR
 This function uses a non-reentrant model


 *************** function _Blink_ *****************
 Defined at:
		line 161 in file "main.c"
 Parameters:    Size  Location     Type
		None
 Auto vars:     Size  Location     Type
		None
 Return value:  Size  Location     Type
                  1    wreg      void 
 Registers used:
		wreg, status,2, status,0
 Tracked objects:
		On entry : 
		On exit  : 
		Unchanged: 
 Data sizes:     COMRAM   BANK0   BANK1   BANK2   BANK3   BANK4   BANK5   BANK6   BANK7   BANK8   BANK9  BANK10  BANK11  BANK12  BANK13  BANK14
      Params:         0       0       0       0       0       0       0       0       0       0       0       0       0       0       0       0
      Locals:         0       0       0       0       0       0       0       0       0       0       0       0       0       0       0       0
      Temps:          2       0       0       0       0       0       0       0       0       0       0       0       0       0       0       0
      Totals:         2       0       0       0       0       0       0       0       0       0       0       0       0       0       0       0
Total ram usage:        2 bytes
 Hardware stack levels used:    1
 This function calls:
		Nothing
 This function is called by:
		_main
		_TMR1_CallBack
 This function uses a non-reentrant model


 *************** function _TMR1_DefaultInterruptHandler *****************
 Defined at:
		line 189 in file "mcc_generated_files/tmr1.c"
 Parameters:    Size  Location     Type
		None
 Auto vars:     Size  Location     Type
		None
 Return value:  Size  Location     Type
                  1    wreg      void 
 Registers used:
		None
 Tracked objects:
		On entry : 
		On exit  : 
		Unchanged: 
 Data sizes:     COMRAM   BANK0   BANK1   BANK2   BANK3   BANK4   BANK5   BANK6   BANK7   BANK8   BANK9  BANK10  BANK11  BANK12  BANK13  BANK14
      Params:         0       0       0       0       0       0       0       0       0       0       0       0       0       0       0       0
      Locals:         0       0       0       0       0       0       0       0       0       0       0       0       0       0       0       0
      Temps:          0       0       0       0       0       0       0       0       0       0       0       0       0       0       0       0
      Totals:         0       0       0       0       0       0       0       0       0       0       0       0       0       0       0       0
Total ram usage:        0 bytes
 Hardware stack levels used:    1
 This function calls:
		Nothing
 This function is called by:
		_TMR1_Initialize
		_TMR1_CallBack
 This function uses a non-reentrant model


 *************** function _TMR0_ISR *****************
 Defined at:
		line 136 in file "mcc_generated_files/tmr0.c"
 Parameters:    Size  Location     Type
		None
 Auto vars:     Size  Location     Type
		None
 Return value:  Size  Location     Type
                  1    wreg      void 
 Registers used:
		wreg, status,2, status,0, pclath, tosl, cstack
 Tracked objects:
		On entry : 
		On exit  : 
		Unchanged: 
 Data sizes:     COMRAM   BANK0   BANK1   BANK2   BANK3   BANK4   BANK5   BANK6   BANK7   BANK8   BANK9  BANK10  BANK11  BANK12  BANK13  BANK14
      Params:         0       0       0       0       0       0       0       0       0       0       0       0       0       0       0       0
      Locals:         0       0       0       0       0       0       0       0       0       0       0       0       0       0       0       0
      Temps:          0       0       0       0       0       0       0       0       0       0       0       0       0       0       0       0
      Totals:         0       0       0       0       0       0       0       0       0       0       0       0       0       0       0       0
Total ram usage:        0 bytes
 Hardware stack levels used:    1
 Hardware stack levels required when called:    2
 This function calls:
		_TMR0_CallBack
 This function is called by:
		_INTERRUPT_InterruptManager
 This function uses a non-reentrant model


 *************** function _TMR0_CallBack *****************
 Defined at:
		line 161 in file "mcc_generated_files/tmr0.c"
 Parameters:    Size  Location     Type
		None
 Auto vars:     Size  Location     Type
		None
 Return value:  Size  Location     Type
                  1    wreg      void 
 Registers used:
		wreg, status,2, status,0, pclath, tosl, cstack
 Tracked objects:
		On entry : 
		On exit  : 
		Unchanged: 
 Data sizes:     COMRAM   BANK0   BANK1   BANK2   BANK3   BANK4   BANK5   BANK6   BANK7   BANK8   BANK9  BANK10  BANK11  BANK12  BANK13  BANK14
      Params:         0       0       0       0       0       0       0       0       0       0       0       0       0       0       0       0
      Locals:         0       0       0       0       0       0       0       0       0       0       0       0       0       0       0       0
      Temps:          0       0       0       0       0       0       0       0       0       0       0       0       0       0       0       0
      Totals:         0       0       0       0       0       0       0       0       0       0       0       0       0       0       0       0
Total ram usage:        0 bytes
 Hardware stack levels used:    1
 Hardware stack levels required when called:    1
 This function calls:
		Absolute function
		_Minute
		_TMR0_DefaultInterruptHandler
 This function is called by:
		_TMR0_ISR
 This function uses a non-reentrant model


 *************** function _Minute *****************
 Defined at:
		line 224 in file "main.c"
 Parameters:    Size  Location     Type
		None
 Auto vars:     Size  Location     Type
		None
 Return value:  Size  Location     Type
                  1    wreg      void 
 Registers used:
		wreg, status,2
 Tracked objects:
		On entry : 
		On exit  : 
		Unchanged: 
 Data sizes:     COMRAM   BANK0   BANK1   BANK2   BANK3   BANK4   BANK5   BANK6   BANK7   BANK8   BANK9  BANK10  BANK11  BANK12  BANK13  BANK14
      Params:         0       0       0       0       0       0       0       0       0       0       0       0       0       0       0       0
      Locals:         0       0       0       0       0       0       0       0       0       0       0       0       0       0       0       0
      Temps:          0       0       0       0       0       0       0       0       0       0       0       0       0       0       0       0
      Totals:         0       0       0       0       0       0       0       0       0       0       0       0       0       0       0       0
Total ram usage:        0 bytes
 Hardware stack levels used:    1
 This function calls:
		Nothing
 This function is called by:
		_main
		_TMR0_CallBack
 This function uses a non-reentrant model


 *************** function _TMR0_DefaultInterruptHandler *****************
 Defined at:
		line 175 in file "mcc_generated_files/tmr0.c"
 Parameters:    Size  Location     Type
		None
 Auto vars:     Size  Location     Type
		None
 Return value:  Size  Location     Type
                  1    wreg      void 
 Registers used:
		None
 Tracked objects:
		On entry : 
		On exit  : 
		Unchanged: 
 Data sizes:     COMRAM   BANK0   BANK1   BANK2   BANK3   BANK4   BANK5   BANK6   BANK7   BANK8   BANK9  BANK10  BANK11  BANK12  BANK13  BANK14
      Params:         0       0       0       0       0       0       0       0       0       0       0       0       0       0       0       0
      Locals:         0       0       0       0       0       0       0       0       0       0       0       0       0       0       0       0
      Temps:          0       0       0       0       0       0       0       0       0       0       0       0       0       0       0       0
      Totals:         0       0       0       0       0       0       0       0       0       0       0       0       0       0       0       0
Total ram usage:        0 bytes
 Hardware stack levels used:    1
 This function calls:
		Nothing
 This function is called by:
		_TMR0_Initialize
		_TMR0_CallBack
 This function uses a non-reentrant model



MODULE INFORMATION

Module		Function		Class		Link	Load	Size
C:\Program Files\Microchip\xc8\v2.31\pic\sources\c99\common\isdigit.c
		_isdigit       		CODE           	28F4	0000	56

C:\Program Files\Microchip\xc8\v2.31\pic\sources\c99\common\isdigit.c estimated size: 56

mcc_generated_files/tmr4.c
		_TMR4_ISR      		CODE           	2AC0	0000	46
		_TMR4_Initialize		CODE           	2C7A	0000	30
		_TMR4_SetInterruptHandler		CODE           	2D48	0000	10
		_TMR4_DefaultInterruptHandler		CODE           	2DA6	0000	2
		_TMR4_CallBack 		CODE           	29D0	0000	48

mcc_generated_files/tmr4.c estimated size: 136

C:\Program Files\Microchip\xc8\v2.31\pic\sources\c99\common\nf_fputs.c
		_fputs         		CODE           	26DC	0000	68

C:\Program Files\Microchip\xc8\v2.31\pic\sources\c99\common\nf_fputs.c estimated size: 68

mcc_generated_files/tmr2.c
		_TMR2_ISR      		CODE           	2AEE	0000	46
		_TMR2_Initialize		CODE           	2C98	0000	30
		_TMR2_SetInterruptHandler		CODE           	2D5C	0000	10
		_TMR2_DefaultInterruptHandler		CODE           	2DAA	0000	2
		_TMR2_CallBack 		CODE           	2A30	0000	48

mcc_generated_files/tmr2.c estimated size: 136

mcc_generated_files/interrupt_manager.c
		_INTERRUPT_Initialize		CODE           	2DA2	0000	4
		_INTERRUPT_InterruptManager		CODE           	0008	0000	196

mcc_generated_files/interrupt_manager.c estimated size: 200

C:\Program Files\Microchip\xc8\v2.31\pic\sources\c99\common\printf.c
		_printf        		CODE           	2B98	0000	40

C:\Program Files\Microchip\xc8\v2.31\pic\sources\c99\common\printf.c estimated size: 40

mcc_generated_files/tmr0.c
		_TMR0_SetInterruptHandler		CODE           	2D70	0000	10
		_TMR0_DefaultInterruptHandler		CODE           	2DAE	0000	2
		_TMR0_CallBack 		CODE           	2A90	0000	48
		_TMR0_ISR      		CODE           	299A	0000	54
		_TMR0_Initialize		CODE           	292C	0000	56

mcc_generated_files/tmr0.c estimated size: 170

C:\Program Files\Microchip\xc8\v2.31\pic\sources\c99\common\atoi.c
		_atoi          		CODE           	1D6A	0000	400

C:\Program Files\Microchip\xc8\v2.31\pic\sources\c99\common\atoi.c estimated size: 400

C:\Program Files\Microchip\xc8\v2.31\pic\sources\c99\common\strlen.c
		_strlen        		CODE           	2964	0000	54

C:\Program Files\Microchip\xc8\v2.31\pic\sources\c99\common\strlen.c estimated size: 54

mcc_generated_files/pin_manager.c
		_PIN_MANAGER_Initialize		CODE           	2B46	0000	42

mcc_generated_files/pin_manager.c estimated size: 42

C:\Program Files\Microchip\xc8\v2.31\pic\sources\c99\common\isupper.c
		_isupper       		CODE           	28BC	0000	56

C:\Program Files\Microchip\xc8\v2.31\pic\sources\c99\common\isupper.c estimated size: 56

C:\Program Files\Microchip\xc8\v2.31\pic\sources\c99\common\nf_fputc.c
		_fputc         		CODE           	24DA	0000	150

C:\Program Files\Microchip\xc8\v2.31\pic\sources\c99\common\nf_fputc.c estimated size: 150

shared
		i2_TMR3_WriteTimer		CODE           	2BC0	0000	40
		__initialization		CODE           	2630	0000	76

shared estimated size: 116

mcc_generated_files/eusart1.c
		_EUSART1_Initialize		CODE           	2720	0000	64
		_putch         		CODE           	2D3E	0000	10
		_EUSART1_SetFramingErrorHandler		CODE           	2D84	0000	10
		_EUSART1_Read  		CODE           	2B1C	0000	42
		_EUSART1_SetOverrunErrorHandler		CODE           	2D7A	0000	10
		_EUSART1_SetErrorHandler		CODE           	2D8E	0000	10
		_EUSART1_Write 		CODE           	2D06	0000	22

mcc_generated_files/eusart1.c estimated size: 168

C:\Program Files\Microchip\xc8\v2.31\pic\sources\c99\common\islower.c
		_islower       		CODE           	2884	0000	56

C:\Program Files\Microchip\xc8\v2.31\pic\sources\c99\common\islower.c estimated size: 56

mcc_generated_files/mcc.c
		_OSCILLATOR_Initialize		CODE           	2D1C	0000	18
		_SYSTEM_Initialize		CODE           	2C36	0000	38

mcc_generated_files/mcc.c estimated size: 56

mcc_generated_files/tmr3.c
		_TMR3_ISR      		CODE           	2810	0000	58
		_TMR3_Initialize		CODE           	279C	0000	58
		_TMR3_SetInterruptHandler		CODE           	2D52	0000	10
		_TMR3_DefaultInterruptHandler		CODE           	2DA8	0000	2
		_TMR3_CallBack 		CODE           	2A00	0000	48
		_TMR3_WriteTimer		CODE           	2B70	0000	40

mcc_generated_files/tmr3.c estimated size: 216

mcc_generated_files/tmr1.c
		_TMR1_Initialize		CODE           	27D6	0000	58
		_TMR1_SetInterruptHandler		CODE           	2D66	0000	10
		_TMR1_DefaultInterruptHandler		CODE           	2DAC	0000	2
		_TMR1_CallBack 		CODE           	2A60	0000	48
		_TMR1_WriteTimer		CODE           	2BE8	0000	40
		_TMR1_ISR      		CODE           	284A	0000	58

mcc_generated_files/tmr1.c estimated size: 216

C:\Program Files\Microchip\xc8\v2.31\pic\sources\c99\common\doprnt.c
		_vfpfcnvrt     		CODE           	0F4C	0000	904
		_pad           		CODE           	22C0	0000	198
		_vfprintf      		CODE           	2570	0000	98
		_xtoa          		CODE           	12D4	0000	728

C:\Program Files\Microchip\xc8\v2.31\pic\sources\c99\common\doprnt.c estimated size: 1928

C:\Program Files\Microchip\xc8\v2.31\pic\sources\c99\common\toupper.c
		_toupper       		CODE           	25D2	0000	94

C:\Program Files\Microchip\xc8\v2.31\pic\sources\c99\common\toupper.c estimated size: 94

C:\Program Files\Microchip\xc8\v2.31\pic\sources\c99\common\isalpha.c
		_isalpha       		CODE           	2760	0000	60

C:\Program Files\Microchip\xc8\v2.31\pic\sources\c99\common\isalpha.c estimated size: 60

C:\Program Files\Microchip\xc8\v2.31\pic\sources\c99\common\isspace.c
		_isspace       		CODE           	268A	0000	82

C:\Program Files\Microchip\xc8\v2.31\pic\sources\c99\common\isspace.c estimated size: 82

C:\Program Files\Microchip\xc8\v2.31\pic\sources\c99\common\Umul16.c
		___wmul        		CODE           	2C10	0000	38

C:\Program Files\Microchip\xc8\v2.31\pic\sources\c99\common\Umul16.c estimated size: 38

main.c
		_affiche       		CODE           	2386	0000	182
		_Blink_        		CODE           	15AC	0000	572
		_traitementEcran		CODE           	1BC8	0000	418
		_main          		CODE           	243C	0000	158
		_lamp_test     		CODE           	1EFA	0000	382
		_LCD_Function  		CODE           	2078	0000	318
		_lecture       		CODE           	21B6	0000	266
		_reception_affichage		CODE           	2C5C	0000	30
		_Minute        		CODE           	2CB6	0000	28
		_EUSART_function		CODE           	2D2E	0000	16
		_Secondes_5    		CODE           	2CEC	0000	26
		_reception_    		CODE           	2CD2	0000	26
		_traitementNormale		CODE           	17E8	0000	560
		_connect       		CODE           	1A18	0000	432

main.c estimated size: 3414

